Python 2.7.11 (v2.7.11:6d1b6a68f775, Dec  5 2015, 12:54:16) 
[GCC 4.2.1 (Apple Inc. build 5666) (dot 3)] on darwin
Type "copyright", "credits" or "license()" for more information.
>>> 

>>> import requests
>>> import sympy
>>> 
>>> 
>>> # Tour of SymPy
>>> from sympy import *
>>> t, x, y, z = symbols('t x y z')
>>> 
>>> f = x ** 2 + y / z
>>> f
x**2 + y/z
>>> 
>>> diff(sin(3*x) * exp(5/x), x)
3*exp(5/x)*cos(3*x) - 5*exp(5/x)*sin(3*x)/x**2
>>> 
>>> float('NaN')
nan
>>> 1 / float('Infinity')
0.0
>>> 1 / float('-Infinity')
-0.0
>>> 
>>> oo
oo
>>> -oo
-oo
>>> integrate(sin(x**2) / 5, (x, -oo, oo))
sqrt(2)*sqrt(pi)/10
>>> 
>>> solve(x**2 - 2, x)
[-sqrt(2), sqrt(2)]
>>> 
>>> 
>>> 
>>> # Tour of Reverend Thomas Bayes
>>> # Naive Bayesian Classifiers
>>> 
>>> from reverend.thomas import Bayes
>>> gender = Bayes()
>>> gender.train('male', 'adam raymond tom chris pat david charlie chris tom hank martin')
>>> gender.train('female', 'becky chris daisy mary pat sue sheila rachel pat mary darlene')
>>> 
>>> gender.guess('david')
[('male', 0.9999)]
>>> gender.guess('daisy')
[('female', 0.9999)]
>>> gender.guess('chris')
[('male', 0.6666666666666667), ('female', 0.33333333333333337)]
>>> gender.guess('pat')
[('female', 0.6666666666666667), ('male', 0.33333333333333337)]
>>> 
>>> gender.train('male', 'blue red orange while red yellow red orange yellow orange')
>>> gender.train('female', 'blue green blue green red yellow pink purple blue purple green')
>>> 
>>> gender.guess('green')
[('female', 0.9999)]
>>> gender.guess('yellow')
[('male', 0.65625), ('female', 0.34375)]
>>> gender.guess('orange')
[('male', 0.9999)]
>>> gender.guess('blue')
[('female', 0.7586206896551724), ('male', 0.24137931034482762)]
>>> 
>>> gender.guess('chris orange')
[('male', 0.8395825176395604), ('female', 0.34375)]
>>> gender.guess('chris pink')
[('female', 0.7056633683228356), ('male', 0.65625)]
>>> 
>>> 
==== RESTART: /Users/raymond/Dropbox/Public/sj141/language_classifier.py ====
>>> phrases.split()
['all', 'the', 'leaves', 'are', 'brown', 'and', 'the', 'sky', 'is', 'grey', 'de', 'colored,', 'de', 'colored,', 'todo', 'los', 'colores', 'jingle', 'bells,', 'jingle', 'bells,', 'jingle', 'all', 'the', 'way,', 'oh', 'what', 'fun', 'it', 'is', 'to', 'ride', 'casca', 'belles', 'casca', 'belles', 'hoy', 'es', 'navidad,', 'es', 'un', 'dia', 'de', 'allegria', 'y', 'felicidad']
>>> phrases.splitlines()
['all the leaves are brown and the sky is grey', 'de colored, de colored, todo los colores', 'jingle bells, jingle bells, jingle all the way, oh what fun it is to ride', 'casca belles casca belles hoy es navidad, es un dia de allegria y felicidad']
>>> # source myproj/bin/activate
>>> 
==== RESTART: /Users/raymond/Dropbox/Public/sj141/language_classifier.py ====
>>> 
==== RESTART: /Users/raymond/Dropbox/Public/sj141/language_classifier.py ====
>>> 
==== RESTART: /Users/raymond/Dropbox/Public/sj141/language_classifier.py ====

Traceback (most recent call last):
  File "/Users/raymond/Dropbox/Public/sj141/language_classifier.py", line 21, in <module>
    lang = language.guess(phrase)[0][0]
IndexError: list index out of range
>>> 
==== RESTART: /Users/raymond/Dropbox/Public/sj141/language_classifier.py ====
[] --> all the leaves are brown and the sky is grey
[] --> de colored, de colored, todo los colores
[] --> jingle bells, jingle bells, jingle all the way, oh what fun it is to ride
[] --> casca belles casca belles hoy es navidad, es un dia de allegria y felicidad
>>> language.guess('and')
[]
>>> 
==== RESTART: /Users/raymond/Dropbox/Public/sj141/language_classifier.py ====
12779
12779
[] --> all the leaves are brown and the sky is grey
[] --> de colored, de colored, todo los colores
[] --> jingle bells, jingle bells, jingle all the way, oh what fun it is to ride
[] --> casca belles casca belles hoy es navidad, es un dia de allegria y felicidad
>>> samplefile
'notes3/proverbs_en.txt'
>>> 
==== RESTART: /Users/raymond/Dropbox/Public/sj141/language_classifier.py ====
12779 notes3/proverbs_en.txt
12779 notes3/proverbs_en.txt
[] --> all the leaves are brown and the sky is grey
[] --> de colored, de colored, todo los colores
[] --> jingle bells, jingle bells, jingle all the way, oh what fun it is to ride
[] --> casca belles casca belles hoy es navidad, es un dia de allegria y felicidad
>>> 
==== RESTART: /Users/raymond/Dropbox/Public/sj141/language_classifier.py ====
12779 notes3/proverbs_en.txt
12028 notes3/proverbs_es.txt
[] --> all the leaves are brown and the sky is grey
[] --> de colored, de colored, todo los colores
[] --> jingle bells, jingle bells, jingle all the way, oh what fun it is to ride
[] --> casca belles casca belles hoy es navidad, es un dia de allegria y felicidad
>>> 
==== RESTART: /Users/raymond/Dropbox/Public/sj141/language_classifier.py ====
[('English', 0.9999)] --> all the leaves are brown and the sky is grey
[('Spanish', 0.9999)] --> de colored, de colored, todo los colores
[('English', 0.9999)] --> jingle bells, jingle bells, jingle all the way, oh what fun it is to ride
[('Spanish', 0.9999)] --> casca belles casca belles hoy es navidad, es un dia de allegria y felicidad
>>> 
==== RESTART: /Users/raymond/Dropbox/Public/sj141/language_classifier.py ====
English --> all the leaves are brown and the sky is grey
Spanish --> de colored, de colored, todo los colores
English --> jingle bells, jingle bells, jingle all the way, oh what fun it is to ride
Spanish --> casca belles casca belles hoy es navidad, es un dia de allegria y felicidad
>>> 2 ** 33
8589934592
>>> 
>>> from bottle import *
>>> 
>>> 
>>> print template('Hello {planet}', planet)

Traceback (most recent call last):
  File "<pyshell#60>", line 1, in <module>
    print template('Hello {planet}', planet)
NameError: name 'planet' is not defined
>>> print template('Hello {planet}', planet='Earth')
Hello {planet}
>>> print template('Hello {{planet}}', planet='Earth')
Hello Earth
>>> 
>>> 
>>> welcome = 'Hello {{planet}}'
>>> print template(welcome, planet='Earth')
Hello Earth
>>> print template('welcome.tpl', planet='Earth')
Hello Earth

>>> 
>>> @view('welcome.tpl')
def f():
	return {'planet': 'World'}

>>> 
>>> f()
u'Hello World\n'
>>> 
>>> 
>>> print template('Hello {{planet.upper()}}', planet='Earth')
Hello EARTH
>>> 
>>> 
>>> t = '''\
Fun places to go with your kids
-------------------------------
% for place in places:
 >>> {place.title().center(20)} <<<
% end
'''
>>> print template(t, places=['happy hollow', 'great america', 'gilroy gardens'])
Fun places to go with your kids
-------------------------------
 >>> {place.title().center(20)} <<<
 >>> {place.title().center(20)} <<<
 >>> {place.title().center(20)} <<<

>>> t = '''\
Fun places to go with your kids
-------------------------------
% for place in places:
 >>> {{place.title().center(20)}} <<<
% end
'''
>>> 
>>> 
>>> 



>>> 










>>> 


>>> 











>>> from bottle import *
>>> t = '''\
Fun places to go with your kids
-------------------------------
% for place in places:
 >>> {{place.title().center(20)}} <<<
% end
'''
>>> print template(t, places=['happy hollow', 'great america', 'gilroy gardens'])
Fun places to go with your kids
-------------------------------
 >>>     Happy Hollow     <<<
 >>>    Great America     <<<
 >>>    Gilroy Gardens    <<<

>>> print template(t, places=['happy <hollow>', 'great america', 'gilroy gardens'])
Fun places to go with your kids
-------------------------------
 >>>    Happy &lt;Hollow&gt;    <<<
 >>>    Great America     <<<
 >>>    Gilroy Gardens    <<<

>>> 
>>> t = '''\
Fun places to go with your kids
-------------------------------
% for place in places:
 >>> {{!place.title().center(20)}} <<<
% end
'''
>>> print template(t, places=['happy <hollow>', 'great america', 'gilroy gardens'])
Fun places to go with your kids
-------------------------------
 >>>    Happy <Hollow>    <<<
 >>>    Great America     <<<
 >>>    Gilroy Gardens    <<<

>>> 
=========== RESTART: /Users/raymond/Dropbox/Public/sj141/family.py ===========

The Hettinger Family
--------------------
* Raymond
* Rachel
* Matthew

>>> 
=========== RESTART: /Users/raymond/Dropbox/Public/sj141/family.py ===========

Traceback (most recent call last):
  File "/Users/raymond/Dropbox/Public/sj141/family.py", line 34, in <module>
    print template(family_plain_html,
NameError: name 'family_plain_html' is not defined
>>> 
=========== RESTART: /Users/raymond/Dropbox/Public/sj141/family.py ===========

<!DOCTYPE html>
<html lang="en">
<head>
   <meta charset="utf-8">
   <title> Hettinger Family </title>
</head>
<body>
  <h1> The <em> Hettinger </em> Family </h1>
  <hr>
  <ol>
     <li> Raymond </li>
     <li> Rachel </li>
     <li> Matthew </li>
  </ol>
</body>
</html>

>>> 
=========== RESTART: /Users/raymond/Dropbox/Public/sj141/family.py ===========

<!DOCTYPE html>
<html lang="en">
<head>
   <meta charset="utf-8">
   <title> Simpsons Family </title>
</head>
<body>
  <h1> The <em> Simpsons </em> Family </h1>
  <hr>
  <ol>
     <li> Homer&lt;Father&gt; </li>
     <li> Marge </li>
     <li> Bart </li>
     <li> Lisa </li>
     <li> Maggie </li>
  </ol>
</body>
</html>

>>> 
=========== RESTART: /Users/raymond/Dropbox/Public/sj141/family.py ===========

<!DOCTYPE html>
<html lang="en">
<head>
   <meta charset="utf-8">
   <title> Simpsons Family </title>
</head>
<body>
  <h1> The <em> Simpsons </em> Family </h1>
  <hr>
  <ol>
     <li> Homer<Father> </li>
     <li> Marge </li>
     <li> Bart </li>
     <li> Lisa </li>
     <li> Maggie </li>
  </ol>
</body>
</html>

>>> 
=== RESTART: /Users/raymond/Dropbox/Public/sj141/github_rest_api_client.py ===
>>> r
<Response [200]>
>>> r.status_code
200
>>> r.headers
{'X-XSS-Protection': '1; mode=block', 'Content-Security-Policy': "default-src 'none'", 'Access-Control-Expose-Headers': 'ETag, Link, X-GitHub-OTP, X-RateLimit-Limit, X-RateLimit-Remaining, X-RateLimit-Reset, X-OAuth-Scopes, X-Accepted-OAuth-Scopes, X-Poll-Interval', 'Transfer-Encoding': 'chunked', 'Last-Modified': 'Thu, 19 Feb 2015 23:15:19 GMT', 'Access-Control-Allow-Origin': '*', 'X-Frame-Options': 'deny', 'Status': '200 OK', 'X-Served-By': 'e183f7c661b1bbc2c987b3c4dc7b04e0', 'X-GitHub-Request-Id': '806BF1B6:DA3C:12152DF4:57191B53', 'ETag': 'W/"0b094bfd3fd894d99b98a01f213b32c9"', 'Date': 'Thu, 21 Apr 2016 18:26:27 GMT', 'X-RateLimit-Remaining': '58', 'Strict-Transport-Security': 'max-age=31536000; includeSubdomains; preload', 'Server': 'GitHub.com', 'X-GitHub-Media-Type': 'github.v3', 'X-Content-Type-Options': 'nosniff', 'Content-Encoding': 'gzip', 'Vary': 'Accept, Accept-Encoding', 'X-RateLimit-Limit': '60', 'Cache-Control': 'public, max-age=60, s-maxage=60', 'Content-Type': 'application/json; charset=utf-8', 'X-RateLimit-Reset': '1461266568'}
>>> r.headers['Content-Type']
'application/json; charset=utf-8'
>>> print r.content()

Traceback (most recent call last):
  File "<pyshell#105>", line 1, in <module>
    print r.content()
TypeError: 'str' object is not callable
>>> print r.content
{"login":"raymondh","id":167559,"avatar_url":"https://avatars.githubusercontent.com/u/167559?v=3","gravatar_id":"","url":"https://api.github.com/users/raymondh","html_url":"https://github.com/raymondh","followers_url":"https://api.github.com/users/raymondh/followers","following_url":"https://api.github.com/users/raymondh/following{/other_user}","gists_url":"https://api.github.com/users/raymondh/gists{/gist_id}","starred_url":"https://api.github.com/users/raymondh/starred{/owner}{/repo}","subscriptions_url":"https://api.github.com/users/raymondh/subscriptions","organizations_url":"https://api.github.com/users/raymondh/orgs","repos_url":"https://api.github.com/users/raymondh/repos","events_url":"https://api.github.com/users/raymondh/events{/privacy}","received_events_url":"https://api.github.com/users/raymondh/received_events","type":"User","site_admin":false,"name":"Raymond Hettinger","company":"SauceLabs","blog":null,"location":"Los Angeles and San Francisco California","email":"raymond.hettinger@gmail.com","hireable":null,"bio":null,"public_repos":0,"public_gists":0,"followers":61,"following":0,"created_at":"2009-12-14T20:09:05Z","updated_at":"2015-02-19T23:15:19Z"}
>>> r.json()
{u'public_repos': 0, u'site_admin': False, u'subscriptions_url': u'https://api.github.com/users/raymondh/subscriptions', u'gravatar_id': u'', u'hireable': None, u'id': 167559, u'followers_url': u'https://api.github.com/users/raymondh/followers', u'following_url': u'https://api.github.com/users/raymondh/following{/other_user}', u'blog': None, u'followers': 61, u'location': u'Los Angeles and San Francisco California', u'type': u'User', u'email': u'raymond.hettinger@gmail.com', u'bio': None, u'gists_url': u'https://api.github.com/users/raymondh/gists{/gist_id}', u'company': u'SauceLabs', u'events_url': u'https://api.github.com/users/raymondh/events{/privacy}', u'html_url': u'https://github.com/raymondh', u'updated_at': u'2015-02-19T23:15:19Z', u'received_events_url': u'https://api.github.com/users/raymondh/received_events', u'starred_url': u'https://api.github.com/users/raymondh/starred{/owner}{/repo}', u'public_gists': 0, u'name': u'Raymond Hettinger', u'organizations_url': u'https://api.github.com/users/raymondh/orgs', u'url': u'https://api.github.com/users/raymondh', u'created_at': u'2009-12-14T20:09:05Z', u'avatar_url': u'https://avatars.githubusercontent.com/u/167559?v=3', u'repos_url': u'https://api.github.com/users/raymondh/repos', u'following': 0, u'login': u'raymondh'}
>>> 
=== RESTART: /Users/raymond/Dropbox/Public/sj141/github_rest_api_client.py ===
{u'avatar_url': u'https://avatars.githubusercontent.com/u/167559?v=3',
 u'bio': None,
 u'blog': None,
 u'company': u'SauceLabs',
 u'created_at': u'2009-12-14T20:09:05Z',
 u'email': u'raymond.hettinger@gmail.com',
 u'events_url': u'https://api.github.com/users/raymondh/events{/privacy}',
 u'followers': 61,
 u'followers_url': u'https://api.github.com/users/raymondh/followers',
 u'following': 0,
 u'following_url': u'https://api.github.com/users/raymondh/following{/other_user}',
 u'gists_url': u'https://api.github.com/users/raymondh/gists{/gist_id}',
 u'gravatar_id': u'',
 u'hireable': None,
 u'html_url': u'https://github.com/raymondh',
 u'id': 167559,
 u'location': u'Los Angeles and San Francisco California',
 u'login': u'raymondh',
 u'name': u'Raymond Hettinger',
 u'organizations_url': u'https://api.github.com/users/raymondh/orgs',
 u'public_gists': 0,
 u'public_repos': 0,
 u'received_events_url': u'https://api.github.com/users/raymondh/received_events',
 u'repos_url': u'https://api.github.com/users/raymondh/repos',
 u'site_admin': False,
 u'starred_url': u'https://api.github.com/users/raymondh/starred{/owner}{/repo}',
 u'subscriptions_url': u'https://api.github.com/users/raymondh/subscriptions',
 u'type': u'User',
 u'updated_at': u'2015-02-19T23:15:19Z',
 u'url': u'https://api.github.com/users/raymondh'}
>>> info['name']
u'Raymond Hettinger'
>>> 
=== RESTART: /Users/raymond/Dropbox/Public/sj141/github_rest_api_client.py ===
Mr Raymond Hettinger works for SauceLabs.  Contact at raymond.hettinger@gmail.com
>>> 
=== RESTART: /Users/raymond/Dropbox/Public/sj141/github_rest_api_client.py ===
Mr Raymond Hettinger works for SauceLabs.  Contact at raymond.hettinger@gmail.com
Mr Jason Huggins works for None.  Contact at jrhuggins@gmail.com
>>> # Reverend  Sympy  Templates  Requests
>>> 
>>> # Move to after lunch:  Plotting and graph :  Matplotlib
>>> 
======== RESTART: /Users/raymond/Dropbox/Public/sj141/list_mastery.py ========
>>> 
======== RESTART: /Users/raymond/Dropbox/Public/sj141/list_mastery.py ========
[<type 'int'>]
>>> 
======== RESTART: /Users/raymond/Dropbox/Public/sj141/list_mastery.py ========
[<type 'int'>, <type 'str'>]
>>> # Variant Array
>>> # Dynamic Array
>>> 
======== RESTART: /Users/raymond/Dropbox/Public/sj141/list_mastery.py ========
[<type 'int'>, <type 'str'>, <type 'classobj'>]
>>> 
======== RESTART: /Users/raymond/Dropbox/Public/sj141/list_mastery.py ========
[<type 'int'>, <type 'str'>, <type 'classobj'>, <type 'builtin_function_or_method'>]
>>> s[0] + 7
17
>>> s[1].upper()
'HELLO'
>>> s[2]()
<__main__.Dog instance at 0x103983560>
>>> s[3](49)
7.0
>>> s[100]

Traceback (most recent call last):
  File "<pyshell#118>", line 1, in <module>
    s[100]
IndexError: list index out of range
>>> 
======== RESTART: /Users/raymond/Dropbox/Public/sj141/list_mastery.py ========
Sorry, the list is not that big
[<type 'int'>, <type 'str'>, <type 'classobj'>, <type 'builtin_function_or_method'>]
>>> 
======== RESTART: /Users/raymond/Dropbox/Public/sj141/list_mastery.py ========
Sorry, the list is not that big
[<type 'int'>, <type 'str'>, <type 'classobj'>, <type 'builtin_function_or_method'>, <type 'type'>]
>>> s[4]
<type 'exceptions.IndexError'>
>>> 
======== RESTART: /Users/raymond/Dropbox/Public/sj141/list_mastery.py ========
Sorry, the list is not that big
[<type 'int'>, <type 'str'>, <type 'classobj'>, <type 'builtin_function_or_method'>, <type 'type'>]
>>> 
======== RESTART: /Users/raymond/Dropbox/Public/sj141/list_mastery.py ========
Sorry, the list is not that big
[<type 'int'>, <type 'str'>, <type 'classobj'>, <type 'builtin_function_or_method'>, <type 'type'>, <type 'list'>]
>>> s
[10, 'hello', <class __main__.Dog at 0x104318940>, <built-in function sqrt>, <type 'exceptions.IndexError'>, [20, 30, 40]]
>>> s[5][2]
40
>>> 
======== RESTART: /Users/raymond/Dropbox/Public/sj141/list_mastery.py ========
Sorry, the list is not that big
[<type 'int'>, <type 'str'>, <type 'classobj'>, <type 'builtin_function_or_method'>, <type 'type'>, <type 'list'>, <type 'list'>]
>>> s[6]
[10, 'hello', <class __main__.Dog at 0x104218940>, <built-in function sqrt>, <type 'exceptions.IndexError'>, [20, 30, 40], [...]]
>>> s[6][6][6][6][6][6][1]
'hello'
>>> 
======== RESTART: /Users/raymond/Dropbox/Public/sj141/list_mastery.py ========
Sorry, the list is not that big
hello
[<type 'int'>, <type 'str'>, <type 'classobj'>, <type 'builtin_function_or_method'>, <type 'type'>, <type 'list'>, <type 'list'>]
>>> s
[10, None]
>>> t
[20, [10, None]]
>>> u
[30, [20, [10, None]]]
>>> 
======== RESTART: /Users/raymond/Dropbox/Public/sj141/list_mastery.py ========
Sorry, the list is not that big
hello
[<type 'int'>, <type 'str'>, <type 'classobj'>, <type 'builtin_function_or_method'>, <type 'type'>, <type 'list'>, <type 'list'>]
>>> 
>>> 
>>> 
>>> head(s)
10
>>> head(t)
20
>>> head(u)
30
>>> 
>>> 
======== RESTART: /Users/raymond/Dropbox/Public/sj141/list_mastery.py ========
Sorry, the list is not that big
hello
[<type 'int'>, <type 'str'>, <type 'classobj'>, <type 'builtin_function_or_method'>, <type 'type'>, <type 'list'>, <type 'list'>]
10
10
10
>>> 
======== RESTART: /Users/raymond/Dropbox/Public/sj141/list_mastery.py ========
Sorry, the list is not that big
hello
[<type 'int'>, <type 'str'>, <type 'classobj'>, <type 'builtin_function_or_method'>, <type 'type'>, <type 'list'>, <type 'list'>]
10
10
10
20
30
>>> 
======== RESTART: /Users/raymond/Dropbox/Public/sj141/list_mastery.py ========
Sorry, the list is not that big
hello
[<type 'int'>, <type 'str'>, <type 'classobj'>, <type 'builtin_function_or_method'>, <type 'type'>, <type 'list'>, <type 'list'>]
10
10
10
20
30
30
20
10
>>> 
======== RESTART: /Users/raymond/Dropbox/Public/sj141/list_mastery.py ========
Sorry, the list is not that big
hello
[<type 'int'>, <type 'str'>, <type 'classobj'>, <type 'builtin_function_or_method'>, <type 'type'>, <type 'list'>, <type 'list'>]
10
10
10
20
30
30
20
10
==================================================
>>> 
======== RESTART: /Users/raymond/Dropbox/Public/sj141/list_mastery.py ========
Sorry, the list is not that big
hello
[<type 'int'>, <type 'str'>, <type 'classobj'>, <type 'builtin_function_or_method'>, <type 'type'>, <type 'list'>, <type 'list'>]
10
10
10
20
30
30
20
10
==============================
>>> 
======== RESTART: /Users/raymond/Dropbox/Public/sj141/list_mastery.py ========
Sorry, the list is not that big
hello
[<type 'int'>, <type 'str'>, <type 'classobj'>, <type 'builtin_function_or_method'>, <type 'type'>, <type 'list'>, <type 'list'>]
10
10
10
20
30
30
20
10
==============================
>>> a
['Raymond', None, ['Rachel', [...], None]]
>>> b
['Rachel', ['Raymond', None, [...]], None]
>>> 
======== RESTART: /Users/raymond/Dropbox/Public/sj141/list_mastery.py ========
Sorry, the list is not that big
hello
[<type 'int'>, <type 'str'>, <type 'classobj'>, <type 'builtin_function_or_method'>, <type 'type'>, <type 'list'>, <type 'list'>]
10
10
10
20
30
30
20
10
==============================
>>> a
['Raymond', None, ['Rachel', [...], ['Matthew', [...], None]]]
>>> b
['Rachel', ['Raymond', None, [...]], ['Matthew', [...], None]]
>>> c
['Matthew', ['Rachel', ['Raymond', None, [...]], [...]], None]
>>> 
======== RESTART: /Users/raymond/Dropbox/Public/sj141/list_mastery.py ========
Sorry, the list is not that big
hello
[<type 'int'>, <type 'str'>, <type 'classobj'>, <type 'builtin_function_or_method'>, <type 'type'>, <type 'list'>, <type 'list'>]
10
10
10
20
30
30
20
10
==============================
Walk forward
Raymond
>>> 
======== RESTART: /Users/raymond/Dropbox/Public/sj141/list_mastery.py ========
Sorry, the list is not that big
hello
[<type 'int'>, <type 'str'>, <type 'classobj'>, <type 'builtin_function_or_method'>, <type 'type'>, <type 'list'>, <type 'list'>]
10
10
10
20
30
30
20
10
==============================
Walk forward
Raymond
Rachel
>>> 
======== RESTART: /Users/raymond/Dropbox/Public/sj141/list_mastery.py ========
Sorry, the list is not that big
hello
[<type 'int'>, <type 'str'>, <type 'classobj'>, <type 'builtin_function_or_method'>, <type 'type'>, <type 'list'>, <type 'list'>]
10
10
10
20
30
30
20
10
==============================
Walk forward
Raymond
Rachel
Matthew
>>> 
======== RESTART: /Users/raymond/Dropbox/Public/sj141/list_mastery.py ========
Sorry, the list is not that big
hello
[<type 'int'>, <type 'str'>, <type 'classobj'>, <type 'builtin_function_or_method'>, <type 'type'>, <type 'list'>, <type 'list'>]
10
10
10
20
30
30
20
10
==============================
Walk forward
Raymond
Rachel
Matthew
Walk backward
Matthew
>>> 
======== RESTART: /Users/raymond/Dropbox/Public/sj141/list_mastery.py ========
Sorry, the list is not that big
hello
[<type 'int'>, <type 'str'>, <type 'classobj'>, <type 'builtin_function_or_method'>, <type 'type'>, <type 'list'>, <type 'list'>]
10
10
10
20
30
30
20
10
==============================
Walk forward
Raymond
Rachel
Matthew
Walk backward
Matthew
Rachel
Raymond
>>> 
======== RESTART: /Users/raymond/Dropbox/Public/sj141/list_mastery.py ========
Sorry, the list is not that big
hello
[<type 'int'>, <type 'str'>, <type 'classobj'>, <type 'builtin_function_or_method'>, <type 'type'>, <type 'list'>, <type 'list'>]
10
10
10
20
30
30
20
10
==============================
Walk forward
Raymond
Rachel
Matthew
Walk backward
Matthew
Rachel
Raymond
>>> sharon['Rachel', ['Raymond', None, [...]], [...]], None]
>>>
SyntaxError: invalid syntax
>>> 
>>> sharon
['Sharon', None, None]
>>> 
======== RESTART: /Users/raymond/Dropbox/Public/sj141/list_mastery.py ========
Sorry, the list is not that big
hello
[<type 'int'>, <type 'str'>, <type 'classobj'>, <type 'builtin_function_or_method'>, <type 'type'>, <type 'list'>, <type 'list'>]
10
10
10
20
30
30
20
10
==============================
Walk forward
Raymond
Rachel
Matthew
Walk backward
Matthew
Rachel
Raymond
>>> 
======== RESTART: /Users/raymond/Dropbox/Public/sj141/list_mastery.py ========
Sorry, the list is not that big
hello
[<type 'int'>, <type 'str'>, <type 'classobj'>, <type 'builtin_function_or_method'>, <type 'type'>, <type 'list'>, <type 'list'>]
10
10
10
20
30
30
20
10
==============================
Walk forward
Raymond
Rachel
Matthew
Walk backward
Matthew
Rachel
Raymond
>>> rachel
['Rachel', ['Sharon', None, None], ['Dennis', None, None]]
>>> 
======== RESTART: /Users/raymond/Dropbox/Public/sj141/list_mastery.py ========
Sorry, the list is not that big
hello
[<type 'int'>, <type 'str'>, <type 'classobj'>, <type 'builtin_function_or_method'>, <type 'type'>, <type 'list'>, <type 'list'>]
10
10
10
20
30
30
20
10
==============================
Walk forward
Raymond
Rachel
Matthew
Walk backward
Matthew
Rachel
Raymond
>>> rachel
['Rachel', ['Sharon', None, None], ['Dennis', None, None]]
>>> raymond
['Raymond', ['Ramon', None, None], ['Gayle', None, None]]
>>> 
======== RESTART: /Users/raymond/Dropbox/Public/sj141/list_mastery.py ========
Sorry, the list is not that big
hello
[<type 'int'>, <type 'str'>, <type 'classobj'>, <type 'builtin_function_or_method'>, <type 'type'>, <type 'list'>, <type 'list'>]
10
10
10
20
30
30
20
10
==============================
Walk forward
Raymond
Rachel
Matthew
Walk backward
Matthew
Rachel
Raymond
>>> matthew
['Matthew', ['Rachel', ['Sharon', None, None], ['Dennis', None, None]], ['Raymond', ['Gayle', None, None], ['Ramon', None, None]]]
>>> 
======== RESTART: /Users/raymond/Dropbox/Public/sj141/list_mastery.py ========
Sorry, the list is not that big
hello
[<type 'int'>, <type 'str'>, <type 'classobj'>, <type 'builtin_function_or_method'>, <type 'type'>, <type 'list'>, <type 'list'>]
10
10
10
20
30
30
20
10
==============================
Walk forward
Raymond
Rachel
Matthew
Walk backward
Matthew
Rachel
Raymond
Grandfathers:
|-> Maternal: Dennis
|-> Paternal: Ramon
>>> 
======== RESTART: /Users/raymond/Dropbox/Public/sj141/list_mastery.py ========
Sorry, the list is not that big
hello
[<type 'int'>, <type 'str'>, <type 'classobj'>, <type 'builtin_function_or_method'>, <type 'type'>, <type 'list'>, <type 'list'>]
10
10
10
20
30
30
20
10
==============================
Walk forward
Raymond
Rachel
Matthew
Walk backward
Matthew
Rachel
Raymond
Grandfathers:
|-> Maternal: Dennis
|-> Paternal: Ramon
Tree traversal
There are three classic ways to flatten a tree:  preorder, inorder, postorder
>>> 
>>> 
>>> 
>>> 
>>> preorder(sharon)
['Sharon']
>>> preorder(dennis)
['Dennis']
>>> preorder(rachel)
['Rachel', 'Sharon', 'Dennis']
>>> preorder(raymond)
['Raymond', 'Gayle', 'Ramon']
>>> preorder(matthew)
['Matthew', 'Rachel', 'Sharon', 'Dennis', 'Raymond', 'Gayle', 'Ramon']
>>> 
======== RESTART: /Users/raymond/Dropbox/Public/sj141/list_mastery.py ========
Sorry, the list is not that big
hello
[<type 'int'>, <type 'str'>, <type 'classobj'>, <type 'builtin_function_or_method'>, <type 'type'>, <type 'list'>, <type 'list'>]
10
10
10
20
30
30
20
10
==============================
Walk forward
Raymond
Rachel
Matthew
Walk backward
Matthew
Rachel
Raymond
Grandfathers:
|-> Maternal: Dennis
|-> Paternal: Ramon
Tree traversal
There are three classic ways to flatten a tree:  preorder, inorder, postorder
>>> 
>>> 
>>> 
>>> inorder(rachel)
['Sharon', 'Rachel', 'Dennis']
>>> inorder(raymond)
['Gayle', 'Raymond', 'Ramon']
>>> inorder(matthew)
['Sharon', 'Rachel', 'Dennis', 'Matthew', 'Gayle', 'Raymond', 'Ramon']
>>> 
======== RESTART: /Users/raymond/Dropbox/Public/sj141/list_mastery.py ========
Sorry, the list is not that big
hello
[<type 'int'>, <type 'str'>, <type 'classobj'>, <type 'builtin_function_or_method'>, <type 'type'>, <type 'list'>, <type 'list'>]
10
10
10
20
30
30
20
10
==============================
Walk forward
Raymond
Rachel
Matthew
Walk backward
Matthew
Rachel
Raymond
Grandfathers:
|-> Maternal: Dennis
|-> Paternal: Ramon
Tree traversal
There are three classic ways to flatten a tree:  preorder, inorder, postorder
>>> postorder(rachel)
['Sharon', 'Dennis', 'Rachel']
>>> postorder(raymond)
['Gayle', 'Ramon', 'Raymond']
>>> postorder(matthew)
['Sharon', 'Dennis', 'Rachel', 'Gayle', 'Ramon', 'Raymond', 'Matthew']
>>> 
======== RESTART: /Users/raymond/Dropbox/Public/sj141/list_mastery.py ========
Sorry, the list is not that big
hello
[<type 'int'>, <type 'str'>, <type 'classobj'>, <type 'builtin_function_or_method'>, <type 'type'>, <type 'list'>, <type 'list'>]
10
10
10
20
30
30
20
10
==============================
Walk forward
Raymond
Rachel
Matthew
Walk backward
Matthew
Rachel
Raymond
Grandfathers:
|-> Maternal: Dennis
|-> Paternal: Ramon
Tree traversal
There are three classic ways to flatten a tree:  preorder, inorder, postorder
Preorder:  ['Matthew', 'Rachel', 'Sharon', 'Dennis', 'Raymond', 'Gayle', 'Ramon']
Inorder:   ['Sharon', 'Rachel', 'Dennis', 'Matthew', 'Gayle', 'Raymond', 'Ramon']
Postorder:  ['Sharon', 'Dennis', 'Rachel', 'Gayle', 'Ramon', 'Raymond', 'Matthew']
>>> 
====== RESTART: /Users/raymond/Dropbox/Public/sj141/review_property.py ======

Traceback (most recent call last):
  File "/Users/raymond/Dropbox/Public/sj141/review_property.py", line 19, in <module>
    InvoiceLineItem('INV1040', 1, 'CAT5918', 32.14, 15),
  File "/Users/raymond/Dropbox/Public/sj141/review_property.py", line 13, in __init__
    self.quantity = self.quantity
AttributeError: 'InvoiceLineItem' object has no attribute 'quantity'
>>> 
====== RESTART: /Users/raymond/Dropbox/Public/sj141/review_property.py ======
>>> invoice[0]
<__main__.InvoiceLineItem object at 0x10424cc10>
>>> invoice[0].total()
482.1
>>> sum(line_item.total() for line_item in invoice)
1376.6999999999998
>>> invoice[0].total()
482.1
>>> invoice[0].price

Traceback (most recent call last):
  File "<pyshell#168>", line 1, in <module>
    invoice[0].price
AttributeError: 'InvoiceLineItem' object has no attribute 'price'
>>> invoice[0].unit_price
32.14
>>> 
====== RESTART: /Users/raymond/Dropbox/Public/sj141/review_property.py ======
>>> invoice[0].unit_price
32.14
>>> invoice[0].total
482.1
>>> 
====== RESTART: /Users/raymond/Dropbox/Public/sj141/review_property.py ======
>>> invoice[0]
<__main__.InvoiceLineItem object at 0x104a21bd0>
>>> invoice[0].line_no
1
>>> invoice[0].cat_no
'CAT5918'
>>> invoice[0].total()
482.1
>>> invoice[0].t
482.1
>>> 
====== RESTART: /Users/raymond/Dropbox/Public/sj141/review_property.py ======
>>> invoice[0].total
482.1
>>> 
====== RESTART: /Users/raymond/Dropbox/Public/sj141/review_property.py ======
>>> invoice[0].total
482.1
>>> invoice[1].total
894.5999999999999
>>> sum(line_item.total for line_item in invoice)
1376.6999999999998
>>> 
====== RESTART: /Users/raymond/Dropbox/Public/sj141/review_property.py ======
>>> 
====== RESTART: /Users/raymond/Dropbox/Public/sj141/review_property.py ======
1406.7
>>> 
>>> 
>>> abc = 10
>>> globals()['abc']
10
>>> def f(abc, xyz):
	pritn abc
	
SyntaxError: invalid syntax
>>> def f(abc, xyz):
	print abc
	print xyz

	
>>> f(10, 20)
10
20
>>> f(xyz=20, abc=10)
10
20
>>> dict(xyz=20, abc=10)
{'xyz': 20, 'abc': 10}
>>> {'xyz': 20, 'abc': 10}
{'xyz': 20, 'abc': 10}
>>> 
>>> # valid variable names:
>>> # [A-Za-z_][A-Za-z0-9_]*
>>> # can't be keywords
>>> 
>>> abc = 10
>>> a_bc5 = 10
>>> 5a = 10
SyntaxError: invalid syntax
>>> def = 10
SyntaxError: invalid syntax
>>> print = 10
SyntaxError: invalid syntax
>>> for = 10
SyntaxError: invalid syntax
>>> is = 10
SyntaxError: invalid syntax
>>> 
>>> 
>>> as = 10
SyntaxError: invalid syntax
>>> # t0 = 12341234.1324
>>> # v1  v2  v3
>>> # ax  ay az
>>> # ap = 20
>>> # ar = 30
>>> # as = 40
>>> # at = 50
>>> # au = 60
>>> 
>>> 
>>> 
>>> raymond = 10
>>> hettinger = 5
>>> 
>>> 

>>> 


>>> 










>>> raymond_hettinger = 30
>>> raymond hettinger = 30
SyntaxError: invalid syntax
>>> raymond-hettinger
5
>>> raymond - hettinger
5
>>> d = dict(raymond hettinger=50)
SyntaxError: invalid syntax
>>> d = dict(raymond-hettinger=50)
SyntaxError: keyword can't be an expression
>>> d = dict(raymond_hettinger=50)
>>> {'raymond hettinger': 50}
{'raymond hettinger': 50}
>>> 
>>> 30-5
25
>>> # raymond-hettinger
>>> 
>>> # raymond-hettinger.txt
>>> # IOS:   asa-15
>>> 
===== RESTART: /Users/raymond/Dropbox/Public/sj141/hash_homomorphism.py =====
True
>>> 0.0 == 0
True
>>> # 0.0 0          1.0 1      hello u'hello'
>>> 
>>> 'hello' == 'HELLO'
False
>>> 'Hello'.lower() == 'HELLO'.lower()
True
>>> 
===== RESTART: /Users/raymond/Dropbox/Public/sj141/hash_homomorphism.py =====

Traceback (most recent call last):
  File "/Users/raymond/Dropbox/Public/sj141/hash_homomorphism.py", line 7, in <module>
    print x in even_odd[x % 2]
TypeError: list indices must be integers, not float
>>> 
===== RESTART: /Users/raymond/Dropbox/Public/sj141/hash_homomorphism.py =====
True
>>> 
===== RESTART: /Users/raymond/Dropbox/Public/sj141/hash_homomorphism.py =====
True
set(['RACHEL', 'Raymond', 'MATTHEW', 'rachel', 'Matthew', 'raymond'])
>>> 
===== RESTART: /Users/raymond/Dropbox/Public/sj141/hash_homomorphism.py =====
True
set(['RACHEL', 'Raymond', 'MATTHEW', 'rachel', 'Matthew', 'raymond'])
>>> 
>>> Str('Raymond') == Str('raymond')
True
>>> str('Raymond') == str('raymond')
False
>>> 
===== RESTART: /Users/raymond/Dropbox/Public/sj141/hash_homomorphism.py =====
True
set(['MATTHEW', 'rachel', 'Raymond'])
>>> 
===== RESTART: /Users/raymond/Dropbox/Public/sj141/hash_homomorphism.py =====
True
set(['MATTHEW', 'rachel', 'Raymond'])
set([40, 10, 20, 30])
>>> 
===== RESTART: /Users/raymond/Dropbox/Public/sj141/hash_homomorphism.py =====
True
set(['MATTHEW', 'rachel', 'Raymond'])
set([10, 30, 20, 30, 40, 10, 20])
>>> 
===== RESTART: /Users/raymond/Dropbox/Public/sj141/hash_homomorphism.py =====
True
set(['MATTHEW', 'rachel', 'Raymond'])
set([30, 20, 40, 20, 30, 10, 10])
>>> 
===== RESTART: /Users/raymond/Dropbox/Public/sj141/hash_homomorphism.py =====
True
set(['MATTHEW', 'rachel', 'Raymond'])
set([30, 10, 20, 20, 40, 30, 10])
>>> 
===== RESTART: /Users/raymond/Dropbox/Public/sj141/hash_homomorphism.py =====
True
set(['MATTHEW', 'rachel', 'Raymond'])
April Fools Joke.  Don't do this for real
set([30, 20, 40, 20, 10, 30, 10])
>>> #   Fire == Shoot == Attack           Flee == Run       Eat == Dine
>>> #     \------\---------^               \-------^
>>> 
>>> hash(39.0) == hash(39)
True
>>> 

>>> def f(*args):
	print 'f was called with', args

	
>>> f(10, 20, 'hello')
f was called with (10, 20, 'hello')
>>> class A(object):
	pass

>>> 
>>> 
>>> 
>>> class A(object):
	pass

>>> def f(*args):
	print 'f was called with', args

	
>>> A.f = f
>>> del f
>>> a = A()
>>> 
>>> A.__dict__['f']
<function f at 0x1006a2e60>
>>> A.f
<unbound method A.f>
>>> a.f
<bound method A.f of <__main__.A object at 0x103a21c50>>
>>> A.f(10, 20, 30)

Traceback (most recent call last):
  File "<pyshell#274>", line 1, in <module>
    A.f(10, 20, 30)
TypeError: unbound method f() must be called with A instance as first argument (got int instance instead)
>>> A.f(a, 10, 20, 30)
f was called with (<__main__.A object at 0x103a21c50>, 10, 20, 30)
>>> a.f(10, 20, 30)
f was called with (<__main__.A object at 0x103a21c50>, 10, 20, 30)
>>> a.__class__
<class '__main__.A'>
>>> a.__class__.__dict__['f']
<function f at 0x1006a2e60>
>>> dir(_)
['__call__', '__class__', '__closure__', '__code__', '__defaults__', '__delattr__', '__dict__', '__doc__', '__format__', '__get__', '__getattribute__', '__globals__', '__hash__', '__init__', '__module__', '__name__', '__new__', '__reduce__', '__reduce_ex__', '__repr__', '__setattr__', '__sizeof__', '__str__', '__subclasshook__', 'func_closure', 'func_code', 'func_defaults', 'func_dict', 'func_doc', 'func_globals', 'func_name']
>>> 
>>> 
>>> class A(object):
	pass

>>> def f(*args):
	print 'f was called with', args

	
>>> A.f = f
>>> del f
>>> a = A()
>>> 
>>> a.__class__.__dict__['f'].__get__(a, A)
<bound method A.f of <__main__.A object at 0x103a33350>>
>>> a.__class__.__dict__['f'].__get__(a, A)(10, 20, 30)
f was called with (<__main__.A object at 0x103a33350>, 10, 20, 30)
>>> 
>>> a.f(10, 20, 30)
f was called with (<__main__.A object at 0x103a33350>, 10, 20, 30)

>>> A.f(a, 10, 20, 30)
f was called with (<__main__.A object at 0x103a33350>, 10, 20, 30)
>>> A.__dict__['f']
<function f at 0x103a31320>
>>> A.__dict__['f'].__get__(None, A)
<unbound method A.f>
>>> A.__dict__['f'].__get__(None, A)(a, 10, 20, 30)
f was called with (<__main__.A object at 0x103a33350>, 10, 20, 30)
>>> 
>>> 
>>> class A(object):
	pass

>>> def f(*args):
	print 'f was called with', args

	
>>> a = A()
>>> a.f = f
>>> a.f
<function f at 0x103a31398>
>>> class A(object):
	def __getattribute__(self, attr):
		value = object.__getattribute__(self, attr)
		if hasattr(value, '__get__'):
			return value.__get__(self, self.__class__)
		return value

	
>>> # If you don't like what the dot does
>>> # or don't like how we implemented descriptors,
>>> # it isn't hard to change the logic by defining
>>> # you own __getattribute__!
>>> 
>>> 
>>> 
>>> class A(object):
	x = 10
	def __init__(self, y):
		self.y = y

		
>>> a = A(5)
>>> 
>>> a.x
10
>>> a.y
5
>>> A.__dict__['x']
10
>>> a.__dict__['y']
5
>>> a.__dict__
{'y': 5}
>>> 
>>> class A(object):
	__slots__ = ['y', 'z']
	x = 10
	def __init__(self, y):
		self.y = y
		self.z = 30

		
>>> a = A(15)
>>> A.__dict__['x']
10
>>> A.__dict__['__slots__']
['y', 'z']
>>> A.__dict__['y']
<member 'y' of 'A' objects>
>>> A.__dict__['z']
<member 'z' of 'A' objects>
>>> dir(_)
['__class__', '__delattr__', '__delete__', '__doc__', '__format__', '__get__', '__getattribute__', '__hash__', '__init__', '__name__', '__new__', '__objclass__', '__reduce__', '__reduce_ex__', '__repr__', '__set__', '__setattr__', '__sizeof__', '__str__', '__subclasshook__']
>>> 
>>> a.__dict__

Traceback (most recent call last):
  File "<pyshell#343>", line 1, in <module>
    a.__dict__
AttributeError: 'A' object has no attribute '__dict__'
>>> 
>>> class A(object):
	__slots__ = ['y', 'z']
	x = 10
	def __init__(self, y):
		self.y = y
		self.z = 30

		
>>> a = A(15)
>>> a.x
10
>>> a.y
15
>>> a.z
30
>>> a.__class__.__dict__['x']
10
>>> dir(_)
['__abs__', '__add__', '__and__', '__class__', '__cmp__', '__coerce__', '__delattr__', '__div__', '__divmod__', '__doc__', '__float__', '__floordiv__', '__format__', '__getattribute__', '__getnewargs__', '__hash__', '__hex__', '__index__', '__init__', '__int__', '__invert__', '__long__', '__lshift__', '__mod__', '__mul__', '__neg__', '__new__', '__nonzero__', '__oct__', '__or__', '__pos__', '__pow__', '__radd__', '__rand__', '__rdiv__', '__rdivmod__', '__reduce__', '__reduce_ex__', '__repr__', '__rfloordiv__', '__rlshift__', '__rmod__', '__rmul__', '__ror__', '__rpow__', '__rrshift__', '__rshift__', '__rsub__', '__rtruediv__', '__rxor__', '__setattr__', '__sizeof__', '__str__', '__sub__', '__subclasshook__', '__truediv__', '__trunc__', '__xor__', 'bit_length', 'conjugate', 'denominator', 'imag', 'numerator', 'real']
>>> a.__class__.__dict__['y']
<member 'y' of 'A' objects>
>>> dir(_)
['__class__', '__delattr__', '__delete__', '__doc__', '__format__', '__get__', '__getattribute__', '__hash__', '__init__', '__name__', '__new__', '__objclass__', '__reduce__', '__reduce_ex__', '__repr__', '__set__', '__setattr__', '__sizeof__', '__str__', '__subclasshook__']
>>> a.__class__.__dict__['y'].__get__(a, A)
15
>>> a.__class__.__dict__['z'].__get__(a, A)
30
>>> 
>>> # metaclasses   validators(descriptors)   cython   threading-or-anything-else
>>> #                                      ^- course reviews
>>> 
>>> 
>>> 
======= RESTART: /Users/raymond/Dropbox/Public/sj141/metaclass_demo.py =======
The Captain is running!
Duck, the Captain is shooting!
>>> 
======= RESTART: /Users/raymond/Dropbox/Public/sj141/metaclass_demo.py =======
The Captain is running!
Duck, the Captain is shooting!
Soldier <== a string with the name given when the class was made
(<type 'object'>,) <== a tuple with the parent classes

Traceback (most recent call last):
  File "/Users/raymond/Dropbox/Public/sj141/metaclass_demo.py", line 23, in <module>
    print Solider.__dict__, '<== data shared by all of the instance plus some metadata'
NameError: name 'Solider' is not defined
>>> 
======= RESTART: /Users/raymond/Dropbox/Public/sj141/metaclass_demo.py =======
The Captain is running!
Duck, the Captain is shooting!
Soldier <== a string with the name given when the class was made
(<type 'object'>,) <== a tuple with the parent classes
{'shoot': <function shoot at 0x1006a2de8>, '__module__': '__main__', 'run': <function run at 0x1006a2b90>, '__dict__': <attribute '__dict__' of 'Soldier' objects>, '__weakref__': <attribute '__weakref__' of 'Soldier' objects>, '__doc__': 'The very model of a modern major general', '__init__': <function __init__ at 0x1006ab398>} <== data shared by all of the instance plus some metadata
>>> 
======= RESTART: /Users/raymond/Dropbox/Public/sj141/metaclass_demo.py =======
The Captain is running!
Duck, the Captain is shooting!
Soldier <== a string with the name given when the class was made
(<type 'object'>,) <== a tuple with the parent classes
{'shoot': <function shoot at 0x1006a2de8>, '__module__': '__main__', 'run': <function run at 0x1006a2b90>, '__dict__': <attribute '__dict__' of 'Soldier' objects>, '__weakref__': <attribute '__weakref__' of 'Soldier' objects>, '__doc__': 'The very model of a modern major general', '__init__': <function __init__ at 0x1006ab398>} <== data shared by all of the instance plus some metadata
Captain
<class '__main__.Soldier'>
>>> 
======= RESTART: /Users/raymond/Dropbox/Public/sj141/metaclass_demo.py =======
The Captain is running!
Duck, the Captain is shooting!
Soldier <== a string with the name given when the class was made
(<type 'object'>,) <== a tuple with the parent classes
{'shoot': <function shoot at 0x1019a2de8>, '__module__': '__main__', 'run': <function run at 0x1019a2b90>, '__dict__': <attribute '__dict__' of 'Soldier' objects>, '__weakref__': <attribute '__weakref__' of 'Soldier' objects>, '__doc__': 'The very model of a modern major general', '__init__': <function __init__ at 0x1019ab398>} <== data shared by all of the instance plus some metadata
Captain
<class '__main__.Soldier'>
>>> 
======= RESTART: /Users/raymond/Dropbox/Public/sj141/metaclass_demo.py =======
The Captain is running!
Duck, the Captain is shooting!
Soldier <== a string with the name given when the class was made
(<type 'object'>,) <== a tuple with the parent classes
{'shoot': <function shoot at 0x1006a2de8>, '__module__': '__main__', 'run': <function run at 0x1006a2b90>, '__dict__': <attribute '__dict__' of 'Soldier' objects>, '__weakref__': <attribute '__weakref__' of 'Soldier' objects>, '__doc__': 'The very model of a modern major general', '__init__': <function __init__ at 0x1006ab398>} <== data shared by all of the instance plus some metadata
Captain
<class '__main__.Soldier'>
The Colonel is running!

Traceback (most recent call last):
  File "/Users/raymond/Dropbox/Public/sj141/metaclass_demo.py", line 52, in <module>
    s.jump()
AttributeError: 'NewSoldier' object has no attribute 'jump'
>>> 
======= RESTART: /Users/raymond/Dropbox/Public/sj141/metaclass_demo.py =======
The Captain is running!
Duck, the Captain is shooting!
Soldier <== a string with the name given when the class was made
(<type 'object'>,) <== a tuple with the parent classes
{'shoot': <function shoot at 0x1018a2de8>, '__module__': '__main__', 'run': <function run at 0x1018a2b90>, '__dict__': <attribute '__dict__' of 'Soldier' objects>, '__weakref__': <attribute '__weakref__' of 'Soldier' objects>, '__doc__': 'The very model of a modern major general', '__init__': <function __init__ at 0x1018ab398>} <== data shared by all of the instance plus some metadata
Captain
<class '__main__.Soldier'>
The Colonel is running!
Duck, the Colonel is shooting!
>>> NewSoldier
<class '__main__.NewSoldier'>
>>> Solder

Traceback (most recent call last):
  File "<pyshell#363>", line 1, in <module>
    Solder
NameError: name 'Solder' is not defined
>>> Soldier
<class '__main__.Soldier'>
>>> 
======= RESTART: /Users/raymond/Dropbox/Public/sj141/metaclass_demo.py =======
The Captain is running!
Duck, the Captain is shooting!
Soldier <== a string with the name given when the class was made
(<type 'object'>,) <== a tuple with the parent classes
{'shoot': <function shoot at 0x1006a2de8>, '__module__': '__main__', 'run': <function run at 0x1006a2b90>, '__dict__': <attribute '__dict__' of 'Soldier' objects>, '__weakref__': <attribute '__weakref__' of 'Soldier' objects>, '__doc__': 'The very model of a modern major general', '__init__': <function __init__ at 0x1006ab398>} <== data shared by all of the instance plus some metadata
Captain
<class '__main__.Soldier'>
The Colonel is running!
Duck, the Colonel is shooting!
<__main__.NewSoldier object at 0x10434cc50>
>>> dir(type)
['__abstractmethods__', '__base__', '__bases__', '__basicsize__', '__call__', '__class__', '__delattr__', '__dict__', '__dictoffset__', '__doc__', '__eq__', '__flags__', '__format__', '__ge__', '__getattribute__', '__gt__', '__hash__', '__init__', '__instancecheck__', '__itemsize__', '__le__', '__lt__', '__module__', '__mro__', '__name__', '__ne__', '__new__', '__reduce__', '__reduce_ex__', '__repr__', '__setattr__', '__sizeof__', '__str__', '__subclasscheck__', '__subclasses__', '__subclasshook__', '__weakrefoffset__', 'mro']
>>> 
======= RESTART: /Users/raymond/Dropbox/Public/sj141/metaclass_demo.py =======
The Captain is running!
Duck, the Captain is shooting!
Soldier <== a string with the name given when the class was made
(<type 'object'>,) <== a tuple with the parent classes
{'shoot': <function shoot at 0x1006a2de8>, '__module__': '__main__', 'run': <function run at 0x1006a2b90>, '__dict__': <attribute '__dict__' of 'Soldier' objects>, '__weakref__': <attribute '__weakref__' of 'Soldier' objects>, '__doc__': 'The very model of a modern major general', '__init__': <function __init__ at 0x1006ab398>} <== data shared by all of the instance plus some metadata
Captain
<class '__main__.Soldier'>
The Colonel is running!
Duck, the Colonel is shooting!
<__main__.NewSoldier object at 0x103a21ed0>
>>> s = Soldier3('General')
>>> s.shoot()
Duck, the General is shooting!
>>> Soldier3
[[Class Soldier3]]
>>> 
======= RESTART: /Users/raymond/Dropbox/Public/sj141/metaclass_demo.py =======
The Captain is running!
Duck, the Captain is shooting!
Soldier <== a string with the name given when the class was made
(<type 'object'>,) <== a tuple with the parent classes
{'shoot': <function shoot at 0x1006a2de8>, '__module__': '__main__', 'run': <function run at 0x1006a2b90>, '__dict__': <attribute '__dict__' of 'Soldier' objects>, '__weakref__': <attribute '__weakref__' of 'Soldier' objects>, '__doc__': 'The very model of a modern major general', '__init__': <function __init__ at 0x1006ab398>} <== data shared by all of the instance plus some metadata
Captain
<class '__main__.Soldier'>
The Colonel is running!
Duck, the Colonel is shooting!
<__main__.NewSoldier object at 0x103956190>
>>> instances
set([<__main__.Soldier4 object at 0x103956990>, <__main__.Soldier4 object at 0x103956890>, <__main__.Soldier4 object at 0x103956950>, <__main__.Soldier4 object at 0x103956910>])
>>> 
======= RESTART: /Users/raymond/Dropbox/Public/sj141/metaclass_demo.py =======
The Captain is running!
Duck, the Captain is shooting!
Soldier <== a string with the name given when the class was made
(<type 'object'>,) <== a tuple with the parent classes
{'shoot': <function shoot at 0x1006a2de8>, '__module__': '__main__', 'run': <function run at 0x1006a2b90>, '__dict__': <attribute '__dict__' of 'Soldier' objects>, '__weakref__': <attribute '__weakref__' of 'Soldier' objects>, '__doc__': 'The very model of a modern major general', '__init__': <function __init__ at 0x1006ab398>} <== data shared by all of the instance plus some metadata
Captain
<class '__main__.Soldier'>
The Colonel is running!
Duck, the Colonel is shooting!
<__main__.NewSoldier object at 0x103956190>
>>> instances
set([<__main__.Soldier4 object at 0x103956a10>, <__main__.Soldier4 object at 0x103956890>, <__main__.Soldier4 object at 0x103956910>, <__main__.Soldier4 object at 0x103956950>, <__main__.Soldier4 object at 0x103956990>, <__main__.Soldier4 object at 0x1039569d0>])
>>> len(_)
6
>>> 
>>> 
======= RESTART: /Users/raymond/Dropbox/Public/sj141/metaclass_demo.py =======
The Captain is running!
Duck, the Captain is shooting!
Soldier <== a string with the name given when the class was made
(<type 'object'>,) <== a tuple with the parent classes
{'shoot': <function shoot at 0x1006a2de8>, '__module__': '__main__', 'run': <function run at 0x1006a2b90>, '__dict__': <attribute '__dict__' of 'Soldier' objects>, '__weakref__': <attribute '__weakref__' of 'Soldier' objects>, '__doc__': 'The very model of a modern major general', '__init__': <function __init__ at 0x1006ab398>} <== data shared by all of the instance plus some metadata
Captain
<class '__main__.Soldier'>
The Colonel is running!
Duck, the Colonel is shooting!
<__main__.NewSoldier object at 0x10422b410>

Traceback (most recent call last):
  File "/Users/raymond/Dropbox/Public/sj141/metaclass_demo.py", line 125, in <module>
    army = map(Soldier5, 'private private private corporal lieutentant captain'.split())
  File "/Users/raymond/Dropbox/Public/sj141/metaclass_demo.py", line 82, in __call__
    instances.add(inst)
AttributeError: 'dict' object has no attribute 'add'
>>> 
======= RESTART: /Users/raymond/Dropbox/Public/sj141/metaclass_demo.py =======
The Captain is running!
Duck, the Captain is shooting!
Soldier <== a string with the name given when the class was made
(<type 'object'>,) <== a tuple with the parent classes
{'shoot': <function shoot at 0x1006a2de8>, '__module__': '__main__', 'run': <function run at 0x1006a2b90>, '__dict__': <attribute '__dict__' of 'Soldier' objects>, '__weakref__': <attribute '__weakref__' of 'Soldier' objects>, '__doc__': 'The very model of a modern major general', '__init__': <function __init__ at 0x1006ab398>} <== data shared by all of the instance plus some metadata
Captain
<class '__main__.Soldier'>
The Colonel is running!
Duck, the Colonel is shooting!
<__main__.NewSoldier object at 0x103a56410>
>>> instances
{('corporal',): <__main__.Soldier5 object at 0x103a56e50>, ('captain',): <__main__.Soldier5 object at 0x103a56f50>, ('private',): <__main__.Soldier5 object at 0x103a56e10>, ('lieutentant',): <__main__.Soldier5 object at 0x103a56ed0>}
>>> army
[<__main__.Soldier5 object at 0x103a56d90>, <__main__.Soldier5 object at 0x103a56d50>, <__main__.Soldier5 object at 0x103a56e10>, <__main__.Soldier5 object at 0x103a56e50>, <__main__.Soldier5 object at 0x103a56ed0>, <__main__.Soldier5 object at 0x103a56f50>]
>>> 
======= RESTART: /Users/raymond/Dropbox/Public/sj141/metaclass_demo.py =======
The Captain is running!
Duck, the Captain is shooting!
Soldier <== a string with the name given when the class was made
(<type 'object'>,) <== a tuple with the parent classes
{'shoot': <function shoot at 0x1006a2de8>, '__module__': '__main__', 'run': <function run at 0x1006a2b90>, '__dict__': <attribute '__dict__' of 'Soldier' objects>, '__weakref__': <attribute '__weakref__' of 'Soldier' objects>, '__doc__': 'The very model of a modern major general', '__init__': <function __init__ at 0x1006ab398>} <== data shared by all of the instance plus some metadata
Captain
<class '__main__.Soldier'>
The Colonel is running!
Duck, the Colonel is shooting!
<__main__.NewSoldier object at 0x10422b410>
>>> army
[<__main__.Soldier5 object at 0x10422bd90>, <__main__.Soldier5 object at 0x10422bd90>, <__main__.Soldier5 object at 0x10422bd90>, <__main__.Soldier5 object at 0x10422bd50>, <__main__.Soldier5 object at 0x10422be50>, <__main__.Soldier5 object at 0x10422bed0>]
>>> 
======= RESTART: /Users/raymond/Dropbox/Public/sj141/metaclass_demo.py =======
The Captain is running!
Duck, the Captain is shooting!
Soldier <== a string with the name given when the class was made
(<type 'object'>,) <== a tuple with the parent classes
{'shoot': <function shoot at 0x1006a2e60>, '__module__': '__main__', 'run': <function run at 0x1006a2de8>, '__dict__': <attribute '__dict__' of 'Soldier' objects>, '__weakref__': <attribute '__weakref__' of 'Soldier' objects>, '__doc__': 'The very model of a modern major general', '__init__': <function __init__ at 0x1006a2b90>} <== data shared by all of the instance plus some metadata
Captain
<class '__main__.Soldier'>
The Colonel is running!
Duck, the Colonel is shooting!
<__main__.NewSoldier object at 0x10362c610>
>>> 
======= RESTART: /Users/raymond/Dropbox/Public/sj141/metaclass_demo.py =======
The Captain is running!
Duck, the Captain is shooting!
Soldier <== a string with the name given when the class was made
(<type 'object'>,) <== a tuple with the parent classes
{'shoot': <function shoot at 0x1006a2e60>, '__module__': '__main__', 'run': <function run at 0x1006a2de8>, '__dict__': <attribute '__dict__' of 'Soldier' objects>, '__weakref__': <attribute '__weakref__' of 'Soldier' objects>, '__doc__': 'The very model of a modern major general', '__init__': <function __init__ at 0x1006a2b90>} <== data shared by all of the instance plus some metadata
Captain
<class '__main__.Soldier'>
The Colonel is running!
Duck, the Colonel is shooting!
<__main__.NewSoldier object at 0x10452b610>
>>> 0x10422bd90>
SyntaxError: invalid syntax
>>> 
>>> 
>>> 
>>> 
>>> s.rank
'private'
>>> s.now

Traceback (most recent call last):
  File "<pyshell#382>", line 1, in <module>
    s.now
AttributeError: 'Soldier6' object has no attribute 'now'
>>> 
>>> Soldier6.now
'Thu Apr 21 16:42:00 2016'
>>> Soldier6.now
'Thu Apr 21 16:42:03 2016'
>>> Soldier6.owner
'Raymond'
>>> current_owner = 'Matthew'
>>> Soldier6.owner
'Matthew'
>>> 
======== RESTART: /Users/raymond/Dropbox/Public/sj141/pricing_tool.py ========
>>> [security.symbol for security in portfolio if security.kind == 'stock']
['CSCO']
>>> [security for security in portfolio for security.symbol == 'BOA']
SyntaxError: invalid syntax
>>> [security for security in portfolio if security.symbol == 'BOA']
[<__main__.PriceRange object at 0x10434cc90>]
>>> [security.midpoint for security in portfolio]

Traceback (most recent call last):
  File "<pyshell#392>", line 1, in <module>
    [security.midpoint for security in portfolio]
  File "/Users/raymond/Dropbox/Public/sj141/pricing_tool.py", line 13, in midpoint
    return (self.low + self.high) / 2
TypeError: cannot concatenate 'str' and 'int' objects
>>> 
======== RESTART: /Users/raymond/Dropbox/Public/sj141/pricing_tool.py ========

Traceback (most recent call last):
  File "/Users/raymond/Dropbox/Public/sj141/pricing_tool.py", line 21, in <module>
    PriceRange('Stock', 'HP', 45, 51),
  File "/Users/raymond/Dropbox/Public/sj141/pricing_tool.py", line 10, in __init__
    self.kind = kind
  File "/Users/raymond/Dropbox/Public/sj141/validators.py", line 13, in __set__
    raise ValueError('Must be one of: %r' % self.options)
ValueError: Must be one of: set(['bond', 'option', 'stock'])
>>> 
========= RESTART: /Users/raymond/Dropbox/Public/sj141/validators.py =========
>>> 
======== RESTART: /Users/raymond/Dropbox/Public/sj141/pricing_tool.py ========

Traceback (most recent call last):
  File "/Users/raymond/Dropbox/Public/sj141/pricing_tool.py", line 21, in <module>
    PriceRange('Stock', 'HP', 45, 51),
  File "/Users/raymond/Dropbox/Public/sj141/pricing_tool.py", line 10, in __init__
    self.kind = kind
  File "/Users/raymond/Dropbox/Public/sj141/validators.py", line 13, in __set__
    raise ValueError('%r must be one of: %r' % (value, self.options))
ValueError: 'Stock' must be one of: set(['bond', 'option', 'stock'])
>>> 
======== RESTART: /Users/raymond/Dropbox/Public/sj141/pricing_tool.py ========
>>> 
>>> 
>>> 
>>> PriceRange.__dict__
dict_proxy({'__module__': '__main__', 'midpoint': <property object at 0x104e49ba8>, 'kind': <validators.OneOf object at 0x104e4cc10>, '__dict__': <attribute '__dict__' of 'PriceRange' objects>, '__weakref__': <attribute '__weakref__' of 'PriceRange' objects>, '__doc__': None, '__init__': <function __init__ at 0x1020a2e60>})
>>> 
>>> p = PriceRange('stock', 'CSCO', 24, 34)
>>> p.__dict__
{'high': 34, 'symbol': 'CSCO', '_kind': 'stock', 'low': 24}
>>> 
>>> p = PriceRange('stk', 'CSCO', 24, 34)

Traceback (most recent call last):
  File "<pyshell#401>", line 1, in <module>
    p = PriceRange('stk', 'CSCO', 24, 34)
  File "/Users/raymond/Dropbox/Public/sj141/pricing_tool.py", line 10, in __init__
    self.kind = kind
  File "/Users/raymond/Dropbox/Public/sj141/validators.py", line 13, in __set__
    raise ValueError('%r must be one of: %r' % (value, self.options))
ValueError: 'stk' must be one of: set(['bond', 'option', 'stock'])
>>> 
========= RESTART: /Users/raymond/Dropbox/Public/sj141/validators.py =========
>>> v = OneOf('win', 'lose', 'draw')
>>> v.options
set(['win', 'draw', 'lose'])
>>> class A(object):
	w = v

	
>>> A.__dict__['w']
<__main__.OneOf object at 0x10394cc90>
>>> a = A()
>>> 
========= RESTART: /Users/raymond/Dropbox/Public/sj141/validators.py =========
>>> v = OneOf('win', 'lose', 'draw')
>>> v.options
set(['win', 'draw', 'lose'])
>>> v.private_name
'_one_of_0'
>>> w = OneOf('stock', 'bond')
>>> w.private_name
'_one_of_0'
>>> 
========= RESTART: /Users/raymond/Dropbox/Public/sj141/validators.py =========
>>> v = OneOf('win', 'lose', 'draw')
>>> w = OneOf('stock', 'bond')
>>> v.private_name
'_one_of_0'
>>> w.private_name
'_one_of_1'
>>> 
======== RESTART: /Users/raymond/Dropbox/Public/sj141/pricing_tool.py ========
>>> p = PriceRange('stock', 'CSCO', 24, 34)
>>> p.__dict__
{'high': 34, 'symbol': 'CSCO', '_one_of_0': 'stock', 'low': 24}
>>> 
======== RESTART: /Users/raymond/Dropbox/Public/sj141/pricing_tool.py ========

Traceback (most recent call last):
  File "/Users/raymond/Dropbox/Public/sj141/pricing_tool.py", line 23, in <module>
    PriceRange('bond', 'boa', 32, 46),
  File "/Users/raymond/Dropbox/Public/sj141/pricing_tool.py", line 12, in __init__
    self.symbol = symbol
  File "/Users/raymond/Dropbox/Public/sj141/validators.py", line 17, in __set__
    raise ValueError('%r must be one of: %r' % (value, self.options))
ValueError: 'boa' must be one of: set(['WLP', 'BOA', 'HP', 'GOOG', 'CSCO'])
>>> 

>>> 
>>> 
