Python 2.7.11 (v2.7.11:6d1b6a68f775, Dec  5 2015, 12:54:16) 
[GCC 4.2.1 (Apple Inc. build 5666) (dot 3)] on darwin
Type "copyright", "credits" or "license()" for more information.
>>> from collections import *
>>> Employee = namedtuple('Employee', 'id name title dept')
>>> e = Employee('0385201', 'Raymond Hettinger', 'Python Guy', 'Training')
>>> e
Employee(id='0385201', name='Raymond Hettinger', title='Python Guy', dept='Training')
>>> e.id
'0385201'
>>> e.name
'Raymond Hettinger'
>>> e.title
'Python Guy'
>>> print 'See the {emp.title} in the {emp.dept} department'.format(emp=e)
See the Python Guy in the Training department
>>> def get_title(emp):
	return emp.title

>>> get_title(e)
'Python Guy'
>>> from operator import *
>>> get_title = itemgetter(1)
>>> get_title(e)
'Raymond Hettinger'
>>> get_title = itemgetter(2)
>>> get_title(e)
'Python Guy'
>>> get_title = attrgetter('title')
>>> get_title(e)
'Python Guy'
>>> 
>>> 
>>> 
====== RESTART: /Users/raymond/Dropbox/Public/sj141/employee_example.py ======
['Raymond Hettinger', 'Jaime Lannister', 'Jack Bauer', 'Peter Pan', 'Daniel Miz']
>>> 
====== RESTART: /Users/raymond/Dropbox/Public/sj141/employee_example.py ======
['Raymond Hettinger', 'Jaime Lannister', 'Jack Bauer', 'Peter Pan', 'Daniel Miz']

Traceback (most recent call last):
  File "/Users/raymond/Dropbox/Public/sj141/employee_example.py", line 18, in <module>
    print map(lambda e: emp.name, staff)
  File "/Users/raymond/Dropbox/Public/sj141/employee_example.py", line 18, in <lambda>
    print map(lambda e: emp.name, staff)
NameError: global name 'emp' is not defined
>>> 3 + 5 - 1
7
>>> t = 3 + 5
>>> t - 1
7
>>> get_name = lambda emp: emp.name
>>> 
====== RESTART: /Users/raymond/Dropbox/Public/sj141/employee_example.py ======
['Raymond Hettinger', 'Jaime Lannister', 'Jack Bauer', 'Peter Pan', 'Daniel Miz']
['Raymond Hettinger', 'Jaime Lannister', 'Jack Bauer', 'Peter Pan', 'Daniel Miz']
['Raymond Hettinger', 'Jaime Lannister', 'Jack Bauer', 'Peter Pan', 'Daniel Miz']
>>> 
====== RESTART: /Users/raymond/Dropbox/Public/sj141/employee_example.py ======
['Raymond Hettinger', 'Jaime Lannister', 'Jack Bauer', 'Peter Pan', 'Daniel Miz']
['Raymond Hettinger', 'Jaime Lannister', 'Jack Bauer', 'Peter Pan', 'Daniel Miz']
['Raymond Hettinger', 'Jaime Lannister', 'Jack Bauer', 'Peter Pan', 'Daniel Miz']
['Raymond Hettinger', 'Jaime Lannister', 'Jack Bauer', 'Peter Pan', 'Daniel Miz']
>>> 
>>> Employee.__getitem__(emp, 1)

Traceback (most recent call last):
  File "<pyshell#26>", line 1, in <module>
    Employee.__getitem__(emp, 1)
NameError: name 'emp' is not defined
>>> Employee.__getitem__(staff[0], 1)
'Raymond Hettinger'
>>> staff[0].__getitem__(1)
'Raymond Hettinger'
>>> # unbound and bound methods
>>> 
>>> 
====== RESTART: /Users/raymond/Dropbox/Public/sj141/employee_example.py ======
['Raymond Hettinger', 'Jaime Lannister', 'Jack Bauer', 'Peter Pan', 'Daniel Miz']
['Raymond Hettinger', 'Jaime Lannister', 'Jack Bauer', 'Peter Pan', 'Daniel Miz']
['Raymond Hettinger', 'Jaime Lannister', 'Jack Bauer', 'Peter Pan', 'Daniel Miz']
['Raymond Hettinger', 'Jaime Lannister', 'Jack Bauer', 'Peter Pan', 'Daniel Miz']
[('Training', '012303'), ('Security', '432941'), ('Classified', '345345'), ('Fantasy', '104357'), ('Training', '555555')]
>>> 
====== RESTART: /Users/raymond/Dropbox/Public/sj141/employee_example.py ======
['Raymond Hettinger', 'Jaime Lannister', 'Jack Bauer', 'Peter Pan', 'Daniel Miz']
['Raymond Hettinger', 'Jaime Lannister', 'Jack Bauer', 'Peter Pan', 'Daniel Miz']
['Raymond Hettinger', 'Jaime Lannister', 'Jack Bauer', 'Peter Pan', 'Daniel Miz']
['Raymond Hettinger', 'Jaime Lannister', 'Jack Bauer', 'Peter Pan', 'Daniel Miz']
[('Training', '012303'), ('Security', '432941'), ('Classified', '345345'), ('Fantasy', '104357'), ('Training', '555555')]
[('Training', '012303'), ('Security', '432941'), ('Classified', '345345'), ('Fantasy', '104357'), ('Training', '555555')]
>>> 
====== RESTART: /Users/raymond/Dropbox/Public/sj141/employee_example.py ======
['Raymond Hettinger', 'Jaime Lannister', 'Jack Bauer', 'Peter Pan', 'Daniel Miz']
['Raymond Hettinger', 'Jaime Lannister', 'Jack Bauer', 'Peter Pan', 'Daniel Miz']
['Raymond Hettinger', 'Jaime Lannister', 'Jack Bauer', 'Peter Pan', 'Daniel Miz']
['Raymond Hettinger', 'Jaime Lannister', 'Jack Bauer', 'Peter Pan', 'Daniel Miz']
[('Training', '012303'), ('Security', '432941'), ('Classified', '345345'), ('Fantasy', '104357'), ('Training', '555555')]
[('Training', '012303'), ('Security', '432941'), ('Classified', '345345'), ('Fantasy', '104357'), ('Training', '555555')]
[('Training', '012303'), ('Security', '432941'), ('Classified', '345345'), ('Fantasy', '104357'), ('Training', '555555')]
[('Training', '012303'), ('Security', '432941'), ('Classified', '345345'), ('Fantasy', '104357'), ('Training', '555555')]
>>> 
>>> 
>>> zip('abc', 'def')
[('a', 'd'), ('b', 'e'), ('c', 'f')]
>>> 
====== RESTART: /Users/raymond/Dropbox/Public/sj141/employee_example.py ======
['Raymond Hettinger', 'Jaime Lannister', 'Jack Bauer', 'Peter Pan', 'Daniel Miz']
['Raymond Hettinger', 'Jaime Lannister', 'Jack Bauer', 'Peter Pan', 'Daniel Miz']
['Raymond Hettinger', 'Jaime Lannister', 'Jack Bauer', 'Peter Pan', 'Daniel Miz']
['Raymond Hettinger', 'Jaime Lannister', 'Jack Bauer', 'Peter Pan', 'Daniel Miz']
[('Training', '012303'), ('Security', '432941'), ('Classified', '345345'), ('Fantasy', '104357'), ('Training', '555555')]
[('Training', '012303'), ('Security', '432941'), ('Classified', '345345'), ('Fantasy', '104357'), ('Training', '555555')]
[('Training', '012303'), ('Security', '432941'), ('Classified', '345345'), ('Fantasy', '104357'), ('Training', '555555')]
[('Training', '012303'), ('Security', '432941'), ('Classified', '345345'), ('Fantasy', '104357'), ('Training', '555555')]
[('Training', '012303'), ('Security', '432941'), ('Classified', '345345'), ('Fantasy', '104357'), ('Training', '555555')]
>>> 
====== RESTART: /Users/raymond/Dropbox/Public/sj141/employee_example.py ======
['Raymond Hettinger', 'Jaime Lannister', 'Jack Bauer', 'Peter Pan', 'Daniel Miz']
['Raymond Hettinger', 'Jaime Lannister', 'Jack Bauer', 'Peter Pan', 'Daniel Miz']
['Raymond Hettinger', 'Jaime Lannister', 'Jack Bauer', 'Peter Pan', 'Daniel Miz']
['Raymond Hettinger', 'Jaime Lannister', 'Jack Bauer', 'Peter Pan', 'Daniel Miz']
[('Training', '012303'), ('Security', '432941'), ('Classified', '345345'), ('Fantasy', '104357'), ('Training', '555555')]
[('Training', '012303'), ('Security', '432941'), ('Classified', '345345'), ('Fantasy', '104357'), ('Training', '555555')]
[('Training', '012303'), ('Security', '432941'), ('Classified', '345345'), ('Fantasy', '104357'), ('Training', '555555')]
[('Training', '012303'), ('Security', '432941'), ('Classified', '345345'), ('Fantasy', '104357'), ('Training', '555555')]
[('Training', '012303'), ('Security', '432941'), ('Classified', '345345'), ('Fantasy', '104357'), ('Training', '555555')]
[Employee(id='012303', name='Raymond Hettinger', title='Python Guy', dept='Training'),
 Employee(id='432941', name='Jaime Lannister', title='King Slayer', dept='Security'),
 Employee(id='345345', name='Jack Bauer', title='Ex-Spy', dept='Classified'),
 Employee(id='104357', name='Peter Pan', title='Boy', dept='Fantasy'),
 Employee(id='555555', name='Daniel Miz', title='PyATS', dept='Training')]
>>> 
====== RESTART: /Users/raymond/Dropbox/Public/sj141/employee_example.py ======
['Raymond Hettinger', 'Jaime Lannister', 'Jack Bauer', 'Peter Pan', 'Daniel Miz']
['Raymond Hettinger', 'Jaime Lannister', 'Jack Bauer', 'Peter Pan', 'Daniel Miz']
['Raymond Hettinger', 'Jaime Lannister', 'Jack Bauer', 'Peter Pan', 'Daniel Miz']
['Raymond Hettinger', 'Jaime Lannister', 'Jack Bauer', 'Peter Pan', 'Daniel Miz']
[('Training', '012303'), ('Security', '432941'), ('Classified', '345345'), ('Fantasy', '104357'), ('Training', '555555')]
[('Training', '012303'), ('Security', '432941'), ('Classified', '345345'), ('Fantasy', '104357'), ('Training', '555555')]
[('Training', '012303'), ('Security', '432941'), ('Classified', '345345'), ('Fantasy', '104357'), ('Training', '555555')]
[('Training', '012303'), ('Security', '432941'), ('Classified', '345345'), ('Fantasy', '104357'), ('Training', '555555')]
[('Training', '012303'), ('Security', '432941'), ('Classified', '345345'), ('Fantasy', '104357'), ('Training', '555555')]
[Employee(id='012303', name='Raymond Hettinger', title='Python Guy', dept='Training'),
 Employee(id='432941', name='Jaime Lannister', title='King Slayer', dept='Security'),
 Employee(id='345345', name='Jack Bauer', title='Ex-Spy', dept='Classified'),
 Employee(id='104357', name='Peter Pan', title='Boy', dept='Fantasy'),
 Employee(id='555555', name='Daniel Miz', title='PyATS', dept='Training')]
[Employee(id='012303', name='Raymond Hettinger', title='Python Guy', dept='Training'),
 Employee(id='104357', name='Peter Pan', title='Boy', dept='Fantasy'),
 Employee(id='345345', name='Jack Bauer', title='Ex-Spy', dept='Classified'),
 Employee(id='432941', name='Jaime Lannister', title='King Slayer', dept='Security'),
 Employee(id='555555', name='Daniel Miz', title='PyATS', dept='Training')]
>>> 
====== RESTART: /Users/raymond/Dropbox/Public/sj141/employee_example.py ======
['Raymond Hettinger', 'Jaime Lannister', 'Jack Bauer', 'Peter Pan', 'Daniel Miz']
['Raymond Hettinger', 'Jaime Lannister', 'Jack Bauer', 'Peter Pan', 'Daniel Miz']
['Raymond Hettinger', 'Jaime Lannister', 'Jack Bauer', 'Peter Pan', 'Daniel Miz']
['Raymond Hettinger', 'Jaime Lannister', 'Jack Bauer', 'Peter Pan', 'Daniel Miz']
[('Training', '012303'), ('Security', '432941'), ('Classified', '345345'), ('Fantasy', '104357'), ('Training', '555555')]
[('Training', '012303'), ('Security', '432941'), ('Classified', '345345'), ('Fantasy', '104357'), ('Training', '555555')]
[('Training', '012303'), ('Security', '432941'), ('Classified', '345345'), ('Fantasy', '104357'), ('Training', '555555')]
[('Training', '012303'), ('Security', '432941'), ('Classified', '345345'), ('Fantasy', '104357'), ('Training', '555555')]
[('Training', '012303'), ('Security', '432941'), ('Classified', '345345'), ('Fantasy', '104357'), ('Training', '555555')]
[Employee(id='012303', name='Raymond Hettinger', title='Python Guy', dept='Training'),
 Employee(id='432941', name='Jaime Lannister', title='King Slayer', dept='Security'),
 Employee(id='345345', name='Jack Bauer', title='Ex-Spy', dept='Classified'),
 Employee(id='104357', name='Peter Pan', title='Boy', dept='Fantasy'),
 Employee(id='555555', name='Daniel Miz', title='PyATS', dept='Training')]
[Employee(id='012303', name='Raymond Hettinger', title='Python Guy', dept='Training'),
 Employee(id='104357', name='Peter Pan', title='Boy', dept='Fantasy'),
 Employee(id='345345', name='Jack Bauer', title='Ex-Spy', dept='Classified'),
 Employee(id='432941', name='Jaime Lannister', title='King Slayer', dept='Security'),
 Employee(id='555555', name='Daniel Miz', title='PyATS', dept='Training')]
[Employee(id='555555', name='Daniel Miz', title='PyATS', dept='Training'),
 Employee(id='345345', name='Jack Bauer', title='Ex-Spy', dept='Classified'),
 Employee(id='432941', name='Jaime Lannister', title='King Slayer', dept='Security'),
 Employee(id='104357', name='Peter Pan', title='Boy', dept='Fantasy'),
 Employee(id='012303', name='Raymond Hettinger', title='Python Guy', dept='Training')]
>>> 
====== RESTART: /Users/raymond/Dropbox/Public/sj141/employee_example.py ======
['Raymond Hettinger', 'Jaime Lannister', 'Jack Bauer', 'Peter Pan', 'Daniel Miz']
['Raymond Hettinger', 'Jaime Lannister', 'Jack Bauer', 'Peter Pan', 'Daniel Miz']
['Raymond Hettinger', 'Jaime Lannister', 'Jack Bauer', 'Peter Pan', 'Daniel Miz']
['Raymond Hettinger', 'Jaime Lannister', 'Jack Bauer', 'Peter Pan', 'Daniel Miz']
[('Training', '012303'), ('Security', '432941'), ('Classified', '345345'), ('Fantasy', '104357'), ('Training', '555555')]
[('Training', '012303'), ('Security', '432941'), ('Classified', '345345'), ('Fantasy', '104357'), ('Training', '555555')]
[('Training', '012303'), ('Security', '432941'), ('Classified', '345345'), ('Fantasy', '104357'), ('Training', '555555')]
[('Training', '012303'), ('Security', '432941'), ('Classified', '345345'), ('Fantasy', '104357'), ('Training', '555555')]
[('Training', '012303'), ('Security', '432941'), ('Classified', '345345'), ('Fantasy', '104357'), ('Training', '555555')]
[Employee(id='012303', name='Raymond Hettinger', title='Python Guy', dept='Training'),
 Employee(id='432941', name='Jaime Lannister', title='King Slayer', dept='Security'),
 Employee(id='345345', name='Jack Bauer', title='Ex-Spy', dept='Classified'),
 Employee(id='104357', name='Peter Pan', title='Boy', dept='Fantasy'),
 Employee(id='555555', name='Daniel Miz', title='PyATS', dept='Training')]
[Employee(id='012303', name='Raymond Hettinger', title='Python Guy', dept='Training'),
 Employee(id='104357', name='Peter Pan', title='Boy', dept='Fantasy'),
 Employee(id='345345', name='Jack Bauer', title='Ex-Spy', dept='Classified'),
 Employee(id='432941', name='Jaime Lannister', title='King Slayer', dept='Security'),
 Employee(id='555555', name='Daniel Miz', title='PyATS', dept='Training')]
[Employee(id='555555', name='Daniel Miz', title='PyATS', dept='Training'),
 Employee(id='345345', name='Jack Bauer', title='Ex-Spy', dept='Classified'),
 Employee(id='432941', name='Jaime Lannister', title='King Slayer', dept='Security'),
 Employee(id='104357', name='Peter Pan', title='Boy', dept='Fantasy'),
 Employee(id='012303', name='Raymond Hettinger', title='Python Guy', dept='Training')]
[Employee(id='345345', name='Jack Bauer', title='Ex-Spy', dept='Classified'),
 Employee(id='104357', name='Peter Pan', title='Boy', dept='Fantasy'),
 Employee(id='432941', name='Jaime Lannister', title='King Slayer', dept='Security'),
 Employee(id='555555', name='Daniel Miz', title='PyATS', dept='Training'),
 Employee(id='012303', name='Raymond Hettinger', title='Python Guy', dept='Training')]
>>> 
>>> 
>>> 
====== RESTART: /Users/raymond/Dropbox/Public/sj141/employee_example.py ======
['Raymond Hettinger', 'Jaime Lannister', 'Jack Bauer', 'Peter Pan', 'Daniel Miz']
['Raymond Hettinger', 'Jaime Lannister', 'Jack Bauer', 'Peter Pan', 'Daniel Miz']
['Raymond Hettinger', 'Jaime Lannister', 'Jack Bauer', 'Peter Pan', 'Daniel Miz']
['Raymond Hettinger', 'Jaime Lannister', 'Jack Bauer', 'Peter Pan', 'Daniel Miz']
[('Training', '012303'), ('Security', '432941'), ('Classified', '345345'), ('Fantasy', '104357'), ('Training', '555555')]
[('Training', '012303'), ('Security', '432941'), ('Classified', '345345'), ('Fantasy', '104357'), ('Training', '555555')]
[('Training', '012303'), ('Security', '432941'), ('Classified', '345345'), ('Fantasy', '104357'), ('Training', '555555')]
[('Training', '012303'), ('Security', '432941'), ('Classified', '345345'), ('Fantasy', '104357'), ('Training', '555555')]
[('Training', '012303'), ('Security', '432941'), ('Classified', '345345'), ('Fantasy', '104357'), ('Training', '555555')]
[Employee(id='012303', name='Raymond Hettinger', title='Python Guy', dept='Training'),
 Employee(id='432941', name='Jaime Lannister', title='King Slayer', dept='Security'),
 Employee(id='345345', name='Jack Bauer', title='Ex-Spy', dept='Classified'),
 Employee(id='104357', name='Peter Pan', title='Boy', dept='Fantasy'),
 Employee(id='555555', name='Daniel Miz', title='PyATS', dept='Training')]
[Employee(id='012303', name='Raymond Hettinger', title='Python Guy', dept='Training'),
 Employee(id='104357', name='Peter Pan', title='Boy', dept='Fantasy'),
 Employee(id='345345', name='Jack Bauer', title='Ex-Spy', dept='Classified'),
 Employee(id='432941', name='Jaime Lannister', title='King Slayer', dept='Security'),
 Employee(id='555555', name='Daniel Miz', title='PyATS', dept='Training')]
[Employee(id='555555', name='Daniel Miz', title='PyATS', dept='Training'),
 Employee(id='345345', name='Jack Bauer', title='Ex-Spy', dept='Classified'),
 Employee(id='432941', name='Jaime Lannister', title='King Slayer', dept='Security'),
 Employee(id='104357', name='Peter Pan', title='Boy', dept='Fantasy'),
 Employee(id='012303', name='Raymond Hettinger', title='Python Guy', dept='Training')]
[Employee(id='345345', name='Jack Bauer', title='Ex-Spy', dept='Classified'),
 Employee(id='104357', name='Peter Pan', title='Boy', dept='Fantasy'),
 Employee(id='432941', name='Jaime Lannister', title='King Slayer', dept='Security'),
 Employee(id='555555', name='Daniel Miz', title='PyATS', dept='Training'),
 Employee(id='012303', name='Raymond Hettinger', title='Python Guy', dept='Training')]
[-90, -41, -8, -5, 5, 7, 10, 18, 25, 32]
>>> 
====== RESTART: /Users/raymond/Dropbox/Public/sj141/employee_example.py ======
['Raymond Hettinger', 'Jaime Lannister', 'Jack Bauer', 'Peter Pan', 'Daniel Miz']
['Raymond Hettinger', 'Jaime Lannister', 'Jack Bauer', 'Peter Pan', 'Daniel Miz']
['Raymond Hettinger', 'Jaime Lannister', 'Jack Bauer', 'Peter Pan', 'Daniel Miz']
['Raymond Hettinger', 'Jaime Lannister', 'Jack Bauer', 'Peter Pan', 'Daniel Miz']
[('Training', '012303'), ('Security', '432941'), ('Classified', '345345'), ('Fantasy', '104357'), ('Training', '555555')]
[('Training', '012303'), ('Security', '432941'), ('Classified', '345345'), ('Fantasy', '104357'), ('Training', '555555')]
[('Training', '012303'), ('Security', '432941'), ('Classified', '345345'), ('Fantasy', '104357'), ('Training', '555555')]
[('Training', '012303'), ('Security', '432941'), ('Classified', '345345'), ('Fantasy', '104357'), ('Training', '555555')]
[('Training', '012303'), ('Security', '432941'), ('Classified', '345345'), ('Fantasy', '104357'), ('Training', '555555')]
[Employee(id='012303', name='Raymond Hettinger', title='Python Guy', dept='Training'),
 Employee(id='432941', name='Jaime Lannister', title='King Slayer', dept='Security'),
 Employee(id='345345', name='Jack Bauer', title='Ex-Spy', dept='Classified'),
 Employee(id='104357', name='Peter Pan', title='Boy', dept='Fantasy'),
 Employee(id='555555', name='Daniel Miz', title='PyATS', dept='Training')]
[Employee(id='012303', name='Raymond Hettinger', title='Python Guy', dept='Training'),
 Employee(id='104357', name='Peter Pan', title='Boy', dept='Fantasy'),
 Employee(id='345345', name='Jack Bauer', title='Ex-Spy', dept='Classified'),
 Employee(id='432941', name='Jaime Lannister', title='King Slayer', dept='Security'),
 Employee(id='555555', name='Daniel Miz', title='PyATS', dept='Training')]
[Employee(id='555555', name='Daniel Miz', title='PyATS', dept='Training'),
 Employee(id='345345', name='Jack Bauer', title='Ex-Spy', dept='Classified'),
 Employee(id='432941', name='Jaime Lannister', title='King Slayer', dept='Security'),
 Employee(id='104357', name='Peter Pan', title='Boy', dept='Fantasy'),
 Employee(id='012303', name='Raymond Hettinger', title='Python Guy', dept='Training')]
[Employee(id='345345', name='Jack Bauer', title='Ex-Spy', dept='Classified'),
 Employee(id='104357', name='Peter Pan', title='Boy', dept='Fantasy'),
 Employee(id='432941', name='Jaime Lannister', title='King Slayer', dept='Security'),
 Employee(id='555555', name='Daniel Miz', title='PyATS', dept='Training'),
 Employee(id='012303', name='Raymond Hettinger', title='Python Guy', dept='Training')]
[-90, -41, -8, -5, 5, 7, 10, 18, 25, 32]
-90 -90
>>> 
====== RESTART: /Users/raymond/Dropbox/Public/sj141/employee_example.py ======
['Raymond Hettinger', 'Jaime Lannister', 'Jack Bauer', 'Peter Pan', 'Daniel Miz']
['Raymond Hettinger', 'Jaime Lannister', 'Jack Bauer', 'Peter Pan', 'Daniel Miz']
['Raymond Hettinger', 'Jaime Lannister', 'Jack Bauer', 'Peter Pan', 'Daniel Miz']
['Raymond Hettinger', 'Jaime Lannister', 'Jack Bauer', 'Peter Pan', 'Daniel Miz']
[('Training', '012303'), ('Security', '432941'), ('Classified', '345345'), ('Fantasy', '104357'), ('Training', '555555')]
[('Training', '012303'), ('Security', '432941'), ('Classified', '345345'), ('Fantasy', '104357'), ('Training', '555555')]
[('Training', '012303'), ('Security', '432941'), ('Classified', '345345'), ('Fantasy', '104357'), ('Training', '555555')]
[('Training', '012303'), ('Security', '432941'), ('Classified', '345345'), ('Fantasy', '104357'), ('Training', '555555')]
[('Training', '012303'), ('Security', '432941'), ('Classified', '345345'), ('Fantasy', '104357'), ('Training', '555555')]
[Employee(id='012303', name='Raymond Hettinger', title='Python Guy', dept='Training'),
 Employee(id='432941', name='Jaime Lannister', title='King Slayer', dept='Security'),
 Employee(id='345345', name='Jack Bauer', title='Ex-Spy', dept='Classified'),
 Employee(id='104357', name='Peter Pan', title='Boy', dept='Fantasy'),
 Employee(id='555555', name='Daniel Miz', title='PyATS', dept='Training')]
[Employee(id='012303', name='Raymond Hettinger', title='Python Guy', dept='Training'),
 Employee(id='104357', name='Peter Pan', title='Boy', dept='Fantasy'),
 Employee(id='345345', name='Jack Bauer', title='Ex-Spy', dept='Classified'),
 Employee(id='432941', name='Jaime Lannister', title='King Slayer', dept='Security'),
 Employee(id='555555', name='Daniel Miz', title='PyATS', dept='Training')]
[Employee(id='555555', name='Daniel Miz', title='PyATS', dept='Training'),
 Employee(id='345345', name='Jack Bauer', title='Ex-Spy', dept='Classified'),
 Employee(id='432941', name='Jaime Lannister', title='King Slayer', dept='Security'),
 Employee(id='104357', name='Peter Pan', title='Boy', dept='Fantasy'),
 Employee(id='012303', name='Raymond Hettinger', title='Python Guy', dept='Training')]
[Employee(id='345345', name='Jack Bauer', title='Ex-Spy', dept='Classified'),
 Employee(id='104357', name='Peter Pan', title='Boy', dept='Fantasy'),
 Employee(id='432941', name='Jaime Lannister', title='King Slayer', dept='Security'),
 Employee(id='555555', name='Daniel Miz', title='PyATS', dept='Training'),
 Employee(id='012303', name='Raymond Hettinger', title='Python Guy', dept='Training')]
[-90, -41, -8, -5, 5, 7, 10, 18, 25, 32]
-90 -90
32 32
>>> 
====== RESTART: /Users/raymond/Dropbox/Public/sj141/employee_example.py ======
['Raymond Hettinger', 'Jaime Lannister', 'Jack Bauer', 'Peter Pan', 'Daniel Miz']
['Raymond Hettinger', 'Jaime Lannister', 'Jack Bauer', 'Peter Pan', 'Daniel Miz']
['Raymond Hettinger', 'Jaime Lannister', 'Jack Bauer', 'Peter Pan', 'Daniel Miz']
['Raymond Hettinger', 'Jaime Lannister', 'Jack Bauer', 'Peter Pan', 'Daniel Miz']
[('Training', '012303'), ('Security', '432941'), ('Classified', '345345'), ('Fantasy', '104357'), ('Training', '555555')]
[('Training', '012303'), ('Security', '432941'), ('Classified', '345345'), ('Fantasy', '104357'), ('Training', '555555')]
[('Training', '012303'), ('Security', '432941'), ('Classified', '345345'), ('Fantasy', '104357'), ('Training', '555555')]
[('Training', '012303'), ('Security', '432941'), ('Classified', '345345'), ('Fantasy', '104357'), ('Training', '555555')]
[('Training', '012303'), ('Security', '432941'), ('Classified', '345345'), ('Fantasy', '104357'), ('Training', '555555')]
[Employee(id='012303', name='Raymond Hettinger', title='Python Guy', dept='Training'),
 Employee(id='432941', name='Jaime Lannister', title='King Slayer', dept='Security'),
 Employee(id='345345', name='Jack Bauer', title='Ex-Spy', dept='Classified'),
 Employee(id='104357', name='Peter Pan', title='Boy', dept='Fantasy'),
 Employee(id='555555', name='Daniel Miz', title='PyATS', dept='Training')]
[Employee(id='012303', name='Raymond Hettinger', title='Python Guy', dept='Training'),
 Employee(id='104357', name='Peter Pan', title='Boy', dept='Fantasy'),
 Employee(id='345345', name='Jack Bauer', title='Ex-Spy', dept='Classified'),
 Employee(id='432941', name='Jaime Lannister', title='King Slayer', dept='Security'),
 Employee(id='555555', name='Daniel Miz', title='PyATS', dept='Training')]
[Employee(id='555555', name='Daniel Miz', title='PyATS', dept='Training'),
 Employee(id='345345', name='Jack Bauer', title='Ex-Spy', dept='Classified'),
 Employee(id='432941', name='Jaime Lannister', title='King Slayer', dept='Security'),
 Employee(id='104357', name='Peter Pan', title='Boy', dept='Fantasy'),
 Employee(id='012303', name='Raymond Hettinger', title='Python Guy', dept='Training')]
[Employee(id='345345', name='Jack Bauer', title='Ex-Spy', dept='Classified'),
 Employee(id='104357', name='Peter Pan', title='Boy', dept='Fantasy'),
 Employee(id='432941', name='Jaime Lannister', title='King Slayer', dept='Security'),
 Employee(id='555555', name='Daniel Miz', title='PyATS', dept='Training'),
 Employee(id='012303', name='Raymond Hettinger', title='Python Guy', dept='Training')]
[-90, -41, -8, -5, 5, 7, 10, 18, 25, 32]
-90 -90
32 32
[-90, -41, -8] [-90, -41, -8]
>>> 
====== RESTART: /Users/raymond/Dropbox/Public/sj141/employee_example.py ======
['Raymond Hettinger', 'Jaime Lannister', 'Jack Bauer', 'Peter Pan', 'Daniel Miz']
['Raymond Hettinger', 'Jaime Lannister', 'Jack Bauer', 'Peter Pan', 'Daniel Miz']
['Raymond Hettinger', 'Jaime Lannister', 'Jack Bauer', 'Peter Pan', 'Daniel Miz']
['Raymond Hettinger', 'Jaime Lannister', 'Jack Bauer', 'Peter Pan', 'Daniel Miz']
[('Training', '012303'), ('Security', '432941'), ('Classified', '345345'), ('Fantasy', '104357'), ('Training', '555555')]
[('Training', '012303'), ('Security', '432941'), ('Classified', '345345'), ('Fantasy', '104357'), ('Training', '555555')]
[('Training', '012303'), ('Security', '432941'), ('Classified', '345345'), ('Fantasy', '104357'), ('Training', '555555')]
[('Training', '012303'), ('Security', '432941'), ('Classified', '345345'), ('Fantasy', '104357'), ('Training', '555555')]
[('Training', '012303'), ('Security', '432941'), ('Classified', '345345'), ('Fantasy', '104357'), ('Training', '555555')]
[Employee(id='012303', name='Raymond Hettinger', title='Python Guy', dept='Training'),
 Employee(id='432941', name='Jaime Lannister', title='King Slayer', dept='Security'),
 Employee(id='345345', name='Jack Bauer', title='Ex-Spy', dept='Classified'),
 Employee(id='104357', name='Peter Pan', title='Boy', dept='Fantasy'),
 Employee(id='555555', name='Daniel Miz', title='PyATS', dept='Training')]
[Employee(id='012303', name='Raymond Hettinger', title='Python Guy', dept='Training'),
 Employee(id='104357', name='Peter Pan', title='Boy', dept='Fantasy'),
 Employee(id='345345', name='Jack Bauer', title='Ex-Spy', dept='Classified'),
 Employee(id='432941', name='Jaime Lannister', title='King Slayer', dept='Security'),
 Employee(id='555555', name='Daniel Miz', title='PyATS', dept='Training')]
[Employee(id='555555', name='Daniel Miz', title='PyATS', dept='Training'),
 Employee(id='345345', name='Jack Bauer', title='Ex-Spy', dept='Classified'),
 Employee(id='432941', name='Jaime Lannister', title='King Slayer', dept='Security'),
 Employee(id='104357', name='Peter Pan', title='Boy', dept='Fantasy'),
 Employee(id='012303', name='Raymond Hettinger', title='Python Guy', dept='Training')]
[Employee(id='345345', name='Jack Bauer', title='Ex-Spy', dept='Classified'),
 Employee(id='104357', name='Peter Pan', title='Boy', dept='Fantasy'),
 Employee(id='432941', name='Jaime Lannister', title='King Slayer', dept='Security'),
 Employee(id='555555', name='Daniel Miz', title='PyATS', dept='Training'),
 Employee(id='012303', name='Raymond Hettinger', title='Python Guy', dept='Training')]
[-90, -41, -8, -5, 5, 7, 10, 18, 25, 32]
-90 -90
32 32
[-90, -41, -8] [-90, -41, -8]
[32, 25, 18] [32, 25, 18]
>>> s = 'raymond'
>>> s[0:3]
'ray'
>>> s[2:5]
'ymo'
>>> s[2:5:1]
'ymo'
>>> s[1:7:2]
'amn'
>>> s[:3]
'ray'
>>> s[3:]
'mond'
>>> s[:]
'raymond'
>>> s[::1]
'raymond'
>>> s[::-1]
'dnomyar'
>>> 
====== RESTART: /Users/raymond/Dropbox/Public/sj141/employee_example.py ======
['Raymond Hettinger', 'Jaime Lannister', 'Jack Bauer', 'Peter Pan', 'Daniel Miz']
['Raymond Hettinger', 'Jaime Lannister', 'Jack Bauer', 'Peter Pan', 'Daniel Miz']
['Raymond Hettinger', 'Jaime Lannister', 'Jack Bauer', 'Peter Pan', 'Daniel Miz']
['Raymond Hettinger', 'Jaime Lannister', 'Jack Bauer', 'Peter Pan', 'Daniel Miz']
[('Training', '012303'), ('Security', '432941'), ('Classified', '345345'), ('Fantasy', '104357'), ('Training', '555555')]
[('Training', '012303'), ('Security', '432941'), ('Classified', '345345'), ('Fantasy', '104357'), ('Training', '555555')]
[('Training', '012303'), ('Security', '432941'), ('Classified', '345345'), ('Fantasy', '104357'), ('Training', '555555')]
[('Training', '012303'), ('Security', '432941'), ('Classified', '345345'), ('Fantasy', '104357'), ('Training', '555555')]
[('Training', '012303'), ('Security', '432941'), ('Classified', '345345'), ('Fantasy', '104357'), ('Training', '555555')]
[Employee(id='012303', name='Raymond Hettinger', title='Python Guy', dept='Training'),
 Employee(id='432941', name='Jaime Lannister', title='King Slayer', dept='Security'),
 Employee(id='345345', name='Jack Bauer', title='Ex-Spy', dept='Classified'),
 Employee(id='104357', name='Peter Pan', title='Boy', dept='Fantasy'),
 Employee(id='555555', name='Daniel Miz', title='PyATS', dept='Training')]
[Employee(id='012303', name='Raymond Hettinger', title='Python Guy', dept='Training'),
 Employee(id='104357', name='Peter Pan', title='Boy', dept='Fantasy'),
 Employee(id='345345', name='Jack Bauer', title='Ex-Spy', dept='Classified'),
 Employee(id='432941', name='Jaime Lannister', title='King Slayer', dept='Security'),
 Employee(id='555555', name='Daniel Miz', title='PyATS', dept='Training')]
[Employee(id='555555', name='Daniel Miz', title='PyATS', dept='Training'),
 Employee(id='345345', name='Jack Bauer', title='Ex-Spy', dept='Classified'),
 Employee(id='432941', name='Jaime Lannister', title='King Slayer', dept='Security'),
 Employee(id='104357', name='Peter Pan', title='Boy', dept='Fantasy'),
 Employee(id='012303', name='Raymond Hettinger', title='Python Guy', dept='Training')]
[Employee(id='345345', name='Jack Bauer', title='Ex-Spy', dept='Classified'),
 Employee(id='104357', name='Peter Pan', title='Boy', dept='Fantasy'),
 Employee(id='432941', name='Jaime Lannister', title='King Slayer', dept='Security'),
 Employee(id='555555', name='Daniel Miz', title='PyATS', dept='Training'),
 Employee(id='012303', name='Raymond Hettinger', title='Python Guy', dept='Training')]
[-90, -41, -8, -5, 5, 7, 10, 18, 25, 32]
-90 -90
32 32
[-90, -41, -8] [-90, -41, -8]
[32, 25, 18] [32, 25, 18]
[-5, 5, 7, -8, 10, 18, 25, 32, -41, -90]
>>> 
====== RESTART: /Users/raymond/Dropbox/Public/sj141/employee_example.py ======
['Raymond Hettinger', 'Jaime Lannister', 'Jack Bauer', 'Peter Pan', 'Daniel Miz']
['Raymond Hettinger', 'Jaime Lannister', 'Jack Bauer', 'Peter Pan', 'Daniel Miz']
['Raymond Hettinger', 'Jaime Lannister', 'Jack Bauer', 'Peter Pan', 'Daniel Miz']
['Raymond Hettinger', 'Jaime Lannister', 'Jack Bauer', 'Peter Pan', 'Daniel Miz']
[('Training', '012303'), ('Security', '432941'), ('Classified', '345345'), ('Fantasy', '104357'), ('Training', '555555')]
[('Training', '012303'), ('Security', '432941'), ('Classified', '345345'), ('Fantasy', '104357'), ('Training', '555555')]
[('Training', '012303'), ('Security', '432941'), ('Classified', '345345'), ('Fantasy', '104357'), ('Training', '555555')]
[('Training', '012303'), ('Security', '432941'), ('Classified', '345345'), ('Fantasy', '104357'), ('Training', '555555')]
[('Training', '012303'), ('Security', '432941'), ('Classified', '345345'), ('Fantasy', '104357'), ('Training', '555555')]
[Employee(id='012303', name='Raymond Hettinger', title='Python Guy', dept='Training'),
 Employee(id='432941', name='Jaime Lannister', title='King Slayer', dept='Security'),
 Employee(id='345345', name='Jack Bauer', title='Ex-Spy', dept='Classified'),
 Employee(id='104357', name='Peter Pan', title='Boy', dept='Fantasy'),
 Employee(id='555555', name='Daniel Miz', title='PyATS', dept='Training')]
[Employee(id='012303', name='Raymond Hettinger', title='Python Guy', dept='Training'),
 Employee(id='104357', name='Peter Pan', title='Boy', dept='Fantasy'),
 Employee(id='345345', name='Jack Bauer', title='Ex-Spy', dept='Classified'),
 Employee(id='432941', name='Jaime Lannister', title='King Slayer', dept='Security'),
 Employee(id='555555', name='Daniel Miz', title='PyATS', dept='Training')]
[Employee(id='555555', name='Daniel Miz', title='PyATS', dept='Training'),
 Employee(id='345345', name='Jack Bauer', title='Ex-Spy', dept='Classified'),
 Employee(id='432941', name='Jaime Lannister', title='King Slayer', dept='Security'),
 Employee(id='104357', name='Peter Pan', title='Boy', dept='Fantasy'),
 Employee(id='012303', name='Raymond Hettinger', title='Python Guy', dept='Training')]
[Employee(id='345345', name='Jack Bauer', title='Ex-Spy', dept='Classified'),
 Employee(id='104357', name='Peter Pan', title='Boy', dept='Fantasy'),
 Employee(id='432941', name='Jaime Lannister', title='King Slayer', dept='Security'),
 Employee(id='555555', name='Daniel Miz', title='PyATS', dept='Training'),
 Employee(id='012303', name='Raymond Hettinger', title='Python Guy', dept='Training')]
[-90, -41, -8, -5, 5, 7, 10, 18, 25, 32]
-90 -90
32 32
[-90, -41, -8] [-90, -41, -8]
[32, 25, 18] [32, 25, 18]
[-5, 5, 7, -8, 10, 18, 25, 32, -41, -90]
[10, 7, 5]
>>> 
====== RESTART: /Users/raymond/Dropbox/Public/sj141/employee_example.py ======
['Raymond Hettinger', 'Jaime Lannister', 'Jack Bauer', 'Peter Pan', 'Daniel Miz']
['Raymond Hettinger', 'Jaime Lannister', 'Jack Bauer', 'Peter Pan', 'Daniel Miz']
['Raymond Hettinger', 'Jaime Lannister', 'Jack Bauer', 'Peter Pan', 'Daniel Miz']
['Raymond Hettinger', 'Jaime Lannister', 'Jack Bauer', 'Peter Pan', 'Daniel Miz']
[('Training', '012303'), ('Security', '432941'), ('Classified', '345345'), ('Fantasy', '104357'), ('Training', '555555')]
[('Training', '012303'), ('Security', '432941'), ('Classified', '345345'), ('Fantasy', '104357'), ('Training', '555555')]
[('Training', '012303'), ('Security', '432941'), ('Classified', '345345'), ('Fantasy', '104357'), ('Training', '555555')]
[('Training', '012303'), ('Security', '432941'), ('Classified', '345345'), ('Fantasy', '104357'), ('Training', '555555')]
[('Training', '012303'), ('Security', '432941'), ('Classified', '345345'), ('Fantasy', '104357'), ('Training', '555555')]
[Employee(id='012303', name='Raymond Hettinger', title='Python Guy', dept='Training'),
 Employee(id='432941', name='Jaime Lannister', title='King Slayer', dept='Security'),
 Employee(id='345345', name='Jack Bauer', title='Ex-Spy', dept='Classified'),
 Employee(id='104357', name='Peter Pan', title='Boy', dept='Fantasy'),
 Employee(id='555555', name='Daniel Miz', title='PyATS', dept='Training')]
[Employee(id='012303', name='Raymond Hettinger', title='Python Guy', dept='Training'),
 Employee(id='104357', name='Peter Pan', title='Boy', dept='Fantasy'),
 Employee(id='345345', name='Jack Bauer', title='Ex-Spy', dept='Classified'),
 Employee(id='432941', name='Jaime Lannister', title='King Slayer', dept='Security'),
 Employee(id='555555', name='Daniel Miz', title='PyATS', dept='Training')]
[Employee(id='555555', name='Daniel Miz', title='PyATS', dept='Training'),
 Employee(id='345345', name='Jack Bauer', title='Ex-Spy', dept='Classified'),
 Employee(id='432941', name='Jaime Lannister', title='King Slayer', dept='Security'),
 Employee(id='104357', name='Peter Pan', title='Boy', dept='Fantasy'),
 Employee(id='012303', name='Raymond Hettinger', title='Python Guy', dept='Training')]
[Employee(id='345345', name='Jack Bauer', title='Ex-Spy', dept='Classified'),
 Employee(id='104357', name='Peter Pan', title='Boy', dept='Fantasy'),
 Employee(id='432941', name='Jaime Lannister', title='King Slayer', dept='Security'),
 Employee(id='555555', name='Daniel Miz', title='PyATS', dept='Training'),
 Employee(id='012303', name='Raymond Hettinger', title='Python Guy', dept='Training')]
[-90, -41, -8, -5, 5, 7, 10, 18, 25, 32]
-90 -90
32 32
[-90, -41, -8] [-90, -41, -8]
[32, 25, 18] [32, 25, 18]
[-5, 5, 7, -8, 10, 18, 25, 32, -41, -90]
[10, 7, 5]
>>> #  nsmallest(k=100, n=4000000)   --> less that 1% over the cost of min()
>>> #  nsmallest(k=3000000, n=4000000)   --> slightly better that sorted()
>>> # O(n) <   ....      < O(n log n)
>>> # It is fastest with small k and large n
>>> 
>>> min(data, key=abs)
-5
>>> 
>>> data
[10, -5, 18, -8, 25, -90, 32, 5, -41, 7]
>>> max(data, key=abs)
-90
>>> sorted(data, key=abs)[-1]
-90
>>> pprint(staff)
[Employee(id='012303', name='Raymond Hettinger', title='Python Guy', dept='Training'),
 Employee(id='432941', name='Jaime Lannister', title='King Slayer', dept='Security'),
 Employee(id='345345', name='Jack Bauer', title='Ex-Spy', dept='Classified'),
 Employee(id='104357', name='Peter Pan', title='Boy', dept='Fantasy'),
 Employee(id='555555', name='Daniel Miz', title='PyATS', dept='Training')]
>>> 
====== RESTART: /Users/raymond/Dropbox/Public/sj141/employee_example.py ======
['Raymond Hettinger', 'Jaime Lannister', 'Jack Bauer', 'Peter Pan', 'Daniel Miz']
['Raymond Hettinger', 'Jaime Lannister', 'Jack Bauer', 'Peter Pan', 'Daniel Miz']
['Raymond Hettinger', 'Jaime Lannister', 'Jack Bauer', 'Peter Pan', 'Daniel Miz']
['Raymond Hettinger', 'Jaime Lannister', 'Jack Bauer', 'Peter Pan', 'Daniel Miz']
[('Training', '012303'), ('Security', '432941'), ('Classified', '345345'), ('Fantasy', '104357'), ('Training', '555555')]
[('Training', '012303'), ('Security', '432941'), ('Classified', '345345'), ('Fantasy', '104357'), ('Training', '555555')]
[('Training', '012303'), ('Security', '432941'), ('Classified', '345345'), ('Fantasy', '104357'), ('Training', '555555')]
[('Training', '012303'), ('Security', '432941'), ('Classified', '345345'), ('Fantasy', '104357'), ('Training', '555555')]
[('Training', '012303'), ('Security', '432941'), ('Classified', '345345'), ('Fantasy', '104357'), ('Training', '555555')]
[Employee(id='012303', name='Raymond Hettinger', title='Python Guy', dept='Training'),
 Employee(id='432941', name='Jaime Lannister', title='King Slayer', dept='Security'),
 Employee(id='345345', name='Jack Bauer', title='Ex-Spy', dept='Classified'),
 Employee(id='104357', name='Peter Pan', title='Boy', dept='Fantasy'),
 Employee(id='555555', name='Daniel Miz', title='PyATS', dept='Training')]
[Employee(id='012303', name='Raymond Hettinger', title='Python Guy', dept='Training'),
 Employee(id='104357', name='Peter Pan', title='Boy', dept='Fantasy'),
 Employee(id='345345', name='Jack Bauer', title='Ex-Spy', dept='Classified'),
 Employee(id='432941', name='Jaime Lannister', title='King Slayer', dept='Security'),
 Employee(id='555555', name='Daniel Miz', title='PyATS', dept='Training')]
[Employee(id='555555', name='Daniel Miz', title='PyATS', dept='Training'),
 Employee(id='345345', name='Jack Bauer', title='Ex-Spy', dept='Classified'),
 Employee(id='432941', name='Jaime Lannister', title='King Slayer', dept='Security'),
 Employee(id='104357', name='Peter Pan', title='Boy', dept='Fantasy'),
 Employee(id='012303', name='Raymond Hettinger', title='Python Guy', dept='Training')]
[Employee(id='345345', name='Jack Bauer', title='Ex-Spy', dept='Classified'),
 Employee(id='104357', name='Peter Pan', title='Boy', dept='Fantasy'),
 Employee(id='432941', name='Jaime Lannister', title='King Slayer', dept='Security'),
 Employee(id='555555', name='Daniel Miz', title='PyATS', dept='Training'),
 Employee(id='012303', name='Raymond Hettinger', title='Python Guy', dept='Training')]
[-90, -41, -8, -5, 5, 7, 10, 18, 25, 32]
-90 -90
32 32
[-90, -41, -8] [-90, -41, -8]
[32, 25, 18] [32, 25, 18]
[-5, 5, 7, -8, 10, 18, 25, 32, -41, -90]
[10, 7, 5]
>>> 
====== RESTART: /Users/raymond/Dropbox/Public/sj141/employee_example.py ======
['Raymond Hettinger', 'Jaime Lannister', 'Jack Bauer', 'Peter Pan', 'Daniel Miz']
['Raymond Hettinger', 'Jaime Lannister', 'Jack Bauer', 'Peter Pan', 'Daniel Miz']
['Raymond Hettinger', 'Jaime Lannister', 'Jack Bauer', 'Peter Pan', 'Daniel Miz']
['Raymond Hettinger', 'Jaime Lannister', 'Jack Bauer', 'Peter Pan', 'Daniel Miz']
[('Training', '012303'), ('Security', '432941'), ('Classified', '345345'), ('Fantasy', '104357'), ('Training', '555555')]
[('Training', '012303'), ('Security', '432941'), ('Classified', '345345'), ('Fantasy', '104357'), ('Training', '555555')]
[('Training', '012303'), ('Security', '432941'), ('Classified', '345345'), ('Fantasy', '104357'), ('Training', '555555')]
[('Training', '012303'), ('Security', '432941'), ('Classified', '345345'), ('Fantasy', '104357'), ('Training', '555555')]
[('Training', '012303'), ('Security', '432941'), ('Classified', '345345'), ('Fantasy', '104357'), ('Training', '555555')]
[Employee(id='012303', name='Raymond Hettinger', title='Python Guy', dept='Training'),
 Employee(id='432941', name='Jaime Lannister', title='King Slayer', dept='Security'),
 Employee(id='345345', name='Jack Bauer', title='Ex-Spy', dept='Classified'),
 Employee(id='104357', name='Peter Pan', title='Boy', dept='Fantasy'),
 Employee(id='555555', name='Daniel Miz', title='PyATS', dept='Training')]
[Employee(id='012303', name='Raymond Hettinger', title='Python Guy', dept='Training'),
 Employee(id='104357', name='Peter Pan', title='Boy', dept='Fantasy'),
 Employee(id='345345', name='Jack Bauer', title='Ex-Spy', dept='Classified'),
 Employee(id='432941', name='Jaime Lannister', title='King Slayer', dept='Security'),
 Employee(id='555555', name='Daniel Miz', title='PyATS', dept='Training')]
[Employee(id='555555', name='Daniel Miz', title='PyATS', dept='Training'),
 Employee(id='345345', name='Jack Bauer', title='Ex-Spy', dept='Classified'),
 Employee(id='432941', name='Jaime Lannister', title='King Slayer', dept='Security'),
 Employee(id='104357', name='Peter Pan', title='Boy', dept='Fantasy'),
 Employee(id='012303', name='Raymond Hettinger', title='Python Guy', dept='Training')]
[Employee(id='345345', name='Jack Bauer', title='Ex-Spy', dept='Classified'),
 Employee(id='104357', name='Peter Pan', title='Boy', dept='Fantasy'),
 Employee(id='432941', name='Jaime Lannister', title='King Slayer', dept='Security'),
 Employee(id='555555', name='Daniel Miz', title='PyATS', dept='Training'),
 Employee(id='012303', name='Raymond Hettinger', title='Python Guy', dept='Training')]
[-90, -41, -8, -5, 5, 7, 10, 18, 25, 32]
-90 -90
32 32
[-90, -41, -8] [-90, -41, -8]
[32, 25, 18] [32, 25, 18]
[-5, 5, 7, -8, 10, 18, 25, 32, -41, -90]
[10, 7, 5]
>>> 
====== RESTART: /Users/raymond/Dropbox/Public/sj141/employee_example.py ======
['Raymond Hettinger', 'Jaime Lannister', 'Jack Bauer', 'Peter Pan', 'Daniel Miz']
['Raymond Hettinger', 'Jaime Lannister', 'Jack Bauer', 'Peter Pan', 'Daniel Miz']
['Raymond Hettinger', 'Jaime Lannister', 'Jack Bauer', 'Peter Pan', 'Daniel Miz']
['Raymond Hettinger', 'Jaime Lannister', 'Jack Bauer', 'Peter Pan', 'Daniel Miz']
[('Training', '012303'), ('Security', '432941'), ('Classified', '345345'), ('Fantasy', '104357'), ('Training', '555555')]
[('Training', '012303'), ('Security', '432941'), ('Classified', '345345'), ('Fantasy', '104357'), ('Training', '555555')]
[('Training', '012303'), ('Security', '432941'), ('Classified', '345345'), ('Fantasy', '104357'), ('Training', '555555')]
[('Training', '012303'), ('Security', '432941'), ('Classified', '345345'), ('Fantasy', '104357'), ('Training', '555555')]
[('Training', '012303'), ('Security', '432941'), ('Classified', '345345'), ('Fantasy', '104357'), ('Training', '555555')]
[Employee(id='012303', name='Raymond Hettinger', title='Python Guy', dept='Training'),
 Employee(id='432941', name='Jaime Lannister', title='King Slayer', dept='Security'),
 Employee(id='345345', name='Jack Bauer', title='Ex-Spy', dept='Classified'),
 Employee(id='104357', name='Peter Pan', title='Boy', dept='Fantasy'),
 Employee(id='555555', name='Daniel Miz', title='PyATS', dept='Training')]
[Employee(id='012303', name='Raymond Hettinger', title='Python Guy', dept='Training'),
 Employee(id='104357', name='Peter Pan', title='Boy', dept='Fantasy'),
 Employee(id='345345', name='Jack Bauer', title='Ex-Spy', dept='Classified'),
 Employee(id='432941', name='Jaime Lannister', title='King Slayer', dept='Security'),
 Employee(id='555555', name='Daniel Miz', title='PyATS', dept='Training')]
[Employee(id='555555', name='Daniel Miz', title='PyATS', dept='Training'),
 Employee(id='345345', name='Jack Bauer', title='Ex-Spy', dept='Classified'),
 Employee(id='432941', name='Jaime Lannister', title='King Slayer', dept='Security'),
 Employee(id='104357', name='Peter Pan', title='Boy', dept='Fantasy'),
 Employee(id='012303', name='Raymond Hettinger', title='Python Guy', dept='Training')]
[Employee(id='345345', name='Jack Bauer', title='Ex-Spy', dept='Classified'),
 Employee(id='104357', name='Peter Pan', title='Boy', dept='Fantasy'),
 Employee(id='432941', name='Jaime Lannister', title='King Slayer', dept='Security'),
 Employee(id='555555', name='Daniel Miz', title='PyATS', dept='Training'),
 Employee(id='012303', name='Raymond Hettinger', title='Python Guy', dept='Training')]
[-90, -41, -8, -5, 5, 7, 10, 18, 25, 32]
-90 -90
32 32
[-90, -41, -8] [-90, -41, -8]
[32, 25, 18] [32, 25, 18]
[-5, 5, 7, -8, 10, 18, 25, 32, -41, -90]
[10, 7, 5]
<built-in function pow>
<built-in function pow>
>>> 
====== RESTART: /Users/raymond/Dropbox/Public/sj141/employee_example.py ======
['Raymond Hettinger', 'Jaime Lannister', 'Jack Bauer', 'Peter Pan', 'Daniel Miz']
['Raymond Hettinger', 'Jaime Lannister', 'Jack Bauer', 'Peter Pan', 'Daniel Miz']
['Raymond Hettinger', 'Jaime Lannister', 'Jack Bauer', 'Peter Pan', 'Daniel Miz']
['Raymond Hettinger', 'Jaime Lannister', 'Jack Bauer', 'Peter Pan', 'Daniel Miz']
[('Training', '012303'), ('Security', '432941'), ('Classified', '345345'), ('Fantasy', '104357'), ('Training', '555555')]
[('Training', '012303'), ('Security', '432941'), ('Classified', '345345'), ('Fantasy', '104357'), ('Training', '555555')]
[('Training', '012303'), ('Security', '432941'), ('Classified', '345345'), ('Fantasy', '104357'), ('Training', '555555')]
[('Training', '012303'), ('Security', '432941'), ('Classified', '345345'), ('Fantasy', '104357'), ('Training', '555555')]
[('Training', '012303'), ('Security', '432941'), ('Classified', '345345'), ('Fantasy', '104357'), ('Training', '555555')]
[Employee(id='012303', name='Raymond Hettinger', title='Python Guy', dept='Training'),
 Employee(id='432941', name='Jaime Lannister', title='King Slayer', dept='Security'),
 Employee(id='345345', name='Jack Bauer', title='Ex-Spy', dept='Classified'),
 Employee(id='104357', name='Peter Pan', title='Boy', dept='Fantasy'),
 Employee(id='555555', name='Daniel Miz', title='PyATS', dept='Training')]
[Employee(id='012303', name='Raymond Hettinger', title='Python Guy', dept='Training'),
 Employee(id='104357', name='Peter Pan', title='Boy', dept='Fantasy'),
 Employee(id='345345', name='Jack Bauer', title='Ex-Spy', dept='Classified'),
 Employee(id='432941', name='Jaime Lannister', title='King Slayer', dept='Security'),
 Employee(id='555555', name='Daniel Miz', title='PyATS', dept='Training')]
[Employee(id='555555', name='Daniel Miz', title='PyATS', dept='Training'),
 Employee(id='345345', name='Jack Bauer', title='Ex-Spy', dept='Classified'),
 Employee(id='432941', name='Jaime Lannister', title='King Slayer', dept='Security'),
 Employee(id='104357', name='Peter Pan', title='Boy', dept='Fantasy'),
 Employee(id='012303', name='Raymond Hettinger', title='Python Guy', dept='Training')]
[Employee(id='345345', name='Jack Bauer', title='Ex-Spy', dept='Classified'),
 Employee(id='104357', name='Peter Pan', title='Boy', dept='Fantasy'),
 Employee(id='432941', name='Jaime Lannister', title='King Slayer', dept='Security'),
 Employee(id='555555', name='Daniel Miz', title='PyATS', dept='Training'),
 Employee(id='012303', name='Raymond Hettinger', title='Python Guy', dept='Training')]
[-90, -41, -8, -5, 5, 7, 10, 18, 25, 32]
-90 -90
32 32
[-90, -41, -8] [-90, -41, -8]
[32, 25, 18] [32, 25, 18]
[-5, 5, 7, -8, 10, 18, 25, 32, -41, -90]
[10, 7, 5]
(u'012303', u'Raymond Hettinger', u'Python Guy', u'Training')
(u'555555', u'Daniel Miz', u'PyATS', u'Training')
>>> 
====== RESTART: /Users/raymond/Dropbox/Public/sj141/employee_example.py ======
['Raymond Hettinger', 'Jaime Lannister', 'Jack Bauer', 'Peter Pan', 'Daniel Miz']
['Raymond Hettinger', 'Jaime Lannister', 'Jack Bauer', 'Peter Pan', 'Daniel Miz']
['Raymond Hettinger', 'Jaime Lannister', 'Jack Bauer', 'Peter Pan', 'Daniel Miz']
['Raymond Hettinger', 'Jaime Lannister', 'Jack Bauer', 'Peter Pan', 'Daniel Miz']
[('Training', '012303'), ('Security', '432941'), ('Classified', '345345'), ('Fantasy', '104357'), ('Training', '555555')]
[('Training', '012303'), ('Security', '432941'), ('Classified', '345345'), ('Fantasy', '104357'), ('Training', '555555')]
[('Training', '012303'), ('Security', '432941'), ('Classified', '345345'), ('Fantasy', '104357'), ('Training', '555555')]
[('Training', '012303'), ('Security', '432941'), ('Classified', '345345'), ('Fantasy', '104357'), ('Training', '555555')]
[('Training', '012303'), ('Security', '432941'), ('Classified', '345345'), ('Fantasy', '104357'), ('Training', '555555')]
[Employee(id='012303', name='Raymond Hettinger', title='Python Guy', dept='Training'),
 Employee(id='432941', name='Jaime Lannister', title='King Slayer', dept='Security'),
 Employee(id='345345', name='Jack Bauer', title='Ex-Spy', dept='Classified'),
 Employee(id='104357', name='Peter Pan', title='Boy', dept='Fantasy'),
 Employee(id='555555', name='Daniel Miz', title='PyATS', dept='Training')]
[Employee(id='012303', name='Raymond Hettinger', title='Python Guy', dept='Training'),
 Employee(id='104357', name='Peter Pan', title='Boy', dept='Fantasy'),
 Employee(id='345345', name='Jack Bauer', title='Ex-Spy', dept='Classified'),
 Employee(id='432941', name='Jaime Lannister', title='King Slayer', dept='Security'),
 Employee(id='555555', name='Daniel Miz', title='PyATS', dept='Training')]
[Employee(id='555555', name='Daniel Miz', title='PyATS', dept='Training'),
 Employee(id='345345', name='Jack Bauer', title='Ex-Spy', dept='Classified'),
 Employee(id='432941', name='Jaime Lannister', title='King Slayer', dept='Security'),
 Employee(id='104357', name='Peter Pan', title='Boy', dept='Fantasy'),
 Employee(id='012303', name='Raymond Hettinger', title='Python Guy', dept='Training')]
[Employee(id='345345', name='Jack Bauer', title='Ex-Spy', dept='Classified'),
 Employee(id='104357', name='Peter Pan', title='Boy', dept='Fantasy'),
 Employee(id='432941', name='Jaime Lannister', title='King Slayer', dept='Security'),
 Employee(id='555555', name='Daniel Miz', title='PyATS', dept='Training'),
 Employee(id='012303', name='Raymond Hettinger', title='Python Guy', dept='Training')]
[-90, -41, -8, -5, 5, 7, 10, 18, 25, 32]
-90 -90
32 32
[-90, -41, -8] [-90, -41, -8]
[32, 25, 18] [32, 25, 18]
[-5, 5, 7, -8, 10, 18, 25, 32, -41, -90]
[10, 7, 5]
(u'012303', u'Raymond Hettinger', u'Python Guy', u'Training')
(u'555555', u'Daniel Miz', u'PyATS', u'Training')
(2,)
>>> 
====== RESTART: /Users/raymond/Dropbox/Public/sj141/employee_example.py ======
['Raymond Hettinger', 'Jaime Lannister', 'Jack Bauer', 'Peter Pan', 'Daniel Miz']
['Raymond Hettinger', 'Jaime Lannister', 'Jack Bauer', 'Peter Pan', 'Daniel Miz']
['Raymond Hettinger', 'Jaime Lannister', 'Jack Bauer', 'Peter Pan', 'Daniel Miz']
['Raymond Hettinger', 'Jaime Lannister', 'Jack Bauer', 'Peter Pan', 'Daniel Miz']
[('Training', '012303'), ('Security', '432941'), ('Classified', '345345'), ('Fantasy', '104357'), ('Training', '555555')]
[('Training', '012303'), ('Security', '432941'), ('Classified', '345345'), ('Fantasy', '104357'), ('Training', '555555')]
[('Training', '012303'), ('Security', '432941'), ('Classified', '345345'), ('Fantasy', '104357'), ('Training', '555555')]
[('Training', '012303'), ('Security', '432941'), ('Classified', '345345'), ('Fantasy', '104357'), ('Training', '555555')]
[('Training', '012303'), ('Security', '432941'), ('Classified', '345345'), ('Fantasy', '104357'), ('Training', '555555')]
[Employee(id='012303', name='Raymond Hettinger', title='Python Guy', dept='Training'),
 Employee(id='432941', name='Jaime Lannister', title='King Slayer', dept='Security'),
 Employee(id='345345', name='Jack Bauer', title='Ex-Spy', dept='Classified'),
 Employee(id='104357', name='Peter Pan', title='Boy', dept='Fantasy'),
 Employee(id='555555', name='Daniel Miz', title='PyATS', dept='Training')]
[Employee(id='012303', name='Raymond Hettinger', title='Python Guy', dept='Training'),
 Employee(id='104357', name='Peter Pan', title='Boy', dept='Fantasy'),
 Employee(id='345345', name='Jack Bauer', title='Ex-Spy', dept='Classified'),
 Employee(id='432941', name='Jaime Lannister', title='King Slayer', dept='Security'),
 Employee(id='555555', name='Daniel Miz', title='PyATS', dept='Training')]
[Employee(id='555555', name='Daniel Miz', title='PyATS', dept='Training'),
 Employee(id='345345', name='Jack Bauer', title='Ex-Spy', dept='Classified'),
 Employee(id='432941', name='Jaime Lannister', title='King Slayer', dept='Security'),
 Employee(id='104357', name='Peter Pan', title='Boy', dept='Fantasy'),
 Employee(id='012303', name='Raymond Hettinger', title='Python Guy', dept='Training')]
[Employee(id='345345', name='Jack Bauer', title='Ex-Spy', dept='Classified'),
 Employee(id='104357', name='Peter Pan', title='Boy', dept='Fantasy'),
 Employee(id='432941', name='Jaime Lannister', title='King Slayer', dept='Security'),
 Employee(id='555555', name='Daniel Miz', title='PyATS', dept='Training'),
 Employee(id='012303', name='Raymond Hettinger', title='Python Guy', dept='Training')]
[-90, -41, -8, -5, 5, 7, 10, 18, 25, 32]
-90 -90
32 32
[-90, -41, -8] [-90, -41, -8]
[32, 25, 18] [32, 25, 18]
[-5, 5, 7, -8, 10, 18, 25, 32, -41, -90]
[10, 7, 5]
(u'012303', u'Raymond Hettinger', u'Python Guy', u'Training')
(u'555555', u'Daniel Miz', u'PyATS', u'Training')
(2,)
>>> 
>>> 
>>> # Databases shine when your queries involve 1) Joining Tables 2) Or GroupBy
>>> # :10 --> heaps   partial    event loops
>>> 
>>> 
>>> 
>>> from random import randrange
>>> randrange(1, 7)
3
>>> # ^-- arity of two
>>> pow(2, 5)
32
>>> # ^-- arity of two
>>> 
>>> def roll():
	return randrange(1, 7)

>>> roll()
1
>>> roll()
5
>>> roll()
3
>>> def twopow(exp):
	return pow(2, exp)

>>> twopow(5)
32
>>> 
>>> from functools import partial
>>> roll = partial(randrange, 1, 7)
>>> roll()
4
>>> twopow = partial(pow, 2)
>>> twopow(5)
32
>>> 
>>> def pow(base, exp):
	return base ** exp

>>> pow(exp=5, base=2)
32
>>> square = partial(pow, exp=2)
>>> square(6)
36
>>> square = lambda base:  pow(base, 2)
>>> 
>>> 
>>> def f(a, b, c, d):
	print a
	print b
	print c
	print d

	
>>> g = partial(f, b=20, d=40)
>>> g(a=10, c=30)
10
20
30
40
>>> 
>>> g = lambda a, c: f(a, 20, c, 40)
>>> g(10, 30)
10
20
30
40
>>> f = open('notes3/hamlet.txt')
>>> f.read(10)
'The Traged'
>>> f.read(10)
'y of Hamle'
>>> 
>>> bm = f.read
>>> bm(10)
't, Prince '
>>> bm(10)
'of Denmark'
>>> 
>>> 
>>> f = open('notes3/hamlet.txt')
>>> r = partial(f.read, 10)
>>> r()
'The Traged'
>>> r()
'y of Hamle'
>>> r()
't, Prince '
>>> 
>>> blocks = []
>>> while True:
	block = f.read(10)
	if not block:
		break
	blocks.append(block)

	
>>> blocks[:4]
['of Denmark', '\r\nShakespe', 'are homepa', 'ge | Hamle']
>>> 
>>> 
>>> f = open('notes3/hamlet.txt')
>>> while True:
	block = f.read(100)
	if not block:
		break
	if 'king' in block.lower():
		print block[:10]

		
RDO

   
s it not l
ike the ki
Our last k
 competent
ntous figu

    Ente
nd Attenda
 be green,
ur worth,
the king, 
KING CLAUD
s,
    Th
France
  
beseech yo
AMLET

 
how;
    
all my bes
annon to t
his!
    

HORATIO
esternight

    The k
   Even in
pets, and 
choose his
 will spea
ain in com
To youth a
were a thi
braced;
 
e;
    Pa
a little s
heir light
ate undert
on for the
nt

SCEN
ENSTERN, a
 profit of
t,
    To
ully retur
to my God 
t's lunacy
KING CLAUD
iage.

K
down.

K


KING C
u think of
my heart a
, by this 
s so,'
  
tre.

KI
    Let me

    eithe
could be b
in your lo
your secre
vice.

H
ord; Hercu

    Stri
l so to hi


Traceback (most recent call last):
  File "<pyshell#139>", line 6, in <module>
    print block[:10]
  File "/Library/Frameworks/Python.framework/Versions/2.7/lib/python2.7/idlelib/PyShell.py", line 1356, in write
    return self.shell.write(s, self.tags)
KeyboardInterrupt
>>> 
>>> # iter(obj)   -> obj.__iter__()  -> iterator
>>> # iter(func_arity_0, sentinel)   -> iterator
>>> 
>>> from random import randrange
>>> def roll():
	return randrange(1, 7) + randrange(1, 7)

>>> while True:
	r = roll()
	if r == 7:
		print 'Darn!'
		break
	print r

	
4
6
10
6
10
4
9
2
5
8
9
3
4
11
5
8
8
8
Darn!
>>> for r in roll:
	print r

	

Traceback (most recent call last):
  File "<pyshell#157>", line 1, in <module>
    for r in roll:
TypeError: 'function' object is not iterable
>>> from random import randrange
>>> def roll():
	return randrange(1, 7) + randrange(1, 7)

>>> for r in iter(roll, 7):
	print r
else:
	print 'Darn!'

	
3
9
Darn!
>>> list(iter(roll, 7))
[8, 8]
>>> list(iter(roll, 7))
[4, 10, 8]
>>> list(iter(roll, 7))
[6, 6, 12, 4]
>>> list(iter(roll, 7))
[10, 5, 6, 6, 5, 6, 2]
>>> 
>>> from functools import partial
>>> it = iter(roll, 7)
>>> next(it)
9
>>> next(it)
9
>>> next(it)

Traceback (most recent call last):
  File "<pyshell#175>", line 1, in <module>
    next(it)
StopIteration
>>> 
>>> 
>>> from functools import partial
>>> with open('notes3/hamlet.txt') as f:
	for block in iter(partial(f.read, 100), ''):
		if 'king' in block.lower():
			print block[:10]

			
RDO

   
s it not l
ike the ki
Our last k
 competent
ntous figu

    Ente
nd Attenda
 be green,
ur worth,
the king, 
KING CLAUD
s,
    Th
France
  
beseech yo
AMLET

 
how;
    
all my bes
annon to t
his!
    


Traceback (most recent call last):
  File "<pyshell#183>", line 4, in <module>
    print block[:10]
  File "/Library/Frameworks/Python.framework/Versions/2.7/lib/python2.7/idlelib/PyShell.py", line 1356, in write
    return self.shell.write(s, self.tags)
KeyboardInterrupt
>>> 
>>> 
>>> with open('notes3/hamlet.txt') as f:
	print len(list(iter(partial(f.read, 100), '')))

	
2023
>>> def myiter(func, sentinel):
	while True:
		value = func()
		if value == sentinel:
			return
		yield value

		
>>> it = myiter(roll, 7)
>>> next(it)
11
>>> next(it)
9
>>> next(it)
4
>>> next(it)
2
>>> next(it)
10
>>> import time
>>> time.time()
1461176696.833224
>>> time.ctime()
'Wed Apr 20 11:25:02 2016'
>>> time.sleep(5); print 'Done!'
Done!
>>> 
>>> 
>>> 
>>> 
>>> 
>>> 
>>> 
>>> # Heaps are implemented on top of lists
>>> # The heap condition:  The smallest element is at position 0
>>> #                      and parents are smaller than or equal to their children
>>> # They have fewer restrictions than sorted binary trees.
>>> # It takes very little work for the following operations:
>>> #   push(new_value)          -> O(log n)
>>> #   pop off the smallest value -> O(log n)
>>> #   view the smallest value   -> O(1)
>>> 
>>> 
>>> 
>>> from heapq import *
>>> todo = []
>>> heappush(todo, (50, 'teach python'))
>>> todo
[(50, 'teach python')]
>>> heappush(todo, (10, 'wake up'))
>>> todo
[(10, 'wake up'), (50, 'teach python')]
>>> heappush(todo, (30, 'feed son'))
>>> todo
[(10, 'wake up'), (50, 'teach python'), (30, 'feed son')]
>>> heappop(todo)
(10, 'wake up')
>>> heappush(todo, (20, 'discuss day with wife'))
>>> heappush(todo, (70, 'watch the americans'))
>>> heappop(todo)
(20, 'discuss day with wife')
>>> todo
[(30, 'feed son'), (50, 'teach python'), (70, 'watch the americans')]
>>> # heaps implement priority queues
>>> # where we are always interested in the next task
>>> # and we are frequently adding new tasks
>>> 
>>> 
>>> 
>>> # He or she who does size changing mutations of a data structure
>>> # while looping over it is living in a state of sin and deserves
>>> # all the bad things that will happen.
>>> 
>>> # Instead, develop a preference for building a new data structure
>>> # leaving the original intact for the duration of looping
>>> 
>>> s = range(20)
>>> s
[0, 1, 2, 3, 4, 5, 6, 7, 8, 9, 10, 11, 12, 13, 14, 15, 16, 17, 18, 19]
>>> for i, x in enumerate(s):
	print i, x

	
0 0
1 1
2 2
3 3
4 4
5 5
6 6
7 7
8 8
9 9
10 10
11 11
12 12
13 13
14 14
15 15
16 16
17 17
18 18
19 19
>>> s = range(100, 120)
>>> for i, x in enumerate(s):
	print i, x

	
0 100
1 101
2 102
3 103
4 104
5 105
6 106
7 107
8 108
9 109
10 110
11 111
12 112
13 113
14 114
15 115
16 116
17 117
18 118
19 119
>>> 01
1
>>> 
>>> s = range(100, 120)
>>> s
[100, 101, 102, 103, 104, 105, 106, 107, 108, 109, 110, 111, 112, 113, 114, 115, 116, 117, 118, 119]
>>> for i, x in enumerate(s):
	if x % 2 == 0:
		del s[i]

		
>>> s
[101, 103, 105, 107, 109, 111, 113, 115, 117, 119]
>>> s = range(100, 120)
>>> s
[100, 101, 102, 103, 104, 105, 106, 107, 108, 109, 110, 111, 112, 113, 114, 115, 116, 117, 118, 119]
>>> s[4]
104
>>> s[5] = 104
>>> 
>>> 
>>> 
>>> s = range(100, 120)
>>> s[5] = 104
>>> s
[100, 101, 102, 103, 104, 104, 106, 107, 108, 109, 110, 111, 112, 113, 114, 115, 116, 117, 118, 119]
>>> for i, x in enumerate(s):
	if x % 2 == 0:
		del s[i]

		
>>> s
[101, 103, 104, 107, 109, 111, 113, 115, 117, 119]
>>> 
>>> s = range(100, 120)
>>> s[5] = 104
>>> [x for x in s if x % 2 != 0]
[101, 103, 107, 109, 111, 113, 115, 117, 119]
>>> 
>>> 
>>> 
>>> s = [10, 20, 30]
>>> t = s
>>> 
>>> s[1] = 222
>>> t
[10, 222, 30]
>>> 
>>> 
>>> s = [10, 20, 30]
>>> t = s
>>> del s[:]
>>> t
[]
>>> 
>>> s = [10, 20, 30]
>>> t = s
>>> del s
>>> t
[10, 20, 30]
>>> 
>>> 
>>> s = [10, 20, 30]
>>> t = s
>>> s[:2] = [111, 222]
>>> t
[111, 222, 30]
>>> s[:] = [4444, 555, 6666]
>>> s
[4444, 555, 6666]
>>> t
[4444, 555, 6666]
>>> 
>>> 
>>> s = range(100, 120)
>>> s[5] = 104
>>> s
[100, 101, 102, 103, 104, 104, 106, 107, 108, 109, 110, 111, 112, 113, 114, 115, 116, 117, 118, 119]
>>> s[:] = [x for x in s if x % 2 != 0]
>>> s
[101, 103, 107, 109, 111, 113, 115, 117, 119]
>>> 
>>> 
>>> 
>>> s = range(100, 120)
>>> s[5] = 104
>>> t = s
>>> s[:] = [x for x in s if x % 2 != 0]
>>> s
[101, 103, 107, 109, 111, 113, 115, 117, 119]
>>> t
[101, 103, 107, 109, 111, 113, 115, 117, 119]
>>> 
>>> 
>>> s = range(100, 120)
>>> s[5] = 104
>>> t = s
>>> s = [x for x in s if x % 2 != 0]
>>> s
[101, 103, 107, 109, 111, 113, 115, 117, 119]
>>> t
[100, 101, 102, 103, 104, 104, 106, 107, 108, 109, 110, 111, 112, 113, 114, 115, 116, 117, 118, 119]
>>> 
========= RESTART: /Users/raymond/Dropbox/Public/sj141/event_loop.py =========
>>> print events
[<function show_two at 0x1007ef488>, <function show_ten at 0x1007ef500>, <function show_two at 0x1007ef488>]
>>> 
========= RESTART: /Users/raymond/Dropbox/Public/sj141/event_loop.py =========
Two!
Ten!
Two!
>>> 
========= RESTART: /Users/raymond/Dropbox/Public/sj141/event_loop.py =========
Two!
Ten!
Two!
>>> 
========= RESTART: /Users/raymond/Dropbox/Public/sj141/event_loop.py =========
Two!
Ten!
Two!
>>> 
========= RESTART: /Users/raymond/Dropbox/Public/sj141/event_loop.py =========

Traceback (most recent call last):
  File "/Users/raymond/Dropbox/Public/sj141/event_loop.py", line 30, in <module>
    event_loop()
  File "/Users/raymond/Dropbox/Public/sj141/event_loop.py", line 13, in event_loop
    events = deque(sorted(events))
UnboundLocalError: local variable 'events' referenced before assignment
>>> 
========= RESTART: /Users/raymond/Dropbox/Public/sj141/event_loop.py =========

Traceback (most recent call last):
  File "/Users/raymond/Dropbox/Public/sj141/event_loop.py", line 30, in <module>
    event_loop()
  File "/Users/raymond/Dropbox/Public/sj141/event_loop.py", line 13, in event_loop
    events = events.sort()
UnboundLocalError: local variable 'events' referenced before assignment
>>> 
========= RESTART: /Users/raymond/Dropbox/Public/sj141/event_loop.py =========

Traceback (most recent call last):
  File "/Users/raymond/Dropbox/Public/sj141/event_loop.py", line 30, in <module>
    event_loop()
  File "/Users/raymond/Dropbox/Public/sj141/event_loop.py", line 15, in event_loop
    priority, event = events.popleft()
AttributeError: 'list' object has no attribute 'popleft'
>>> 
========= RESTART: /Users/raymond/Dropbox/Public/sj141/event_loop.py =========
Ten!
Two!
Two!
>>> 
========= RESTART: /Users/raymond/Dropbox/Public/sj141/event_loop.py =========

Traceback (most recent call last):
  File "/Users/raymond/Dropbox/Public/sj141/event_loop.py", line 33, in <module>
    events.append((1, partial(show_message, 'Howdy')))
NameError: name 'show_message' is not defined
>>> 
========= RESTART: /Users/raymond/Dropbox/Public/sj141/event_loop.py =========
Howdy
C'ya!
Ten!
Two!
Two!
>>> 
========= RESTART: /Users/raymond/Dropbox/Public/sj141/event_loop.py =========
Howdy
Ten!
Two!
Two!
C'ya!
>>> 
========= RESTART: /Users/raymond/Dropbox/Public/sj141/event_loop.py =========

Traceback (most recent call last):
  File "/Users/raymond/Dropbox/Public/sj141/event_loop.py", line 40, in <module>
    events.append(8, show_five_three_times)
TypeError: append() takes exactly one argument (2 given)
>>> 
========= RESTART: /Users/raymond/Dropbox/Public/sj141/event_loop.py =========

Traceback (most recent call last):
  File "/Users/raymond/Dropbox/Public/sj141/event_loop.py", line 40, in <module>
    events.append(8, show_five_three_times)
TypeError: append() takes exactly one argument (2 given)
>>> 
========= RESTART: /Users/raymond/Dropbox/Public/sj141/event_loop.py =========
Howdy
Ten!
Two!
Two!
C'ya!
Five
Five
Five
>>> 
========= RESTART: /Users/raymond/Dropbox/Public/sj141/event_loop.py =========
Howdy
Ten!
Two!
Five
Two!
Five
C'ya!
Five
>>> 
========= RESTART: /Users/raymond/Dropbox/Public/sj141/event_loop.py =========
Howdy
Ten!
Two!
Five
Two!
Five
C'ya!
Five
>>> 
========= RESTART: /Users/raymond/Dropbox/Public/sj141/event_loop.py =========
Howdy
Ten!
Two!
Five
Two!
Five
C'ya!
Five
>>> 
========= RESTART: /Users/raymond/Dropbox/Public/sj141/event_loop.py =========
Howdy
Ten!
Two!
Five
Two!
Five
C'ya!
Five
>>> 
========= RESTART: /Users/raymond/Dropbox/Public/sj141/event_loop.py =========
Howdy
Ten!
Two!
Five
Two!
Five
C'ya!
Five
>>> time()
1461179892.326091
>>> 
========= RESTART: /Users/raymond/Dropbox/Public/sj141/event_loop.py =========
Howdy
Ten!
Two!
Two!
Five
Five
C'ya!
Five
>>> 
========= RESTART: /Users/raymond/Dropbox/Public/sj141/event_loop.py =========
Howdy
Ten!
Two!
Two!
Five
Five
C'ya!
Five
>>> events = [show_ten, show_two, show_ten]
>>> events
[<function show_ten at 0x10423e7d0>, <function show_two at 0x10423e140>, <function show_ten at 0x10423e7d0>]
>>> for event in events:
	event()

	
Ten!
Two!
Ten!
>>> 
========= RESTART: /Users/raymond/Dropbox/Public/sj141/event_loop.py =========
Howdy
Ten
Two!
Two!
Five
Five
C'ya!

========= RESTART: /Users/raymond/Dropbox/Public/sj141/event_loop.py =========
Howdy
Ten
Two!
Five
Two!
Five
C'ya!
Five
>>> 
========= RESTART: /Users/raymond/Dropbox/Public/sj141/event_loop.py =========
[Event(event_time=1461180667.319474, task=<functools.partial object at 0x104c3be10>),
 Event(event_time=1461180671.319463, task=<function show_ten at 0x104c4b488>),
 Event(event_time=1461180674.319477, task=<function show_five_three_times at 0x104c4b500>),
 Event(event_time=1461180676.319459, task=<function show_two at 0x104c4b410>),
 Event(event_time=1461180701.319475, task=<functools.partial object at 0x104c3be68>),
 Event(event_time=1461180686.319472, task=<function show_two at 0x104c4b410>)]
Howdy
Ten
Two!
Five
Two!
Five
C'ya!
Five
>>> 
========= RESTART: /Users/raymond/Dropbox/Public/sj141/event_loop.py =========
Howdy
Ten
Heartbeat!
Two!
Heartbeat!
Five
Heartbeat!
Heartbeat!
Heartbeat!
Two!
Heartbeat!
Heartbeat!
Five
Heartbeat!
Heartbeat!
Heartbeat!
Heartbeat!

=============================== RESTART: Shell ===============================
>>> # Closures   ---  collections:  OrderedDict   Counter   DefaultDict
>>> # Pip   VirtualEnv   Setup.py  PyPI   Packaking
>>> 
>>> 
>>> x = 10
>>> y = 20
>>> def f(x):
	z = x + y
	print x, y, z

	
>>> globals()['x']
10
>>> globals()['y']
20
>>> f(5)
5 20 25
>>> globals()['x']
10
>>> def f(x):
	z = x + y
	print locals()

>>> f(5)
{'x': 5, 'z': 25}
>>> 
>>> # variable lookup:   locals()    ->   globals()  ->  __builtins__  ->  NameError
>>> 
>>> # variable lookup:   locals() -> nested scope ->   globals()  ->  __builtins__  ->  NameError
>>> def f(x):
	def g(y):
		return x, y, z
	print g(10)

	
>>> z = 100
>>> f(5)
(5, 10, 100)
>>> def f(x):
	def g(y):
		return x, y, z
	return x

>>> f(5)
5
>>> def f(x):
	def g(y):
		return x, y, z
	return g

>>> h = f(6)
>>> h.__name__
'g'
>>> h(7)
(6, 7, 100)
>>> h.__closure__
(<cell at 0x101722440: int object at 0x10030c0a0>,)
>>> h.__closure__[0].cell_contents
6
>>> 
>>> 
>>> dir(h)
['__call__', '__class__', '__closure__', '__code__', '__defaults__', '__delattr__', '__dict__', '__doc__', '__format__', '__get__', '__getattribute__', '__globals__', '__hash__', '__init__', '__module__', '__name__', '__new__', '__reduce__', '__reduce_ex__', '__repr__', '__setattr__', '__sizeof__', '__str__', '__subclasshook__', 'func_closure', 'func_code', 'func_defaults', 'func_dict', 'func_doc', 'func_globals', 'func_name']
>>> h.__closure__
(<cell at 0x101722440: int object at 0x10030c0a0>,)
>>> type(_)
<type 'tuple'>
>>> dir(h.__closure__)
['__add__', '__class__', '__contains__', '__delattr__', '__doc__', '__eq__', '__format__', '__ge__', '__getattribute__', '__getitem__', '__getnewargs__', '__getslice__', '__gt__', '__hash__', '__init__', '__iter__', '__le__', '__len__', '__lt__', '__mul__', '__ne__', '__new__', '__reduce__', '__reduce_ex__', '__repr__', '__rmul__', '__setattr__', '__sizeof__', '__str__', '__subclasshook__', 'count', 'index']
>>> def f(x):
	w = 2 * x
	def g(y):
		return w, x, y, z
	return g

>>> h = f(7)
>>> h.__name__
'g'
>>> h.__closure__
(<cell at 0x1038e4ad0: int object at 0x10030bfe0>, <cell at 0x103a72980: int object at 0x10030c088>)
>>> h.__closure__[0].cell_contents
14
>>> h.__closure__[1].cell_contents
7
>>> 
>>> # What does a def-in-a-def do?
>>> # The outer function when called, runs the other def, making a new function
>>> # The inner function is smart and keeps a reference to the variable it needs from
>>> #      the enclosing scope.
>>> # Those are stored in cell_variables in the __closure__ attribute for the function.
>>> 
>>> # When do you need a def-in-a-def?
>>> # This is helpful when you need to have many functions that have the same __name__,
>>> # same __doc__, and same __code__ but differ in the __closure__ variables.
>>> # In other words, use a def-in-a-def to make functions that are similar except
>>> #      for some parameter taken from the outer def.
>>> 
>>> 
>>> s = [10, 20, 30]
>>> a, b, c = s
>>> a
10
>>> b
20
>>> c
30
>>> s = 'abc'
>>> a, b, c = 'xyz'
>>> a
'x'
>>> b
'y'
>>> c
'z'
>>> map(ord, 'Raymond')
[82, 97, 121, 109, 111, 110, 100]
>>> a, b, c, d, e, f, g = map(ord, 'Raymond')
>>> a
82
>>> b
97
>>> c
121
>>> pow(2, 5)
32
>>> a = pow(2, 2)
>>> b = pow(2, 3)
>>> c = pow(2, 4)
>>> 
>>> def twopow(exp):
	return pow(2, exp)

>>> a = twopow(2)
>>> b = twopow(3)
>>> 
>>> a, b, c, d, e, f, g, h, i, j, k, l, m = map(twopow, range(2, 14))

Traceback (most recent call last):
  File "<pyshell#433>", line 1, in <module>
    a, b, c, d, e, f, g, h, i, j, k, l, m = map(twopow, range(2, 14))
ValueError: need more than 12 values to unpack
>>> a, b, c, d, e, f, g, h, i, j, k, l, m = map(twopow, range(2, 15))
>>> 
>>> 
>>> 
>>> 
>>> def twopow(exp):
	return pow(2, exp)

>>> a, b, c, d, e, f, g, h, i, j, k, l, m = map(twopow, range(2, 15))
>>> def threepow(exp):
	return pow(3, exp)

>>> twopow(5)
32
>>> threepow(5)
243
>>> def fourpow(exp):
	return pow(4, exp)

>>> def makepow(base):
	def somepow(exp):
		return pow(base, exp)
	return somepow

>>> twopow = makepow(2)
>>> threepow = makepow(3)
>>> fourpow = makepow(4)
>>> 
>>> twopow(5)
32
>>> threepow(5)
243
>>> fourpow(5)
1024
>>> 
>>> def makepow(base):
	def somepow(exp):
		return pow(base, exp)
	return somepow

>>> twopow, threepow, fourpow, fivepow, sixpow, sevenpow, eightpow = map(makepow, range(2, 9))
>>> 
>>> 
>>> twopow.__name__
'somepow'
>>> funcs = [twopow, threepow, fourpow, fivepow, sixpow, sevenpow, eightpow]
>>> [func.__name__ for func in funcs]
['somepow', 'somepow', 'somepow', 'somepow', 'somepow', 'somepow', 'somepow']
>>> [func.__doc__ for func in funcs]
[None, None, None, None, None, None, None]
>>> [func.__code__.co_code for func in funcs]
['t\x00\x00\x88\x00\x00|\x00\x00\x83\x02\x00S', 't\x00\x00\x88\x00\x00|\x00\x00\x83\x02\x00S', 't\x00\x00\x88\x00\x00|\x00\x00\x83\x02\x00S', 't\x00\x00\x88\x00\x00|\x00\x00\x83\x02\x00S', 't\x00\x00\x88\x00\x00|\x00\x00\x83\x02\x00S', 't\x00\x00\x88\x00\x00|\x00\x00\x83\x02\x00S', 't\x00\x00\x88\x00\x00|\x00\x00\x83\x02\x00S']
>>> from dis import dis
>>> dis(twopow)
  3           0 LOAD_GLOBAL              0 (pow)
              3 LOAD_DEREF               0 (base)
              6 LOAD_FAST                0 (exp)
              9 CALL_FUNCTION            2
             12 RETURN_VALUE        
>>> dis(threepow)
  3           0 LOAD_GLOBAL              0 (pow)
              3 LOAD_DEREF               0 (base)
              6 LOAD_FAST                0 (exp)
              9 CALL_FUNCTION            2
             12 RETURN_VALUE        
>>> dis(fourpow)
  3           0 LOAD_GLOBAL              0 (pow)
    f          3 LOAD_DEREF               0 (base)
              6 LOAD_FAST                0 (exp)
              9 CALL_FUNCTION            2
             12 RETURN_VALUE        
>>> 
>>> funcs
[<function somepow at 0x103a7b230>, <function somepow at 0x103a7b2a8>, <function somepow at 0x103a7b140>, <function somepow at 0x103a7b320>, <function somepow at 0x103a7b398>, <function somepow at 0x103a7b410>, <function somepow at 0x103a7b488>]
>>> # ^-- same name, same docstring, and same code
>>> [func.__closure__[0].cell_contents for func in funcs]
[2, 3, 4, 5, 6, 7, 8]
>>> 
>>> 
>>> def makepow(base):
	def somepow(exp):
		return pow(base, exp)
	return somepow

>>> twopow, threepow, fourpow, fivepow, sixpow, sevenpow, eightpow = map(makepow, range(2, 9))
>>> 
>>> 
>>> 
========= RESTART: /Users/raymond/Dropbox/Public/sj141/many_ways.py =========
>>> 
>>> 
>>> twopow(5)
32
>>> threepow(5)
243
>>> twopow
<__main__.MakePow instance at 0x10409fc68>
>>> twopow.base
2
>>> threepow.base
3
>>> 
>>> # locals  <   nested    <  globals  <  attribute
>>> 
========= RESTART: /Users/raymond/Dropbox/Public/sj141/many_ways.py =========
>>> print template.format(base=2)
def somepow(exp):
    return pow(2, exp)

>>> print template.format(base=3)
def somepow(exp):
    return pow(3, exp)

>>> print template.format(base=4)
def somepow(exp):
    return pow(4, exp)

>>> ns = {}
>>> exec template.format(base=4) in ns
>>> ns['somepow']
<function somepow at 0x1006ef050>
>>> ns['somepow'](5)
1024
>>> 
========= RESTART: /Users/raymond/Dropbox/Public/sj141/many_ways.py =========
>>> twopow = string_make_pow(2)
>>> threepow = string_make_pow(3)
>>> twopow(5)
32
>>> threepow(5)
243
>>> twopow.__name__
'somepow'
>>> 
========= RESTART: /Users/raymond/Dropbox/Public/sj141/many_ways.py =========

Traceback (most recent call last):
  File "/Users/raymond/Dropbox/Public/sj141/many_ways.py", line 42, in <module>
    twopow, threepow, fourpow, fivepow, sixpow, sevenpow, eightpow = map(string_makepow, range(2, 9))
NameError: name 'string_makepow' is not defined
>>> 
========= RESTART: /Users/raymond/Dropbox/Public/sj141/many_ways.py =========
2
3
4
5
6
7
8
>>> import random
>>> 
>>> 
>>> 
>>> def display_name(func):
	print func.__name__
	return func

>>> 
>>> def square(x):
	return x * x

>>> square = display_name(square)
square
>>> square(5)
25
>>> 
>>> @display_name
def square(x):
	return x * x

square
>>> 
>>> 
>>> 
>>> from collections import *
>>> d = dict()
>>> d['raymond'] = 'red'
>>> d['rachel'] = 'blue'
>>> d['matthew'] = 'yellow'
>>> d
{'matthew': 'yellow', 'rachel': 'blue', 'raymond': 'red'}
>>> 
>>> 
>>> 
>>> d = OrderedDict()
>>> d['raymond'] = 'red'
>>> d['rachel'] = 'blue'
>>> d['matthew'] = 'yellow'
>>> d.keys()
['raymond', 'rachel', 'matthew']
>>> 
>>> 
>>> 
>>> 
>>> d = dict()
>>> d['arrows'] = 20
>>> d
{'arrows': 20}
>>> d['arrows'] += 1
>>> d
{'arrows': 21}
>>> d['dragons']

Traceback (most recent call last):
  File "<pyshell#551>", line 1, in <module>
    d['dragons']
KeyError: 'dragons'
>>> 
>>> d = Counter()
>>> d['arrows'] = 20
>>> d['arrows'] += 1
>>> d['dragons']
0
>>> d['dragons'] += 3
>>> d
Counter({'arrows': 21, 'dragons': 3})
>>> 
>>> # A counter is a dictionary that returns 0 instead of raising a key error
>>> 
>>> colors = 'red green red blue green red'.split()
>>> d = Counter()
>>> for color in colors:
	d[color] += 1

	
>>> d
Counter({'red': 3, 'green': 2, 'blue': 1})
>>> # A counter is a dictionary that returns 0 instead of raising a key error
>>> # And the __init__ accepts an iterable to count
>>> 
>>> Counter(colors)
Counter({'red': 3, 'green': 2, 'blue': 1})
>>> Counter(colors).most_common(2)
[('red', 3), ('green', 2)]
>>> Counter(colors).most_common(1)
[('red', 3)]
>>> Counter(colors).most_common(3)
[('red', 3), ('green', 2), ('blue', 1)]
>>> 
>>> # A counter is a dictionary that returns 0 instead of raising a key error
>>> # And the __init__ accepts an iterable to count
>>> # And there is a most_common() method for giving the highest counts
>>> 
>>> 
>>> with open('notes3/hamlet.txt') as f:
	play = f.read()

	
>>> len(play)
202238
>>> type(play)
<type 'str'>
>>> words = play.split()
>>> import re
>>> words = re.findall(r"[a-z\']+", play.lower())
>>> words[:50]
['the', 'tragedy', 'of', 'hamlet', 'prince', 'of', 'denmark', 'shakespeare', 'homepage', 'hamlet', 'entire', 'play', 'act', 'i', 'scene', 'i', 'elsinore', 'a', 'platform', 'before', 'the', 'castle', 'francisco', 'at', 'his', 'post', 'enter', 'to', 'him', 'bernardo', 'bernardo', "who's", 'there', 'francisco', 'nay', 'answer', 'me', 'stand', 'and', 'unfold', 'yourself', 'bernardo', 'long', 'live', 'the', 'king', 'francisco', 'bernardo', 'bernardo', 'he']
>>> 
>>> Counter(play).most_common(10)
[(' ', 43519), ('e', 14429), ('t', 10944), ('o', 10395), ('a', 8720), ('s', 7900), ('\n', 7883), ('\r', 7883), ('n', 7758), ('h', 7715)]
>>> # etaonisrh
>>> 
>>> Counter(words).most_common(10)
[('the', 1138), ('and', 965), ('to', 754), ('of', 669), ('you', 550), ('a', 542), ('i', 542), ('my', 514), ('hamlet', 462), ('in', 436)]
>>> 
===== RESTART: /Users/raymond/Dropbox/Public/sj141/directory_analysis.py =====
['ArtOfSubclassing.pdf', 'beautifulsoup4-4.1.0.tar.gz', 'big.txt', 'bitarray.py', 'bloomfilter.py', 'codegen.py', 'CoreContainers.pdf', 'CSDMC2010_SPAM.zip', 'dayfour.log', 'dayone.log', 'daythree.log', 'daytwo.log', 'descriptors.pdf', 'download.py', 'emulate_deque.py', 'etag_db.bak', 'etag_db.dat', 'etag_db.dir', 'FunWithNewerTools.pdf', 'hamlet.txt', 'how_timeit_works.py', 'instrument.py', 'links.txt', 'lru_cache.py', 'module_demo.py', 'multiprocessing_demo.py', 'proverbs_en.txt', 'proverbs_es.txt', 'ps_favicon.ico', 'sample.py', 'spell_check.py', 'telnet_demo.py', 'the_great_gatsby.txt', 'unicode.pdf', 'words.txt']
>>> 
===== RESTART: /Users/raymond/Dropbox/Public/sj141/directory_analysis.py =====
.pdf <-- ArtOfSubclassing
.gz <-- beautifulsoup4-4.1.0.tar
.txt <-- big
.py <-- bitarray
.py <-- bloomfilter
.py <-- codegen
.pdf <-- CoreContainers
.zip <-- CSDMC2010_SPAM
.log <-- dayfour
.log <-- dayone
.log <-- daythree
.log <-- daytwo
.pdf <-- descriptors
.py <-- download
.py <-- emulate_deque
.bak <-- etag_db
.dat <-- etag_db
.dir <-- etag_db
.pdf <-- FunWithNewerTools
.txt <-- hamlet
.py <-- how_timeit_works
.py <-- instrument
.txt <-- links
.py <-- lru_cache
.py <-- module_demo
.py <-- multiprocessing_demo
.txt <-- proverbs_en
.txt <-- proverbs_es
.ico <-- ps_favicon
.py <-- sample
.py <-- spell_check
.py <-- telnet_demo
.txt <-- the_great_gatsby
.pdf <-- unicode
.txt <-- words
>>> 
===== RESTART: /Users/raymond/Dropbox/Public/sj141/directory_analysis.py =====
.pdf <-- ArtOfSubclassing <-- notes3/ArtOfSubclassing.pdf
.gz <-- beautifulsoup4-4.1.0.tar <-- notes3/beautifulsoup4-4.1.0.tar.gz
.txt <-- big <-- notes3/big.txt
.py <-- bitarray <-- notes3/bitarray.py
.py <-- bloomfilter <-- notes3/bloomfilter.py
.py <-- codegen <-- notes3/codegen.py
.pdf <-- CoreContainers <-- notes3/CoreContainers.pdf
.zip <-- CSDMC2010_SPAM <-- notes3/CSDMC2010_SPAM.zip
.log <-- dayfour <-- notes3/dayfour.log
.log <-- dayone <-- notes3/dayone.log
.log <-- daythree <-- notes3/daythree.log
.log <-- daytwo <-- notes3/daytwo.log
.pdf <-- descriptors <-- notes3/descriptors.pdf
.py <-- download <-- notes3/download.py
.py <-- emulate_deque <-- notes3/emulate_deque.py
.bak <-- etag_db <-- notes3/etag_db.bak
.dat <-- etag_db <-- notes3/etag_db.dat
.dir <-- etag_db <-- notes3/etag_db.dir
.pdf <-- FunWithNewerTools <-- notes3/FunWithNewerTools.pdf
.txt <-- hamlet <-- notes3/hamlet.txt
.py <-- how_timeit_works <-- notes3/how_timeit_works.py
.py <-- instrument <-- notes3/instrument.py
.txt <-- links <-- notes3/links.txt
.py <-- lru_cache <-- notes3/lru_cache.py
.py <-- module_demo <-- notes3/module_demo.py
.py <-- multiprocessing_demo <-- notes3/multiprocessing_demo.py
.txt <-- proverbs_en <-- notes3/proverbs_en.txt
.txt <-- proverbs_es <-- notes3/proverbs_es.txt
.ico <-- ps_favicon <-- notes3/ps_favicon.ico
.py <-- sample <-- notes3/sample.py
.py <-- spell_check <-- notes3/spell_check.py
.py <-- telnet_demo <-- notes3/telnet_demo.py
.txt <-- the_great_gatsby <-- notes3/the_great_gatsby.txt
.pdf <-- unicode <-- notes3/unicode.pdf
.txt <-- words <-- notes3/words.txt
>>> 
===== RESTART: /Users/raymond/Dropbox/Public/sj141/directory_analysis.py =====
.pdf <-- ArtOfSubclassing <-- notes3/ArtOfSubclassing.pdf <-- 332119
.gz <-- beautifulsoup4-4.1.0.tar <-- notes3/beautifulsoup4-4.1.0.tar.gz <-- 128946
.txt <-- big <-- notes3/big.txt <-- 6488671
.py <-- bitarray <-- notes3/bitarray.py <-- 1300
.py <-- bloomfilter <-- notes3/bloomfilter.py <-- 907
.py <-- codegen <-- notes3/codegen.py <-- 3621
.pdf <-- CoreContainers <-- notes3/CoreContainers.pdf <-- 7104723
.zip <-- CSDMC2010_SPAM <-- notes3/CSDMC2010_SPAM.zip <-- 23449132
.log <-- dayfour <-- notes3/dayfour.log <-- 0
.log <-- dayone <-- notes3/dayone.log <-- 62698
.log <-- daythree <-- notes3/daythree.log <-- 185
.log <-- daytwo <-- notes3/daytwo.log <-- 107425
.pdf <-- descriptors <-- notes3/descriptors.pdf <-- 8246741
.py <-- download <-- notes3/download.py <-- 3162
.py <-- emulate_deque <-- notes3/emulate_deque.py <-- 823
.bak <-- etag_db <-- notes3/etag_db.bak <-- 1598
.dat <-- etag_db <-- notes3/etag_db.dat <-- 10760
.dir <-- etag_db <-- notes3/etag_db.dir <-- 1598
.pdf <-- FunWithNewerTools <-- notes3/FunWithNewerTools.pdf <-- 189106
.txt <-- hamlet <-- notes3/hamlet.txt <-- 202238
.py <-- how_timeit_works <-- notes3/how_timeit_works.py <-- 639
.py <-- instrument <-- notes3/instrument.py <-- 2929
.txt <-- links <-- notes3/links.txt <-- 21553
.py <-- lru_cache <-- notes3/lru_cache.py <-- 7014
.py <-- module_demo <-- notes3/module_demo.py <-- 2045
.py <-- multiprocessing_demo <-- notes3/multiprocessing_demo.py <-- 3466
.txt <-- proverbs_en <-- notes3/proverbs_en.txt <-- 12779
.txt <-- proverbs_es <-- notes3/proverbs_es.txt <-- 12028
.ico <-- ps_favicon <-- notes3/ps_favicon.ico <-- 318
.py <-- sample <-- notes3/sample.py <-- 185
.py <-- spell_check <-- notes3/spell_check.py <-- 1272
.py <-- telnet_demo <-- notes3/telnet_demo.py <-- 2090
.txt <-- the_great_gatsby <-- notes3/the_great_gatsby.txt <-- 268659
.pdf <-- unicode <-- notes3/unicode.pdf <-- 113447
.txt <-- words <-- notes3/words.txt <-- 2493109
>>> os.stat(fullname)
posix.stat_result(st_mode=33188, st_ino=90260689, st_dev=16777220, st_nlink=1, st_uid=501, st_gid=20, st_size=2493109, st_atime=1461190201, st_mtime=1460965311, st_ctime=1460965311)
>>> os.stat(fullname).st_size
2493109
>>> 
===== RESTART: /Users/raymond/Dropbox/Public/sj141/directory_analysis.py =====
.pdf <-- ArtOfSubclassing <-- notes3/ArtOfSubclassing.pdf <-- 332119
.gz <-- beautifulsoup4-4.1.0.tar <-- notes3/beautifulsoup4-4.1.0.tar.gz <-- 128946
.txt <-- big <-- notes3/big.txt <-- 6488671
.py <-- bitarray <-- notes3/bitarray.py <-- 1300
.py <-- bloomfilter <-- notes3/bloomfilter.py <-- 907
.py <-- codegen <-- notes3/codegen.py <-- 3621
.pdf <-- CoreContainers <-- notes3/CoreContainers.pdf <-- 7104723
.zip <-- CSDMC2010_SPAM <-- notes3/CSDMC2010_SPAM.zip <-- 23449132
.log <-- dayfour <-- notes3/dayfour.log <-- 0
.log <-- dayone <-- notes3/dayone.log <-- 62698
.log <-- daythree <-- notes3/daythree.log <-- 185
.log <-- daytwo <-- notes3/daytwo.log <-- 107425
.pdf <-- descriptors <-- notes3/descriptors.pdf <-- 8246741
.py <-- download <-- notes3/download.py <-- 3162
.py <-- emulate_deque <-- notes3/emulate_deque.py <-- 823
.bak <-- etag_db <-- notes3/etag_db.bak <-- 1598
.dat <-- etag_db <-- notes3/etag_db.dat <-- 10760
.dir <-- etag_db <-- notes3/etag_db.dir <-- 1598
.pdf <-- FunWithNewerTools <-- notes3/FunWithNewerTools.pdf <-- 189106
.txt <-- hamlet <-- notes3/hamlet.txt <-- 202238
.py <-- how_timeit_works <-- notes3/how_timeit_works.py <-- 639
.py <-- instrument <-- notes3/instrument.py <-- 2929
.txt <-- links <-- notes3/links.txt <-- 21553
.py <-- lru_cache <-- notes3/lru_cache.py <-- 7014
.py <-- module_demo <-- notes3/module_demo.py <-- 2045
.py <-- multiprocessing_demo <-- notes3/multiprocessing_demo.py <-- 3466
.txt <-- proverbs_en <-- notes3/proverbs_en.txt <-- 12779
.txt <-- proverbs_es <-- notes3/proverbs_es.txt <-- 12028
.ico <-- ps_favicon <-- notes3/ps_favicon.ico <-- 318
.py <-- sample <-- notes3/sample.py <-- 185
.py <-- spell_check <-- notes3/spell_check.py <-- 1272
.py <-- telnet_demo <-- notes3/telnet_demo.py <-- 2090
.txt <-- the_great_gatsby <-- notes3/the_great_gatsby.txt <-- 268659
.pdf <-- unicode <-- notes3/unicode.pdf <-- 113447
.txt <-- words <-- notes3/words.txt <-- 2493109
>>> 
===== RESTART: /Users/raymond/Dropbox/Public/sj141/directory_analysis.py =====
[('ArtOfSubclassing.pdf', '.pdf', 332119),
 ('beautifulsoup4-4.1.0.tar.gz', '.gz', 128946),
 ('big.txt', '.txt', 6488671),
 ('bitarray.py', '.py', 1300),
 ('bloomfilter.py', '.py', 907),
 ('codegen.py', '.py', 3621),
 ('CoreContainers.pdf', '.pdf', 7104723),
 ('CSDMC2010_SPAM.zip', '.zip', 23449132),
 ('dayfour.log', '.log', 0),
 ('dayone.log', '.log', 62698),
 ('daythree.log', '.log', 185),
 ('daytwo.log', '.log', 107425),
 ('descriptors.pdf', '.pdf', 8246741),
 ('download.py', '.py', 3162),
 ('emulate_deque.py', '.py', 823),
 ('etag_db.bak', '.bak', 1598),
 ('etag_db.dat', '.dat', 10760),
 ('etag_db.dir', '.dir', 1598),
 ('FunWithNewerTools.pdf', '.pdf', 189106),
 ('hamlet.txt', '.txt', 202238),
 ('how_timeit_works.py', '.py', 639),
 ('instrument.py', '.py', 2929),
 ('links.txt', '.txt', 21553),
 ('lru_cache.py', '.py', 7014),
 ('module_demo.py', '.py', 2045),
 ('multiprocessing_demo.py', '.py', 3466),
 ('proverbs_en.txt', '.txt', 12779),
 ('proverbs_es.txt', '.txt', 12028),
 ('ps_favicon.ico', '.ico', 318),
 ('sample.py', '.py', 185),
 ('spell_check.py', '.py', 1272),
 ('telnet_demo.py', '.py', 2090),
 ('the_great_gatsby.txt', '.txt', 268659),
 ('unicode.pdf', '.pdf', 113447),
 ('words.txt', '.txt', 2493109)]
>>> 
===== RESTART: /Users/raymond/Dropbox/Public/sj141/directory_analysis.py =====
[FileInfo(filename='ArtOfSubclassing.pdf', ext='.pdf', size=332119),
 FileInfo(filename='beautifulsoup4-4.1.0.tar.gz', ext='.gz', size=128946),
 FileInfo(filename='big.txt', ext='.txt', size=6488671),
 FileInfo(filename='bitarray.py', ext='.py', size=1300),
 FileInfo(filename='bloomfilter.py', ext='.py', size=907),
 FileInfo(filename='codegen.py', ext='.py', size=3621),
 FileInfo(filename='CoreContainers.pdf', ext='.pdf', size=7104723),
 FileInfo(filename='CSDMC2010_SPAM.zip', ext='.zip', size=23449132),
 FileInfo(filename='dayfour.log', ext='.log', size=0),
 FileInfo(filename='dayone.log', ext='.log', size=62698),
 FileInfo(filename='daythree.log', ext='.log', size=185),
 FileInfo(filename='daytwo.log', ext='.log', size=107425),
 FileInfo(filename='descriptors.pdf', ext='.pdf', size=8246741),
 FileInfo(filename='download.py', ext='.py', size=3162),
 FileInfo(filename='emulate_deque.py', ext='.py', size=823),
 FileInfo(filename='etag_db.bak', ext='.bak', size=1598),
 FileInfo(filename='etag_db.dat', ext='.dat', size=10760),
 FileInfo(filename='etag_db.dir', ext='.dir', size=1598),
 FileInfo(filename='FunWithNewerTools.pdf', ext='.pdf', size=189106),
 FileInfo(filename='hamlet.txt', ext='.txt', size=202238),
 FileInfo(filename='how_timeit_works.py', ext='.py', size=639),
 FileInfo(filename='instrument.py', ext='.py', size=2929),
 FileInfo(filename='links.txt', ext='.txt', size=21553),
 FileInfo(filename='lru_cache.py', ext='.py', size=7014),
 FileInfo(filename='module_demo.py', ext='.py', size=2045),
 FileInfo(filename='multiprocessing_demo.py', ext='.py', size=3466),
 FileInfo(filename='proverbs_en.txt', ext='.txt', size=12779),
 FileInfo(filename='proverbs_es.txt', ext='.txt', size=12028),
 FileInfo(filename='ps_favicon.ico', ext='.ico', size=318),
 FileInfo(filename='sample.py', ext='.py', size=185),
 FileInfo(filename='spell_check.py', ext='.py', size=1272),
 FileInfo(filename='telnet_demo.py', ext='.py', size=2090),
 FileInfo(filename='the_great_gatsby.txt', ext='.txt', size=268659),
 FileInfo(filename='unicode.pdf', ext='.pdf', size=113447),
 FileInfo(filename='words.txt', ext='.txt', size=2493109)]
>>> 
===== RESTART: /Users/raymond/Dropbox/Public/sj141/directory_analysis.py =====
[FileInfo(filename='ArtOfSubclassing.pdf', ext='.pdf', size=332119),
 FileInfo(filename='beautifulsoup4-4.1.0.tar.gz', ext='.gz', size=128946),
 FileInfo(filename='big.txt', ext='.txt', size=6488671),
 FileInfo(filename='bitarray.py', ext='.py', size=1300),
 FileInfo(filename='bloomfilter.py', ext='.py', size=907),
 FileInfo(filename='codegen.py', ext='.py', size=3621),
 FileInfo(filename='CoreContainers.pdf', ext='.pdf', size=7104723),
 FileInfo(filename='CSDMC2010_SPAM.zip', ext='.zip', size=23449132),
 FileInfo(filename='dayfour.log', ext='.log', size=0),
 FileInfo(filename='dayone.log', ext='.log', size=62698),
 FileInfo(filename='daythree.log', ext='.log', size=185),
 FileInfo(filename='daytwo.log', ext='.log', size=107425),
 FileInfo(filename='descriptors.pdf', ext='.pdf', size=8246741),
 FileInfo(filename='download.py', ext='.py', size=3162),
 FileInfo(filename='emulate_deque.py', ext='.py', size=823),
 FileInfo(filename='etag_db.bak', ext='.bak', size=1598),
 FileInfo(filename='etag_db.dat', ext='.dat', size=10760),
 FileInfo(filename='etag_db.dir', ext='.dir', size=1598),
 FileInfo(filename='FunWithNewerTools.pdf', ext='.pdf', size=189106),
 FileInfo(filename='hamlet.txt', ext='.txt', size=202238),
 FileInfo(filename='how_timeit_works.py', ext='.py', size=639),
 FileInfo(filename='instrument.py', ext='.py', size=2929),
 FileInfo(filename='links.txt', ext='.txt', size=21553),
 FileInfo(filename='lru_cache.py', ext='.py', size=7014),
 FileInfo(filename='module_demo.py', ext='.py', size=2045),
 FileInfo(filename='multiprocessing_demo.py', ext='.py', size=3466),
 FileInfo(filename='proverbs_en.txt', ext='.txt', size=12779),
 FileInfo(filename='proverbs_es.txt', ext='.txt', size=12028),
 FileInfo(filename='ps_favicon.ico', ext='.ico', size=318),
 FileInfo(filename='sample.py', ext='.py', size=185),
 FileInfo(filename='spell_check.py', ext='.py', size=1272),
 FileInfo(filename='telnet_demo.py', ext='.py', size=2090),
 FileInfo(filename='the_great_gatsby.txt', ext='.txt', size=268659),
 FileInfo(filename='unicode.pdf', ext='.pdf', size=113447),
 FileInfo(filename='words.txt', ext='.txt', size=2493109)]
>>> 
===== RESTART: /Users/raymond/Dropbox/Public/sj141/directory_analysis.py =====
>>> 
===== RESTART: /Users/raymond/Dropbox/Public/sj141/directory_analysis.py =====
.pdf 332119
.gz 128946
.txt 6488671
.py 1300
.py 907
.py 3621
.pdf 7104723
.zip 23449132
.log 0
.log 62698
.log 185
.log 107425
.pdf 8246741
.py 3162
.py 823
.bak 1598
.dat 10760
.dir 1598
.pdf 189106
.txt 202238
.py 639
.py 2929
.txt 21553
.py 7014
.py 2045
.py 3466
.txt 12779
.txt 12028
.ico 318
.py 185
.py 1272
.py 2090
.txt 268659
.pdf 113447
.txt 2493109
>>> 
===== RESTART: /Users/raymond/Dropbox/Public/sj141/directory_analysis.py =====

Traceback (most recent call last):
  File "/Users/raymond/Dropbox/Public/sj141/directory_analysis.py", line 22, in <module>
    extsize[fileinfo.ext] += fileinfo.size
KeyError: '.pdf'
>>> 
===== RESTART: /Users/raymond/Dropbox/Public/sj141/directory_analysis.py =====
[('.zip', 23449132),
 ('.pdf', 15986136),
 ('.txt', 9499037),
 ('.log', 170308),
 ('.gz', 128946)]
>>> 
===== RESTART: /Users/raymond/Dropbox/Public/sj141/directory_analysis.py =====
[('.zip', 23449132),
 ('.pdf', 15986136),
 ('.txt', 9499037),
 ('.log', 170308),
 ('.gz', 128946)]
>>> 
===== RESTART: /Users/raymond/Dropbox/Public/sj141/directory_analysis.py =====
[('.zip', 23449132),
 ('.pdf', 15986136),
 ('.txt', 9499037),
 ('.log', 170308),
 ('.gz', 128946)]
>>> 
>>> 
>>> 
