Python 2.7.11 (v2.7.11:6d1b6a68f775, Dec  5 2015, 12:54:16) 
[GCC 4.2.1 (Apple Inc. build 5666) (dot 3)] on darwin
Type "copyright", "credits" or "license()" for more information.
>>> dir()
['__builtins__', '__doc__', '__name__', '__package__']
>>> # At the module level, globals() and locals() are the same dict.
>>> x = 10
>>> globals()['x']
10
>>> locals()['x']
10
>>> locals()['x'] = 11
>>> x
11
>>> import math
>>> dir()
['__builtins__', '__doc__', '__name__', '__package__', 'math', 'x']
>>> class RoutingTable:
	pass

>>> dir()
['RoutingTable', '__builtins__', '__doc__', '__name__', '__package__', 'math', 'x']
>>> def cube(x):
	return x ** 3

>>> dir()
['RoutingTable', '__builtins__', '__doc__', '__name__', '__package__', 'cube', 'math', 'x']
>>> 
>>> type(x)
<type 'int'>
>>> type(cube)
<type 'function'>
>>> type(RoutingTable)
<type 'classobj'>
>>> type(math)
<type 'module'>
>>> 
>>> 
>>> # Assigning words:  = def class import
>>> # Rule for assignments:  All assignments go into locals()
>>> # Unless explicitly declared as global
>>> 
>>> globals()['cube'](5)
125
>>> globals() == locals()
True
>>> # At the module level, globals() and locals() are the same dict.
>>> 
>>> 
>>> def f(x):
	y = x + 1
	import math
	def g(z):
		pass
	class Computer:
		pass
	print locals()
	return (x + y) * z

>>> z = 100
>>> # Variable lookups:  locals -> globals -> __builtins__ -> NameError
>>> 
>>> x = 10
>>> f(20)
{'y': 21, 'x': 20, 'Computer': <class __main__.Computer at 0x104c327a0>, 'math': <module 'math' from '/Library/Frameworks/Python.framework/Versions/2.7/lib/python2.7/lib-dynload/math.so'>, 'g': <function g at 0x1007ef050>}
4100
>>> x
10
>>> globals()['x']
10
>>> locals()['x']
10
>>> 
>>> def f(x):
	def g(y):
		return x + y + z
	print g(10)

	
>>> x = 100
>>> y = 150
>>> z = 200
>>> # globals   x=100  y=150  z=200
>>> f(5)                              #   f locals:  x=1  g=func           g locals: y=10
215
>>> # Variable lookups:  locals -> nested scope -> globals -> __builtins__ -> NameError
>>> 
>>> # Variable lookups:  locals -> nested scope -> globals -> __builtins__ -> NameError
>>> # Assigning words:  = def class import  all go to locals unless declared as global
>>> 
>>> def f(x):
	y = x + 1
	print locals()

	
>>> f(1000)
{'y': 1001, 'x': 1000}
>>> def f(x):
	global y
	y = x + 1
	print locals()

	
>>> f(2000)
{'x': 2000}
>>> globals()['y']
2001
>>> # Hint for those who like global variables:  You should learn to like thread local variables better.
>>> # locale:  en_us   ,.$jan feb       es_mx  ,.$ene feb   de  .,euro -> this is terrible because it is global
>>> 
>>> 
>>> 
>>> locals() == globals()
True
>>> def f(x):
	def g(y):
		return x + y + z
	print g(10)

	
>>> z = 1000
>>> # At the module level, globals() and locals() are the same dict.
>>> # In side a function, it has its own locals()
>>> f(1)
1011
>>> 
>>> def f(x):
	def g(y):
		return x + y + z
	print g

	
>>> z = 1000
>>> h = f(1)
<function g at 0x1007ef500>
>>> 
>>> 
>>> def f(x):
	def g(y):
		return x + y + z
	return g

>>> z = 1000
>>> h = f(1)
>>> type(h)
<type 'function'>
>>> h
<function g at 0x1007ef050>
>>> h(10)
1011
>>> 
>>> h.__name__
'g'
>>> h.__class__
<type 'function'>
>>> h.__code__.co_code
'\x88\x00\x00|\x00\x00\x17t\x00\x00\x17S'
>>> h.__closure__
(<cell at 0x104a22408: int object at 0x10030c0d8>,)
>>> h.__closure__[0]
<cell at 0x104a22408: int object at 0x10030c0d8>
>>> h.__closure__[0].cell_contents
1
>>> # The purpose of a def-in-a-def is to create many new functions
>>> # that have the same name, the same code, the same docstring
>>> # but differ only in their closure variables.
>>> def f(x):
	def g(y):
		'an inner function'
		return x + y + z
	return g

>>> z = 5000
>>> 
>>> h = f(1)
>>> i = f(2)
>>> j = f(3)
>>> 
>>> h(100)
5101
>>> i(100)
5102
>>> j(100)
5103
>>> 
>>> h.__class__, i.__class__, j.__class__
(<type 'function'>, <type 'function'>, <type 'function'>)
>>> h.__doc__, i.__doc__, j.__doc__
('an inner function', 'an inner function', 'an inner function')
>>> [func.__code__.co_code for func in (h, i, j)]
['\x88\x00\x00|\x00\x00\x17t\x00\x00\x17S', '\x88\x00\x00|\x00\x00\x17t\x00\x00\x17S', '\x88\x00\x00|\x00\x00\x17t\x00\x00\x17S']
>>> [func.__closure__[0].cell_contents for func in (h, i, j)]
[1, 2, 3]
>>> map(f, [1, 2, 3])
[<function g at 0x104c3e8c0>, <function g at 0x104c3e848>, <function g at 0x104c3e938>]
>>> map(f, range(1, 4))
[<function g at 0x104c3eaa0>, <function g at 0x104c3e9b0>, <function g at 0x104c3ea28>]
>>> h, i, j = map(f, range(1, 4))
>>> 
>>> 
>>> def f(x):
	def g(y):
		'an inner function'
		return x + y + z
	return g

>>> h, i, j = map(f, range(1, 4))
>>> 
>>> 
>>> 
>>> 
>>> 2 + 2 + 2
6
>>> 2 + 2 + 2 + 2
8
>>> 2 + 2 + 2 + 2 + 2
10
>>> 2 + 2 + 2 + 2 + 2 + 2
12
>>> 2 * 3
6
>>> 2 * 4
8
>>> 2 * 5
10
>>> (2).__mul__(3)
6
>>> (2).__mul__(4)
8
>>> ((2) . __mul__ )(4)
8
>>> bm = (2) . __mul__
>>> bm(3)
6
>>> 
>>> 
>>> a, b, c, d, e, f, g, h, i = map((2).__mul__, range(1, 10))
>>> a
2
>>> b
4
>>> c
6
>>> d
8
>>> e
10
>>> 2 + 2 + 2
6
>>> 2 * 3
6
>>> (2).__mul__(3)
6
>>> (2).__mul__       (3)
6
>>> bm = (2).__mul__
>>> bm(3)
6
>>> map(bm, range(10))
[0, 2, 4, 6, 8, 10, 12, 14, 16, 18]
>>> 3 * 3
9
>>> 3 * 4
12
>>> 3 * 5
15
>>> 3 * 5
15
>>> 3 * 6
18
>>> map((3).__mul__, range(1, 10))
[3, 6, 9, 12, 15, 18, 21, 24, 27]
>>> map((4).__mul__, range(1, 10))
[4, 8, 12, 16, 20, 24, 28, 32, 36]
>>> map((5).__mul__, range(1, 10))
[5, 10, 15, 20, 25, 30, 35, 40, 45]
>>> map((6).__mul__, range(1, 10))
[6, 12, 18, 24, 30, 36, 42, 48, 54]
>>> 
>>> 
>>> 
>>> 2 ** 3
8
>>> 2 ** 4
16
>>> 2 ** 5
32
>>> def twopow(exp):
	return 2 ** exp

>>> a, b, c, d, e, f, g, h, i = map(twopow, range(9))
>>> 
>>> def threepow(exp):
	return 3 ** exp

>>> twopow(5)
32
>>> threepow(5)
243
>>> def fourpow(exp):
	return 4 ** exp

>>> def fivepow(exp):
	return 5 ** exp

>>> def makepow(base):
	def somepow(exp):
		return base ** exp
	return somepow

>>> twopow = makepow(2)
>>> threepow = makepow(3)
>>> twopow(5)
32
>>> threepow(5)
243
>>> [func.__name__ for func in [twopow, threepow]]
['somepow', 'somepow']
>>> [func.__doc__ for func in [twopow, threepow]]
[None, None]
>>> [func.__class__ for func in [twopow, threepow]]
[<type 'function'>, <type 'function'>]
>>> [func.__code__.co_code for func in [twopow, threepow]]
['\x88\x00\x00|\x00\x00\x13S', '\x88\x00\x00|\x00\x00\x13S']
>>> [func.__closure__[0].cell_contents for func in [twopow, threepow]]
[2, 3]
>>> 
>>> 
>>> def makepow(base):
	def somepow(exp):
		return base ** exp
	return somepow

>>> twopow, threepow, fourpow, fivepow, sixpow, sevenpow, eightpow = map(makepow, range(2, 9))
>>> 
>>> 
====== RESTART: /Users/raymond/Dropbox/Public/sj136/decorator_school.py ======
-2.93458069391
>>> 
====== RESTART: /Users/raymond/Dropbox/Public/sj136/decorator_school.py ======
cos() was called with 3
the answer is -0.9899924966004454
cos() was called with 4
the answer is -0.6536436208636119
cos() was called with 5
the answer is 0.2836621854632263
-4.93267868864
>>> 
====== RESTART: /Users/raymond/Dropbox/Public/sj136/decorator_school.py ======
cos() was called with 3
the answer is -0.9899924966004454
cos() was called with 4
the answer is -0.6536436208636119
cos() was called with 5
the answer is 0.2836621854632263
sin() was called with 3
the answer is 0.1411200080598672
sin() was called with 4
the answer is -0.7568024953079282
sin() was called with 5
the answer is -0.9589242746631385
-4.93267868864
>>> 
====== RESTART: /Users/raymond/Dropbox/Public/sj136/decorator_school.py ======
cos() was called with 3
the answer is -0.9899924966004454
cos() was called with 4
the answer is -0.6536436208636119
cos() was called with 5
the answer is 0.2836621854632263
sin() was called with 3
the answer is 0.1411200080598672
sin() was called with 4
the answer is -0.7568024953079282
sin() was called with 5
the answer is -0.9589242746631385
tan() was called with -0.9899924966004454
the answer is -1.5236518180798269
tan() was called with -0.6536436208636119
the answer is -0.7659697023921247
tan() was called with 0.2836621854632263
the answer is 0.2915235257487716
-4.93267868864
>>> 
====== RESTART: /Users/raymond/Dropbox/Public/sj136/decorator_school.py ======
>>> 
====== RESTART: /Users/raymond/Dropbox/Public/sj136/decorator_school.py ======
square() was called with 5
the answer is 25
>>> 
====== RESTART: /Users/raymond/Dropbox/Public/sj136/decorator_school.py ======
square() was called with 5
the answer is 25
square() was called with 4
the answer is 16
>>> 
====== RESTART: /Users/raymond/Dropbox/Public/sj136/decorator_school.py ======
square() was called with 5
the answer is 25
cube() was called with 6
the answer is 216
square() was called with 4
the answer is 16
cube() was called with 7
the answer is 343
>>> 
====== RESTART: /Users/raymond/Dropbox/Public/sj136/decorator_school.py ======
square() was called with 5
the answer is 25
cube() was called with 6
the answer is 216
square() was called with 4
the answer is 16
cube() was called with 7
the answer is 343
>>> """hello"""
'hello'
>>> dir(str)
['__add__', '__class__', '__contains__', '__delattr__', '__doc__', '__eq__', '__format__', '__ge__', '__getattribute__', '__getitem__', '__getnewargs__', '__getslice__', '__gt__', '__hash__', '__init__', '__le__', '__len__', '__lt__', '__mod__', '__mul__', '__ne__', '__new__', '__reduce__', '__reduce_ex__', '__repr__', '__rmod__', '__rmul__', '__setattr__', '__sizeof__', '__str__', '__subclasshook__', '_formatter_field_name_split', '_formatter_parser', 'capitalize', 'center', 'count', 'decode', 'encode', 'endswith', 'expandtabs', 'find', 'format', 'index', 'isalnum', 'isalpha', 'isdigit', 'islower', 'isspace', 'istitle', 'isupper', 'join', 'ljust', 'lower', 'lstrip', 'partition', 'replace', 'rfind', 'rindex', 'rjust', 'rpartition', 'rsplit', 'rstrip', 'split', 'splitlines', 'startswith', 'strip', 'swapcase', 'title', 'translate', 'upper', 'zfill']
>>> 
>>> 
>>> s = 'ehllo'
>>> s = 'hello'
>>> s[0]
'h'
>>> len(s)
5
>>> s[6]

Traceback (most recent call last):
  File "<pyshell#224>", line 1, in <module>
    s[6]
IndexError: string index out of range
>>> 
>>> 
>>> # All sequences are iterable
>>> 
>>> for c in s:
	print c.upper()

	
H
E
L
L
O
>>> i = 0
>>> while True:
	try:
		c = s[i]
	except IndexError:
		break
	print c.upper()
	i += 1

	
H
E
L
L
O
>>> while True:
	try:
		c = s[i]
	except IndexError:
		break
	print c.upper()
	i += 1

	
>>> ''' Installs
# Windows:   Set path to include at the beginning   c:\python27;c:\python27\scripts;c:\python27\tools;
# launch a command line prompt:   terminal   command.exe     AllPrograms / Accessories / Command Prompt
# $ pip2 install -U pip requests bottle reverend
'''
' Installs\n# Windows:   Set path to include at the beginning   c:\\python27;c:\\python27\\scripts;c:\\python27\tools;\n# launch a command line prompt:   terminal   command.exe     AllPrograms / Accessories / Command Prompt\n# $ pip2 install -U pip requests bottle reverend\n'
>>> import bottle
>>> import requests
>>> from reverend.thomas import Bayes
>>> # $ python2.7 -m idlelib.idle
>>> # decorator  machine learning   rest api
>>> 
====== RESTART: /Users/raymond/Dropbox/Public/sj136/decorator_school.py ======
square() was called with 5
the answer is 25
cube() was called with 6
the answer is 216
square() was called with 4
the answer is 16
cube() was called with 7
the answer is 343
>>> 
>>> 
>>> big_func(10)
Doing hard work
11
>>> big_func(20)
Doing hard work
21
>>> big_func(10)
Doing hard work
11
>>> 
====== RESTART: /Users/raymond/Dropbox/Public/sj136/decorator_school.py ======
square() was called with 5
the answer is 25
cube() was called with 6
the answer is 216
square() was called with 4
the answer is 16
cube() was called with 7
the answer is 343
>>> big_func(10)
Doing hard work
11
>>> bf_cache
{10: 11}
>>> big_func(20)
Doing hard work
21
>>> bf_cache
{10: 11, 20: 21}
>>> 
====== RESTART: /Users/raymond/Dropbox/Public/sj136/decorator_school.py ======
square() was called with 5
the answer is 25
cube() was called with 6
the answer is 216
square() was called with 4
the answer is 16
cube() was called with 7
the answer is 343
>>> 
>>> 
>>> 
>>> big_func(10)
Doing hard work
11
>>> big_func(20)
Doing hard work
21
>>> big_func(10)
11
>>> 
====== RESTART: /Users/raymond/Dropbox/Public/sj136/decorator_school.py ======
square() was called with 5
the answer is 25
cube() was called with 6
the answer is 216
square() was called with 4
the answer is 16
cube() was called with 7
the answer is 343
>>> cube(5)
125
>>> cu_cache
{5: 125}
>>> cube(6)
216
>>> cu_cache
{5: 125, 6: 216}
>>> cube(5)
125
>>> 
>>> 
>>> 
>>> def f(x, y, *args):
	print x
	print y
	print args

	
>>> f(10, 20, 30, 40, 50)
10
20
(30, 40, 50)
>>> 
====== RESTART: /Users/raymond/Dropbox/Public/sj136/decorator_school.py ======
square() was called with 5
the answer is 25
inner() was called with 6
the answer is 216
square() was called with 4
the answer is 16
inner() was called with 7
the answer is 343
>>> 
>>> 
>>> 
>>> pow = cache(pow)
>>> pow(2, 5)
32
>>> pow(2, 5)
32
>>> pow.__closure__
(<cell at 0x103a73ad0: dict object at 0x103a5d910>, <cell at 0x103a73bb0: builtin_function_or_method object at 0x1002b0ab8>)
>>> pow.__closure__[0].cell_contents
{(2, 5): 32}
>>> 
====== RESTART: /Users/raymond/Dropbox/Public/sj136/decorator_school.py ======
square() was called with (5,)
the answer is 25
inner() was called with (6,)
the answer is 216
square() was called with (4,)
the answer is 16
inner() was called with (7,)
the answer is 343
>>> pow = add_logging(pow)
>>> pow(2, 5)
pow() was called with (2, 5)
the answer is 32
32
>>> # infinite
>>> # lfu -- least frequently used
>>> # lru -- least recently used
>>> # random
>>> 
====== RESTART: /Users/raymond/Dropbox/Public/sj136/decorator_school.py ======
square() was called with (5,)
the answer is 25
inner() was called with (6,)
the answer is 216
square() was called with (4,)
the answer is 16
inner() was called with (7,)
the answer is 343
>>> 
>>> 
>>> 
>>> big_func(10)
Doing hard work
11
>>> big_func(20)
Doing hard work
21
>>> big_func(10)
11
>>> big_func(20)
21
>>> big_func(30)
Doing hard work
31
>>> big_func(30)
31
>>> 
>>> big_func(10)
11
>>> big_func(20)
21
>>> big_func(30)
31
>>> big_func(40)
Doing hard work
41
>>> 
>>> big_func(10)
Doing hard work
11
>>> big_func(20)
21
>>> big_func(30)
31
>>> big_func(40)
Doing hard work
41
>>> 
====== RESTART: /Users/raymond/Dropbox/Public/sj136/decorator_school.py ======
square() was called with (5,)
the answer is 25
inner() was called with (6,)
the answer is 216
square() was called with (4,)
the answer is 16
inner() was called with (7,)
the answer is 343
>>> 
>>> 
>>> random_cache(3)
<function cache at 0x10393fb18>
>>> pow = random_cache(3)(pow)
>>> pow(2, 5)
32
>>> pow(2, 7)
128
>>> pow(3, 7)
2187
>>> pow(2, 5)
32
>>> 
====== RESTART: /Users/raymond/Dropbox/Public/sj136/decorator_school.py ======
inner() was called with (6,)
the answer is 216
inner() was called with (7,)
the answer is 343
>>> help(square)
Help on function square in module __main__:

square(x)
    Compute a value times itself

>>> square.__name__
'square'
>>> square.__doc__
'Compute a value times itself'
>>> square.__code__.co_code
'|\x00\x00|\x00\x00\x14S'
>>> map(ord, _)
[124, 0, 0, 124, 0, 0, 20, 83]
>>> from dis import dis
>>> dis(square)
 42           0 LOAD_FAST                0 (x)
              3 LOAD_FAST                0 (x)
              6 BINARY_MULTIPLY     
              7 RETURN_VALUE        
>>> 
>>> 
====== RESTART: /Users/raymond/Dropbox/Public/sj136/decorator_school.py ======
square() was called with (5,)
the answer is 25
inner() was called with (6,)
the answer is 216
square() was called with (4,)
the answer is 16
inner() was called with (7,)
the answer is 343
>>> y = square(5)
square() was called with (5,)
the answer is 25
>>> 
>>> 
>>> square.__name__
'logging_func'
>>> 
====== RESTART: /Users/raymond/Dropbox/Public/sj136/decorator_school.py ======

Traceback (most recent call last):
  File "/Users/raymond/Dropbox/Public/sj136/decorator_school.py", line 40, in <module>
    @add_logging
  File "/Users/raymond/Dropbox/Public/sj136/decorator_school.py", line 10, in add_logging
    logging.__name__ = orig_func.__name__
NameError: global name 'logging' is not defined
>>> 
====== RESTART: /Users/raymond/Dropbox/Public/sj136/decorator_school.py ======
square() was called with (5,)
the answer is 25
inner() was called with (6,)
the answer is 216
square() was called with (4,)
the answer is 16
inner() was called with (7,)
the answer is 343
>>> square.__name__
'square'
>>> square.__doc__
'Wrap a function to add input and output tracking'
>>> 
====== RESTART: /Users/raymond/Dropbox/Public/sj136/decorator_school.py ======
square() was called with (5,)
the answer is 25
inner() was called with (6,)
the answer is 216
square() was called with (4,)
the answer is 16
inner() was called with (7,)
the answer is 343
>>> 
>>> 
>>> 
>>> 
>>> square.__name__
'square'
>>> square.__doc__
'Compute a value times itself'
>>> dis(square)

Traceback (most recent call last):
  File "<pyshell#340>", line 1, in <module>
    dis(square)
NameError: name 'dis' is not defined
>>> from dis import dis
>>> dis(square)
  6           0 LOAD_CONST               1 ('%s() was called with %r')
              3 LOAD_DEREF               0 (orig_func)
              6 LOAD_ATTR                0 (__name__)
              9 LOAD_FAST                0 (args)
             12 BUILD_TUPLE              2
             15 BINARY_MODULO       
             16 PRINT_ITEM          
             17 PRINT_NEWLINE       

  7          18 LOAD_DEREF               0 (orig_func)
             21 LOAD_FAST                0 (args)
             24 CALL_FUNCTION_VAR        0
             27 STORE_FAST               1 (answer)

  8          30 LOAD_CONST               2 ('the answer is %r')
             33 LOAD_FAST                1 (answer)
             36 BINARY_MODULO       
             37 PRINT_ITEM          
             38 PRINT_NEWLINE       

  9          39 LOAD_FAST                1 (answer)
             42 RETURN_VALUE        
>>> 
====== RESTART: /Users/raymond/Dropbox/Public/sj136/decorator_school.py ======
square() was called with (5,)
the answer is 25
cube() was called with (6,)
the answer is 216
square() was called with (4,)
the answer is 16
cube() was called with (7,)
the answer is 343
>>> help(square)
Help on function square in module __main__:

square(*args)
    Compute a value times itself

>>> 
============ RESTART: /Users/raymond/Dropbox/Public/sj136/fibo.py ============
>>> 
============ RESTART: /Users/raymond/Dropbox/Public/sj136/fibo.py ============
0 --> 0
1 --> 1
2 --> 1
3 --> 2
4 --> 3
5 --> 5
6 --> 8
7 --> 13
8 --> 21
9 --> 34
>>> 
============ RESTART: /Users/raymond/Dropbox/Public/sj136/fibo.py ============
0 --> 0
1 --> 1
2 --> 1
3 --> 2
4 --> 3
5 --> 5
6 --> 8
7 --> 13
8 --> 21
9 --> 34
>>> x = 10
>>> x = 12
>>> x
12
>>> 
============ RESTART: /Users/raymond/Dropbox/Public/sj136/fibo.py ============
55
>>> 
============ RESTART: /Users/raymond/Dropbox/Public/sj136/fibo.py ============
610
>>> 
============ RESTART: /Users/raymond/Dropbox/Public/sj136/fibo.py ============
6765
>>> 
============ RESTART: /Users/raymond/Dropbox/Public/sj136/fibo.py ============
222232244629420445529739893461909967206666939096499764990979600
>>> 32 / 5
6
>>> 32 // 5
6
>>> from __future__ import division
>>> 32 / 5
6.4
>>> 32 // 5
6
>>> 
====== RESTART: /Users/raymond/Dropbox/Public/sj136/decorator_school.py ======
square() was called with (5,)
the answer is 25
cube() was called with (6,)
the answer is 216
square() was called with (4,)
the answer is 16
cube() was called with (7,)
the answer is 343
>>> 
>>> 
>>> 
>>> dispatch
{'sq': <function square at 0x10393d8c0>, 'co': <function collatz at 0x10393db18>, 'cu': <function cube at 0x10393d9b0>}
>>> 
====== RESTART: /Users/raymond/Dropbox/Public/sj136/decorator_school.py ======
square() was called with (5,)
the answer is 25
cube() was called with (6,)
the answer is 216
square() was called with (4,)
the answer is 16
cube() was called with (7,)
the answer is 343
>>> pprint(dispatch)
{'co': <function collatz at 0x10544b410>,
 'cu': <function cube at 0x10544b2a8>,
 'sq': <function square at 0x10544b1b8>}
>>> 
>>> dispatch['cu'](5)
125
>>> dispatch['co'](5)
16
>>> 
>>> 
>>> choice = raw_input('Choose a game:
		   
SyntaxError: EOL while scanning string literal
>>> choice = raw_input('Choose a game: ')
Choose a game: Global Thermonuclear War
>>> choice
'Global Thermonuclear War'
>>> 
>>> 
>>> program = '4 co cu sq sq'
>>> program.split()
['4', 'co', 'cu', 'sq', 'sq']
>>> fields = program.split()
>>> x = int(fields[0])
>>> x
4
>>> commands = fields[1:]
>>> commands
['co', 'cu', 'sq', 'sq']
>>> for command in commands:
	print 'running', command
	x = dispatch[command](x)
	print x

	
running co
2
running cu
8
running sq
64
running sq
4096
>>> 
====== RESTART: /Users/raymond/Dropbox/Public/sj136/decorator_school.py ======
square() was called with (5,)
the answer is 25
cube() was called with (6,)
the answer is 216
square() was called with (4,)
the answer is 16
cube() was called with (7,)
the answer is 343
>>> 6
6
>>> 
>>> 
>>> 
>>> interpreter()
Enter a program: 5 co cu co co sq
5 --(co)--> 16 --(cu)--> 4096 --(co)--> 2048 --(co)--> 1024 --(sq)--> 1048576
>>> 
====== RESTART: /Users/raymond/Dropbox/Public/sj136/decorator_school.py ======
square() was called with (5,)
the answer is 25
cube() was called with (6,)
the answer is 216
square() was called with (4,)
the answer is 16
cube() was called with (7,)
the answer is 343
>>> >>> interpreter()
Enter a program: 5 co cu co co sq
5 --(co)--> 16 --(cu)--> 4096 --(co)--> 2048 --(co)--> 1024 --(sq)--> 1048576
SyntaxError: invalid syntax
>>> 
>>> 
>>> 
>>> 
>>> pprint(dispatch)
{'co': <function collatz at 0x10394c488>,
 'cu': <function cube at 0x10394c320>,
 'sq': <function square at 0x10394c230>}
>>> 
====== RESTART: /Users/raymond/Dropbox/Public/sj136/rest_api_server.py ======
Bottle v0.12.9 server starting up (using WSGIRefServer())...
Listening on http://localhost:8080/
Hit Ctrl-C to quit.

127.0.0.1 - - [10/Mar/2016 14:56:32] "GET / HTTP/1.1" 200 6
127.0.0.1 - - [10/Mar/2016 14:56:32] "GET /favicon.ico HTTP/1.1" 404 742
127.0.0.1 - - [10/Mar/2016 15:12:48] "GET / HTTP/1.1" 200 6
127.0.0.1 - - [10/Mar/2016 15:12:52] "GET / HTTP/1.1" 200 6
127.0.0.1 - - [10/Mar/2016 15:13:10] "GET / HTTP/1.1" 200 6
127.0.0.1 - - [10/Mar/2016 15:13:59] "GET / HTTP/1.1" 200 6
127.0.0.1 - - [10/Mar/2016 15:14:21] "GET / HTTP/1.1" 200 6

====== RESTART: /Users/raymond/Dropbox/Public/sj136/rest_api_server.py ======
Bottle v0.12.9 server starting up (using WSGIRefServer())...
Listening on http://localhost:8080/
Hit Ctrl-C to quit.

127.0.0.1 - - [10/Mar/2016 15:16:34] "GET / HTTP/1.1" 200 6

=============================== RESTART: Shell ===============================
>>> 
>>> 
>>> 
>>> import time
>>> time.time()
1457651882.600546
>>> time.ctime()
'Thu Mar 10 15:18:08 2016'
>>> 
====== RESTART: /Users/raymond/Dropbox/Public/sj136/rest_api_server.py ======
Bottle v0.12.9 server starting up (using WSGIRefServer())...
Listening on http://localhost:8080/
Hit Ctrl-C to quit.

127.0.0.1 - - [10/Mar/2016 15:19:04] "GET /now HTTP/1.1" 200 24
127.0.0.1 - - [10/Mar/2016 15:19:13] "GET /now HTTP/1.1" 200 24
127.0.0.1 - - [10/Mar/2016 15:19:31] "GET / HTTP/1.1" 200 6
127.0.0.1 - - [10/Mar/2016 15:19:41] "GET /now HTTP/1.1" 200 24
127.0.0.1 - - [10/Mar/2016 15:19:43] "GET /now HTTP/1.1" 200 24
127.0.0.1 - - [10/Mar/2016 15:19:48] "GET /now HTTP/1.1" 200 24
127.0.0.1 - - [10/Mar/2016 15:19:50] "GET /now HTTP/1.1" 200 24

====== RESTART: /Users/raymond/Dropbox/Public/sj136/rest_api_server.py ======
Bottle v0.12.9 server starting up (using WSGIRefServer())...
Listening on http://localhost:8080/
Hit Ctrl-C to quit.

Traceback (most recent call last):
  File "/Library/Frameworks/Python.framework/Versions/2.7/lib/python2.7/site-packages/bottle.py", line 862, in _handle
    return route.call(**args)
  File "/Library/Frameworks/Python.framework/Versions/2.7/lib/python2.7/site-packages/bottle.py", line 1732, in wrapper
    rv = callback(*a, **ka)
  File "/Users/raymond/Dropbox/Public/sj136/rest_api_server.py", line 12, in time_service
    return tim.ctime()
NameError: global name 'tim' is not defined
127.0.0.1 - - [10/Mar/2016 15:20:37] "GET /now HTTP/1.1" 500 1459

====== RESTART: /Users/raymond/Dropbox/Public/sj136/rest_api_server.py ======
Bottle v0.12.9 server starting up (using WSGIRefServer())...
Listening on http://localhost:8080/
Hit Ctrl-C to quit.

127.0.0.1 - - [10/Mar/2016 15:21:36] "GET /now HTTP/1.1" 200 24

====== RESTART: /Users/raymond/Dropbox/Public/sj136/rest_api_server.py ======
Bottle v0.12.9 server starting up (using GunicornServer(workers=4))...
Listening on http://localhost:8080/
Hit Ctrl-C to quit.


Warning (from warnings module):
  File "/Library/Frameworks/Python.framework/Versions/2.7/lib/python2.7/pkgutil.py", line 186
    file, filename, etc = imp.find_module(subname, path)
ImportWarning: Not importing directory '/Library/Frameworks/Python.framework/Versions/2.7/lib/python2.7/site-packages/ats': missing __init__.py

Warning (from warnings module):
  File "/Library/Frameworks/Python.framework/Versions/2.7/lib/python2.7/pkgutil.py", line 186
    file, filename, etc = imp.find_module(subname, path)
ImportWarning: Not importing directory '/Library/Frameworks/Python.framework/Versions/2.7/lib/python2.7/site-packages/mpl_toolkits': missing __init__.py

Warning (from warnings module):
  File "/Library/Frameworks/Python.framework/Versions/2.7/lib/python2.7/pkgutil.py", line 186
    file, filename, etc = imp.find_module(subname, path)
ImportWarning: Not importing directory '/Library/Frameworks/Python.framework/Versions/2.7/lib/python2.7/site-packages/ndg': missing __init__.py

Warning (from warnings module):
  File "/Library/Frameworks/Python.framework/Versions/2.7/lib/python2.7/pkgutil.py", line 186
    file, filename, etc = imp.find_module(subname, path)
ImportWarning: Not importing directory '/Library/Frameworks/Python.framework/Versions/2.7/lib/python2.7/site-packages/paste': missing __init__.py

Warning (from warnings module):
  File "/Library/Frameworks/Python.framework/Versions/2.7/lib/python2.7/pkgutil.py", line 186
    file, filename, etc = imp.find_module(subname, path)
ImportWarning: Not importing directory '/Library/Frameworks/Python.framework/Versions/2.7/lib/python2.7/site-packages/google': missing __init__.py
[2016-03-10 15:23:06 -0800] [12201] [INFO] Starting gunicorn 19.4.5
[2016-03-10 15:23:06 -0800] [12201] [INFO] Listening at: http://127.0.0.1:8080 (12201)
[2016-03-10 15:23:06 -0800] [12201] [INFO] Using worker: sync
[2016-03-10 15:23:06 -0800] [12204] [INFO] Booting worker with pid: 12204
[2016-03-10 15:23:06 -0800] [12205] [INFO] Booting worker with pid: 12205
[2016-03-10 15:23:06 -0800] [12206] [INFO] Booting worker with pid: 12206
[2016-03-10 15:23:06 -0800] [12207] [INFO] Booting worker with pid: 12207
[2016-03-10 15:23:36 -0800] [12201] [CRITICAL] WORKER TIMEOUT (pid:12204)
[2016-03-10 15:23:36 -0800] [12201] [CRITICAL] WORKER TIMEOUT (pid:12205)
[2016-03-10 15:23:36 -0800] [12201] [CRITICAL] WORKER TIMEOUT (pid:12206)
[2016-03-10 15:23:36 -0800] [12201] [CRITICAL] WORKER TIMEOUT (pid:12207)
[2016-03-10 15:23:36 -0800] [12210] [INFO] Booting worker with pid: 12210
[2016-03-10 15:23:36 -0800] [12211] [INFO] Booting worker with pid: 12211
[2016-03-10 15:23:36 -0800] [12212] [INFO] Booting worker with pid: 12212
[2016-03-10 15:23:36 -0800] [12213] [INFO] Booting worker with pid: 12213
[2016-03-10 15:24:06 -0800] [12201] [CRITICAL] WORKER TIMEOUT (pid:12210)
[2016-03-10 15:24:06 -0800] [12201] [CRITICAL] WORKER TIMEOUT (pid:12211)
[2016-03-10 15:24:06 -0800] [12201] [CRITICAL] WORKER TIMEOUT (pid:12212)
[2016-03-10 15:24:06 -0800] [12201] [CRITICAL] WORKER TIMEOUT (pid:12213)
[2016-03-10 15:24:06 -0800] [12216] [INFO] Booting worker with pid: 12216
[2016-03-10 15:24:06 -0800] [12217] [INFO] Booting worker with pid: 12217
[2016-03-10 15:24:06 -0800] [12218] [INFO] Booting worker with pid: 12218
[2016-03-10 15:24:06 -0800] [12219] [INFO] Booting worker with pid: 12219
Python 2.7.11 (v2.7.11:6d1b6a68f775, Dec  5 2015, 12:54:16) 
[GCC 4.2.1 (Apple Inc. build 5666) (dot 3)] on darwin
Type "copyright", "credits" or "license()" for more information.
>>> 
====== RESTART: /Users/raymond/Dropbox/Public/sj136/rest_api_server.py ======
Bottle v0.12.9 server starting up (using WSGIRefServer())...
Listening on http://localhost:8080/
Hit Ctrl-C to quit.

127.0.0.1 - - [10/Mar/2016 15:26:50] "GET /now HTTP/1.1" 200 24
127.0.0.1 - - [10/Mar/2016 15:26:52] "GET /now HTTP/1.1" 200 24

====== RESTART: /Users/raymond/Dropbox/Public/sj136/rest_api_server.py ======
Bottle v0.12.9 server starting up (using WSGIRefServer())...
Listening on http://localhost:8080/
Hit Ctrl-C to quit.

127.0.0.1 - - [10/Mar/2016 15:30:02] "GET /files/common_passwords.txt HTTP/1.1" 200 128240
127.0.0.1 - - [10/Mar/2016 15:31:12] "GET /files/common_passwords.txt HTTP/1.1" 304 0
127.0.0.1 - - [10/Mar/2016 15:31:53] "GET /files/common_passwords.txt HTTP/1.1" 200 128240
127.0.0.1 - - [10/Mar/2016 15:32:46] "GET /files/PythonTips.pdf HTTP/1.1" 200 31929842
127.0.0.1 - - [10/Mar/2016 15:33:23] "GET /files/PythonTips.pdf HTTP/1.1" 200 3874816
Traceback (most recent call last):
  File "/Library/Frameworks/Python.framework/Versions/2.7/lib/python2.7/wsgiref/handlers.py", line 86, in run
    self.finish_response()
  File "/Library/Frameworks/Python.framework/Versions/2.7/lib/python2.7/wsgiref/handlers.py", line 128, in finish_response
    self.write(data)
  File "/Library/Frameworks/Python.framework/Versions/2.7/lib/python2.7/wsgiref/handlers.py", line 217, in write
    self._write(data)
  File "/Library/Frameworks/Python.framework/Versions/2.7/lib/python2.7/socket.py", line 328, in write
    self.flush()
  File "/Library/Frameworks/Python.framework/Versions/2.7/lib/python2.7/socket.py", line 307, in flush
    self._sock.sendall(view[write_offset:write_offset+buffer_size])
error: [Errno 32] Broken pipe
127.0.0.1 - - [10/Mar/2016 15:33:23] "GET /files/PythonTips.pdf HTTP/1.1" 500 59
----------------------------------------
Exception happened during processing of request from ('127.0.0.1', 49413)
Traceback (most recent call last):
  File "/Library/Frameworks/Python.framework/Versions/2.7/lib/python2.7/SocketServer.py", line 295, in _handle_request_noblock
    self.process_request(request, client_address)
  File "/Library/Frameworks/Python.framework/Versions/2.7/lib/python2.7/SocketServer.py", line 321, in process_request
    self.finish_request(request, client_address)
  File "/Library/Frameworks/Python.framework/Versions/2.7/lib/python2.7/SocketServer.py", line 334, in finish_request
    self.RequestHandlerClass(request, client_address, self)
  File "/Library/Frameworks/Python.framework/Versions/2.7/lib/python2.7/SocketServer.py", line 657, in __init__
    self.finish()
  File "/Library/Frameworks/Python.framework/Versions/2.7/lib/python2.7/SocketServer.py", line 716, in finish
    self.wfile.close()
  File "/Library/Frameworks/Python.framework/Versions/2.7/lib/python2.7/socket.py", line 283, in close
    self.flush()
  File "/Library/Frameworks/Python.framework/Versions/2.7/lib/python2.7/socket.py", line 307, in flush
    self._sock.sendall(view[write_offset:write_offset+buffer_size])
error: [Errno 32] Broken pipe
----------------------------------------
127.0.0.1 - - [10/Mar/2016 15:33:24] "GET /files/PythonTips.pdf HTTP/1.1" 206 32768
127.0.0.1 - - [10/Mar/2016 15:33:24] "GET /files/PythonTips.pdf HTTP/1.1" 206 31897074
>>> 
>>> 
>>> import os
>>> os.getcwd()
'/Users/raymond/Dropbox/Public/sj136'
>>> os.chdir('notes2')
>>> os.getcwd()
'/Users/raymond/Dropbox/Public/sj136/notes2'
>>> os.chdir('..')
>>> os.getcwd()
'/Users/raymond/Dropbox/Public/sj136'
>>> os.listdir('notes2')
['__init__.py', 'algebra.html', 'algebra.py', 'benford.py', 'circuitous.py', 'client_code.py', 'common_passwords.txt', 'dayfour.log', 'dayone.log', 'daythree.log', 'daytwo.log', 'dba_comparison.py', 'download.py', 'etag_db.bak', 'etag_db.dat', 'etag_db.dir', 'for_else.py', 'hamlet.txt', 'IntermediatePython.pdf', 'links.txt', 'looping_idioms.py', 'lru_cache.py', 'monkey_patching.py', 'mpl_demo.py', 'p_vs_np_1.py', 'password_cracker.py', 'pexpect.py', 'property_demo.py', 'PythonAwesome.pdf', 'PythonTips.pdf', 'redirect.py', 'show_args.py', 'show_family_dis.txt', 'sort_stability_example.py', 'sorting_demo.py', 'spelling.py', 'tour_collections.py', 'validators.py', 'warnings_demo.py', 'with_demo.py']
>>> type(_)
<type 'list'>
>>> 
====== RESTART: /Users/raymond/Dropbox/Public/sj136/rest_api_server.py ======
Bottle v0.12.9 server starting up (using WSGIRefServer())...
Listening on http://localhost:8080/
Hit Ctrl-C to quit.

127.0.0.1 - - [10/Mar/2016 15:38:14] "GET /files HTTP/1.1" 200 795
127.0.0.1 - - [10/Mar/2016 15:39:00] "GET /files HTTP/1.1" 200 795
127.0.0.1 - - [10/Mar/2016 15:39:26] "GET /files HTTP/1.1" 200 795

====== RESTART: /Users/raymond/Dropbox/Public/sj136/rest_api_server.py ======
Bottle v0.12.9 server starting up (using WSGIRefServer())...
Listening on http://localhost:8080/
Hit Ctrl-C to quit.

{'Accept': '*/*',
 'Content-Length': '',
 'Content-Type': 'text/plain',
 'Host': 'localhost:8080',
 'User-Agent': 'curl/7.43.0'}
127.0.0.1 - - [10/Mar/2016 15:41:32] "GET /files HTTP/1.1" 200 795
{'Accept': 'text/html,application/xhtml+xml,application/xml;q=0.9,image/webp,*/*;q=0.8',
 'Accept-Encoding': 'gzip, deflate, sdch',
 'Accept-Language': 'en-US,en;q=0.8',
 'Cache-Control': 'max-age=0',
 'Connection': 'keep-alive',
 'Content-Length': '',
 'Content-Type': 'text/plain',
 'Host': 'localhost:8080',
 'Upgrade-Insecure-Requests': '1',
 'User-Agent': 'Mozilla/5.0 (Macintosh; Intel Mac OS X 10_11_3) AppleWebKit/537.36 (KHTML, like Gecko) Chrome/48.0.2564.116 Safari/537.36'}
127.0.0.1 - - [10/Mar/2016 15:41:48] "GET /files HTTP/1.1" 200 795

====== RESTART: /Users/raymond/Dropbox/Public/sj136/rest_api_server.py ======
Bottle v0.12.9 server starting up (using WSGIRefServer())...
Listening on http://localhost:8080/
Hit Ctrl-C to quit.

127.0.0.1 - - [10/Mar/2016 15:43:36] "GET /files HTTP/1.1" 200 795
127.0.0.1 - - [10/Mar/2016 15:43:45] "GET /files HTTP/1.1" 200 24
>>> 
>>> 
>>> from bottle import template
>>> print template('Hello {{user}}
	       
SyntaxError: EOL while scanning string literal
>>> print template('Hello {{user}}', user='World')
Hello World
>>> print template('Hello {{(user * 2).upper()}}', user='World')
Hello WORLDWORLD
>>> 
>>> 
>>> names = 'raymond rachel matthew'.split()
>>> print template('''
<ol>
% for name in names:
   <li> {{name.title()}} </li>
% end
</ol>
''', names=names)

<ol>
   <li> Raymond </li>
   <li> Rachel </li>
   <li> Matthew </li>
</ol>

>>> 
====== RESTART: /Users/raymond/Dropbox/Public/sj136/rest_api_server.py ======
Bottle v0.12.9 server starting up (using WSGIRefServer())...
Listening on http://localhost:8080/
Hit Ctrl-C to quit.

Traceback (most recent call last):
  File "/Library/Frameworks/Python.framework/Versions/2.7/lib/python2.7/site-packages/bottle.py", line 862, in _handle
    return route.call(**args)
  File "/Library/Frameworks/Python.framework/Versions/2.7/lib/python2.7/site-packages/bottle.py", line 1732, in wrapper
    rv = callback(*a, **ka)
  File "/Users/raymond/Dropbox/Public/sj136/rest_api_server.py", line 31, in show_files
    return template(file_template, files=files)
NameError: global name 'template' is not defined
127.0.0.1 - - [10/Mar/2016 15:54:05] "GET /files HTTP/1.1" 500 1494

====== RESTART: /Users/raymond/Dropbox/Public/sj136/rest_api_server.py ======
Bottle v0.12.9 server starting up (using WSGIRefServer())...
Listening on http://localhost:8080/
Hit Ctrl-C to quit.

127.0.0.1 - - [10/Mar/2016 15:54:27] "GET /files HTTP/1.1" 200 1182
127.0.0.1 - - [10/Mar/2016 15:55:28] "GET /files HTTP/1.1" 200 1182
127.0.0.1 - - [10/Mar/2016 15:56:03] "GET /files/algebra.html HTTP/1.1" 200 3356

====== RESTART: /Users/raymond/Dropbox/Public/sj136/rest_api_server.py ======
Bottle v0.12.9 server starting up (using WSGIRefServer())...
Listening on http://localhost:8080/
Hit Ctrl-C to quit.

127.0.0.1 - - [10/Mar/2016 15:57:11] "GET /files HTTP/1.1" 200 2647
127.0.0.1 - - [10/Mar/2016 15:57:14] "GET /files/circuitous.py HTTP/1.1" 200 4114
127.0.0.1 - - [10/Mar/2016 15:57:16] "GET /files/client_code.py HTTP/1.1" 200 2977
127.0.0.1 - - [10/Mar/2016 15:57:21] "GET /files/dayfour.log HTTP/1.1" 200 0
127.0.0.1 - - [10/Mar/2016 15:57:23] "GET /files/dayone.log HTTP/1.1" 200 69836
127.0.0.1 - - [10/Mar/2016 15:57:26] "GET /files/daythree.log HTTP/1.1" 200 86434
127.0.0.1 - - [10/Mar/2016 15:57:28] "GET /files/daytwo.log HTTP/1.1" 200 163433

=============================== RESTART: Shell ===============================
>>> 
>>> 
>>> import subprocess
>>> s = subprocess.check_output('netstat -i', shell=True)
>>> print s[:300]
Name  Mtu   Network       Address            Ipkts Ierrs    Opkts Oerrs  Coll
lo0   16384 <Link#1>                        277776     0   277776     0     0
lo0   16384 localhost   ::1                 277776     -   277776     -     -
lo0   16384 127           localhost         277776     -   277776 
>>> print subprocess.check_output('echo $USER', shell=True)
raymond

>>> s = subprocess.check_output(['netstat', '-i'])
>>> print s[:300]
Name  Mtu   Network       Address            Ipkts Ierrs    Opkts Oerrs  Coll
lo0   16384 <Link#1>                        277836     0   277836     0     0
lo0   16384 localhost   ::1                 277836     -   277836     -     -
lo0   16384 127           localhost         277836     -   277836 
>>> 
>>> import os
>>> os.environ['USER']
'raymond'
>>> print subprocess.check_output(['echo', os.environ['USER'])
			      
SyntaxError: invalid syntax
>>> print subprocess.check_output(['echo', os.environ['USER']])
raymond

>>> print subprocess.check_output(['cal', '2', '2012'])
   February 2012
Su Mo Tu We Th Fr Sa
          1  2  3  4
 5  6  7  8  9 10 11
12 13 14 15 16 17 18
19 20 21 22 23 24 25
26 27 28 29


>>> print subprocess.check_output(['cal'])
     March 2016
Su Mo Tu We Th Fr Sa
       1  2  3  4  5
 6  7  8  9 10 11 12
13 14 15 16 17 18 19
20 21 22 23 24 25 26
27 28 29 30 31


>>> 
====== RESTART: /Users/raymond/Dropbox/Public/sj136/rest_api_server.py ======
Bottle v0.12.9 server starting up (using WSGIRefServer())...
Listening on http://localhost:8080/
Hit Ctrl-C to quit.

127.0.0.1 - - [10/Mar/2016 16:07:09] "GET /interfaces HTTP/1.1" 200 1482
Traceback (most recent call last):
  File "/Library/Frameworks/Python.framework/Versions/2.7/lib/python2.7/wsgiref/handlers.py", line 86, in run
    self.finish_response()
  File "/Library/Frameworks/Python.framework/Versions/2.7/lib/python2.7/wsgiref/handlers.py", line 128, in finish_response
    self.write(data)
  File "/Library/Frameworks/Python.framework/Versions/2.7/lib/python2.7/wsgiref/handlers.py", line 212, in write
    self.send_headers()
  File "/Library/Frameworks/Python.framework/Versions/2.7/lib/python2.7/wsgiref/handlers.py", line 270, in send_headers
    self.send_preamble()
  File "/Library/Frameworks/Python.framework/Versions/2.7/lib/python2.7/wsgiref/handlers.py", line 194, in send_preamble
    'Date: %s\r\n' % format_date_time(time.time())
  File "/Library/Frameworks/Python.framework/Versions/2.7/lib/python2.7/socket.py", line 328, in write
    self.flush()
  File "/Library/Frameworks/Python.framework/Versions/2.7/lib/python2.7/socket.py", line 307, in flush
    self._sock.sendall(view[write_offset:write_offset+buffer_size])
error: [Errno 32] Broken pipe
127.0.0.1 - - [10/Mar/2016 16:07:10] "GET /interfaces HTTP/1.1" 500 59
----------------------------------------
Exception happened during processing of request from ('127.0.0.1', 49720)
Traceback (most recent call last):
  File "/Library/Frameworks/Python.framework/Versions/2.7/lib/python2.7/SocketServer.py", line 295, in _handle_request_noblock
    self.process_request(request, client_address)
  File "/Library/Frameworks/Python.framework/Versions/2.7/lib/python2.7/SocketServer.py", line 321, in process_request
    self.finish_request(request, client_address)
  File "/Library/Frameworks/Python.framework/Versions/2.7/lib/python2.7/SocketServer.py", line 334, in finish_request
    self.RequestHandlerClass(request, client_address, self)
  File "/Library/Frameworks/Python.framework/Versions/2.7/lib/python2.7/SocketServer.py", line 657, in __init__
    self.finish()
  File "/Library/Frameworks/Python.framework/Versions/2.7/lib/python2.7/SocketServer.py", line 716, in finish
    self.wfile.close()
  File "/Library/Frameworks/Python.framework/Versions/2.7/lib/python2.7/socket.py", line 283, in close
    self.flush()
  File "/Library/Frameworks/Python.framework/Versions/2.7/lib/python2.7/socket.py", line 307, in flush
    self._sock.sendall(view[write_offset:write_offset+buffer_size])
error: [Errno 32] Broken pipe
----------------------------------------
127.0.0.1 - - [10/Mar/2016 16:07:15] "GET /interfaces HTTP/1.1" 200 1482
127.0.0.1 - - [10/Mar/2016 16:07:28] "GET /interfaces HTTP/1.1" 200 1482

====== RESTART: /Users/raymond/Dropbox/Public/sj136/rest_api_server.py ======
Bottle v0.12.9 server starting up (using WSGIRefServer())...
Listening on http://localhost:8080/
Hit Ctrl-C to quit.

127.0.0.1 - - [10/Mar/2016 16:27:58] "GET /upper/python HTTP/1.1" 200 6

====== RESTART: /Users/raymond/Dropbox/Public/sj136/rest_api_server.py ======
Bottle v0.12.9 server starting up (using WSGIRefServer())...
Listening on http://localhost:8080/
Hit Ctrl-C to quit.

127.0.0.1 - - [10/Mar/2016 16:32:41] "GET /area/circle?radius=10 HTTP/1.1" 200 71

====== RESTART: /Users/raymond/Dropbox/Public/sj136/rest_api_server.py ======
Bottle v0.12.9 server starting up (using WSGIRefServer())...
Listening on http://localhost:8080/
Hit Ctrl-C to quit.

127.0.0.1 - - [10/Mar/2016 16:34:05] "GET /area/circle?radius=10 HTTP/1.1" 200 70

====== RESTART: /Users/raymond/Dropbox/Public/sj136/rest_api_server.py ======
Bottle v0.12.9 server starting up (using WSGIRefServer())...
Listening on http://localhost:8080/
Hit Ctrl-C to quit.

8.0 22.0 15.0
127.0.0.1 - - [10/Mar/2016 16:39:57] "GET /quadratic?a=8&b=22&c=15 HTTP/1.1" 200 4

====== RESTART: /Users/raymond/Dropbox/Public/sj136/rest_api_server.py ======
Bottle v0.12.9 server starting up (using WSGIRefServer())...
Listening on http://localhost:8080/
Hit Ctrl-C to quit.

127.0.0.1 - - [10/Mar/2016 16:41:40] "GET /quadratic?a=8&b=22&c=15 HTTP/1.1" 200 82
Traceback (most recent call last):
  File "/Library/Frameworks/Python.framework/Versions/2.7/lib/python2.7/site-packages/bottle.py", line 862, in _handle
    return route.call(**args)
  File "/Library/Frameworks/Python.framework/Versions/2.7/lib/python2.7/site-packages/bottle.py", line 1738, in wrapper
    json_response = dumps(rv)
  File "/Library/Frameworks/Python.framework/Versions/2.7/lib/python2.7/json/__init__.py", line 244, in dumps
    return _default_encoder.encode(obj)
  File "/Library/Frameworks/Python.framework/Versions/2.7/lib/python2.7/json/encoder.py", line 207, in encode
    chunks = self.iterencode(o, _one_shot=True)
  File "/Library/Frameworks/Python.framework/Versions/2.7/lib/python2.7/json/encoder.py", line 270, in iterencode
    return _iterencode(o, 0)
  File "/Library/Frameworks/Python.framework/Versions/2.7/lib/python2.7/json/encoder.py", line 184, in default
    raise TypeError(repr(o) + " is not JSON serializable")
TypeError: (-0.25-1.346291201783626j) is not JSON serializable
127.0.0.1 - - [10/Mar/2016 16:42:53] "GET /quadratic?a=8&b=4&c=15 HTTP/1.1" 500 2054

=============================== RESTART: Shell ===============================
>>> c = 3 + 4j
>>> c.real
3.0
>>> c.imag
4.0
>>> 
====== RESTART: /Users/raymond/Dropbox/Public/sj136/rest_api_server.py ======
Bottle v0.12.9 server starting up (using WSGIRefServer())...
Listening on http://localhost:8080/
Hit Ctrl-C to quit.

127.0.0.1 - - [10/Mar/2016 16:44:22] "GET /quadratic?a=8&b=4&c=15 HTTP/1.1" 200 157
127.0.0.1 - - [10/Mar/2016 16:44:32] "GET /quadratic?a=8&b=22&c=15 HTTP/1.1" 200 128
Traceback (most recent call last):
  File "/Library/Frameworks/Python.framework/Versions/2.7/lib/python2.7/site-packages/bottle.py", line 862, in _handle
    return route.call(**args)
  File "/Library/Frameworks/Python.framework/Versions/2.7/lib/python2.7/site-packages/bottle.py", line 1732, in wrapper
    rv = callback(*a, **ka)
  File "/Users/raymond/Dropbox/Public/sj136/rest_api_server.py", line 41, in quadratic_solver
    x1, x2 = algebra.quadratic(a, b, c)
  File "/Users/raymond/Dropbox/Public/sj136/algebra.py", line 47, in quadratic
    x1 = (-b + discriminant) / (2.0 * a)
ZeroDivisionError: float division by zero
127.0.0.1 - - [10/Mar/2016 16:45:06] "GET /quadratic?a=0&b=22&c=15 HTTP/1.1" 500 1614

=============================== RESTART: Shell ===============================
>>> # 22 x + 15 = 0
>>> # -15 / 22
>>> 
====== RESTART: /Users/raymond/Dropbox/Public/sj136/rest_api_server.py ======
Bottle v0.12.9 server starting up (using WSGIRefServer())...
Listening on http://localhost:8080/
Hit Ctrl-C to quit.

Traceback (most recent call last):
  File "/Library/Frameworks/Python.framework/Versions/2.7/lib/python2.7/site-packages/bottle.py", line 862, in _handle
    return route.call(**args)
  File "/Library/Frameworks/Python.framework/Versions/2.7/lib/python2.7/site-packages/bottle.py", line 1732, in wrapper
    rv = callback(*a, **ka)
  File "/Users/raymond/Dropbox/Public/sj136/rest_api_server.py", line 43, in quadratic_solver
    except ZeroDivision:
NameError: global name 'ZeroDivision' is not defined
127.0.0.1 - - [10/Mar/2016 16:46:58] "GET /quadratic?a=0&b=22&c=15 HTTP/1.1" 500 1511

====== RESTART: /Users/raymond/Dropbox/Public/sj136/rest_api_server.py ======
Bottle v0.12.9 server starting up (using WSGIRefServer())...
Listening on http://localhost:8080/
Hit Ctrl-C to quit.

127.0.0.1 - - [10/Mar/2016 16:47:08] "GET /quadratic?a=0&b=22&c=15 HTTP/1.1" 200 157
127.0.0.1 - - [10/Mar/2016 16:47:17] "GET /quadratic?a=0&b=22&c=0 HTTP/1.1" 200 126
Traceback (most recent call last):
  File "/Library/Frameworks/Python.framework/Versions/2.7/lib/python2.7/site-packages/bottle.py", line 862, in _handle
    return route.call(**args)
  File "/Library/Frameworks/Python.framework/Versions/2.7/lib/python2.7/site-packages/bottle.py", line 1732, in wrapper
    rv = callback(*a, **ka)
  File "/Users/raymond/Dropbox/Public/sj136/rest_api_server.py", line 44, in quadratic_solver
    x1 = x2 = -c / b
ZeroDivisionError: float division by zero
127.0.0.1 - - [10/Mar/2016 16:47:28] "GET /quadratic?a=0&b=0&c=15 HTTP/1.1" 500 1464

====== RESTART: /Users/raymond/Dropbox/Public/sj136/rest_api_server.py ======
Bottle v0.12.9 server starting up (using WSGIRefServer())...
Listening on http://localhost:8080/
Hit Ctrl-C to quit.

127.0.0.1 - - [10/Mar/2016 16:48:50] "GET /quadratic?a=0&b=0&c=15 HTTP/1.1" 200 31
>>> 
>>> import subprocess
>>> dot = 'digraph { hello -> world; }'
>>> 
>>> from subprocess import Popen, PIPE, communicate

Traceback (most recent call last):
  File "<pyshell#50>", line 1, in <module>
    from subprocess import Popen, PIPE, communicate
ImportError: cannot import name communicate
>>> from subprocess import Popen, PIPE
>>> 
>>> 
>>> 
>>> 
>>> from subprocess import Popen, PIPE
>>> dot = 'digraph { hello -> world; }'
>>> p = Popen(['/usr/local/bin/dot', '-Tsvg'], stdin=PIPE, stdout=PIPE, stderr=PIPE)
>>> image, err = p.communicate(input=dot)
>>> print err

>>> print image
<?xml version="1.0" encoding="UTF-8" standalone="no"?>
<!DOCTYPE svg PUBLIC "-//W3C//DTD SVG 1.1//EN"
 "http://www.w3.org/Graphics/SVG/1.1/DTD/svg11.dtd">
<!-- Generated by graphviz version 2.38.0 (20140413.2041)
 -->
<!-- Title: %3 Pages: 1 -->
<svg width="69pt" height="116pt"
 viewBox="0.00 0.00 69.48 116.00" xmlns="http://www.w3.org/2000/svg" xmlns:xlink="http://www.w3.org/1999/xlink">
<g id="graph0" class="graph" transform="scale(1 1) rotate(0) translate(4 112)">
<title>%3</title>
<polygon fill="white" stroke="none" points="-4,4 -4,-112 65.4774,-112 65.4774,4 -4,4"/>
<!-- hello -->
<g id="node1" class="node"><title>hello</title>
<ellipse fill="none" stroke="black" cx="30.7387" cy="-90" rx="27.5804" ry="18"/>
<text text-anchor="middle" x="30.7387" y="-85.8" font-family="Times,serif" font-size="14.00">hello</text>
</g>
<!-- world -->
<g id="node2" class="node"><title>world</title>
<ellipse fill="none" stroke="black" cx="30.7387" cy="-18" rx="30.9793" ry="18"/>
<text text-anchor="middle" x="30.7387" y="-13.8" font-family="Times,serif" font-size="14.00">world</text>
</g>
<!-- hello&#45;&gt;world -->
<g id="edge1" class="edge"><title>hello&#45;&gt;world</title>
<path fill="none" stroke="black" d="M30.7387,-71.6966C30.7387,-63.9827 30.7387,-54.7125 30.7387,-46.1124"/>
<polygon fill="black" stroke="black" points="34.2388,-46.1043 30.7387,-36.1043 27.2388,-46.1044 34.2388,-46.1043"/>
</g>
</g>
</svg>

>>> 
====== RESTART: /Users/raymond/Dropbox/Public/sj136/rest_api_server.py ======
>>> graphviz('digraph {raymond -> matthew;}')
'<'
>>> 
====== RESTART: /Users/raymond/Dropbox/Public/sj136/rest_api_server.py ======
>>> graphviz('digraph {raymond -> matthew;}')
'<?xml version="1.0" encoding="UTF-8" standalone="no"?>\n<!DOCTYPE svg PUBLIC "-//W3C//DTD SVG 1.1//EN"\n "http://www.w3.org/Graphics/SVG/1.1/DTD/svg11.dtd">\n<!-- Generated by graphviz version 2.38.0 (20140413.2041)\n -->\n<!-- Title: %3 Pages: 1 -->\n<svg width="91pt" height="116pt"\n viewBox="0.00 0.00 91.09 116.00" xmlns="http://www.w3.org/2000/svg" xmlns:xlink="http://www.w3.org/1999/xlink">\n<g id="graph0" class="graph" transform="scale(1 1) rotate(0) translate(4 112)">\n<title>%3</title>\n<polygon fill="white" stroke="none" points="-4,4 -4,-112 87.0852,-112 87.0852,4 -4,4"/>\n<!-- raymond -->\n<g id="node1" class="node"><title>raymond</title>\n<ellipse fill="none" stroke="black" cx="41.5426" cy="-90" rx="41.5852" ry="18"/>\n<text text-anchor="middle" x="41.5426" y="-85.8" font-family="Times,serif" font-size="14.00">raymond</text>\n</g>\n<!-- matthew -->\n<g id="node2" class="node"><title>matthew</title>\n<ellipse fill="none" stroke="black" cx="41.5426" cy="-18" rx="40.6162" ry="18"/>\n<text text-anchor="middle" x="41.5426" y="-13.8" font-family="Times,serif" font-size="14.00">matthew</text>\n</g>\n<!-- raymond&#45;&gt;matthew -->\n<g id="edge1" class="edge"><title>raymond&#45;&gt;matthew</title>\n<path fill="none" stroke="black" d="M41.5426,-71.6966C41.5426,-63.9827 41.5426,-54.7125 41.5426,-46.1124"/>\n<polygon fill="black" stroke="black" points="45.0427,-46.1043 41.5426,-36.1043 38.0427,-46.1044 45.0427,-46.1043"/>\n</g>\n</g>\n</svg>\n'
>>> print _
<?xml version="1.0" encoding="UTF-8" standalone="no"?>
<!DOCTYPE svg PUBLIC "-//W3C//DTD SVG 1.1//EN"
 "http://www.w3.org/Graphics/SVG/1.1/DTD/svg11.dtd">
<!-- Generated by graphviz version 2.38.0 (20140413.2041)
 -->
<!-- Title: %3 Pages: 1 -->
<svg width="91pt" height="116pt"
 viewBox="0.00 0.00 91.09 116.00" xmlns="http://www.w3.org/2000/svg" xmlns:xlink="http://www.w3.org/1999/xlink">
<g id="graph0" class="graph" transform="scale(1 1) rotate(0) translate(4 112)">
<title>%3</title>
<polygon fill="white" stroke="none" points="-4,4 -4,-112 87.0852,-112 87.0852,4 -4,4"/>
<!-- raymond -->
<g id="node1" class="node"><title>raymond</title>
<ellipse fill="none" stroke="black" cx="41.5426" cy="-90" rx="41.5852" ry="18"/>
<text text-anchor="middle" x="41.5426" y="-85.8" font-family="Times,serif" font-size="14.00">raymond</text>
</g>
<!-- matthew -->
<g id="node2" class="node"><title>matthew</title>
<ellipse fill="none" stroke="black" cx="41.5426" cy="-18" rx="40.6162" ry="18"/>
<text text-anchor="middle" x="41.5426" y="-13.8" font-family="Times,serif" font-size="14.00">matthew</text>
</g>
<!-- raymond&#45;&gt;matthew -->
<g id="edge1" class="edge"><title>raymond&#45;&gt;matthew</title>
<path fill="none" stroke="black" d="M41.5426,-71.6966C41.5426,-63.9827 41.5426,-54.7125 41.5426,-46.1124"/>
<polygon fill="black" stroke="black" points="45.0427,-46.1043 41.5426,-36.1043 38.0427,-46.1044 45.0427,-46.1043"/>
</g>
</g>
</svg>

>>> 
====== RESTART: /Users/raymond/Dropbox/Public/sj136/rest_api_server.py ======
>>> graphviz('digraph {raymond -> matthew;}')
'<svg width="91pt" height="116pt"\n viewBox="0.00 0.00 91.09 116.00" xmlns="http://www.w3.org/2000/svg" xmlns:xlink="http://www.w3.org/1999/xlink">\n<g id="graph0" class="graph" transform="scale(1 1) rotate(0) translate(4 112)">\n<title>%3</title>\n<polygon fill="white" stroke="none" points="-4,4 -4,-112 87.0852,-112 87.0852,4 -4,4"/>\n<!-- raymond -->\n<g id="node1" class="node"><title>raymond</title>\n<ellipse fill="none" stroke="black" cx="41.5426" cy="-90" rx="41.5852" ry="18"/>\n<text text-anchor="middle" x="41.5426" y="-85.8" font-family="Times,serif" font-size="14.00">raymond</text>\n</g>\n<!-- matthew -->\n<g id="node2" class="node"><title>matthew</title>\n<ellipse fill="none" stroke="black" cx="41.5426" cy="-18" rx="40.6162" ry="18"/>\n<text text-anchor="middle" x="41.5426" y="-13.8" font-family="Times,serif" font-size="14.00">matthew</text>\n</g>\n<!-- raymond&#45;&gt;matthew -->\n<g id="edge1" class="edge"><title>raymond&#45;&gt;matthew</title>\n<path fill="none" stroke="black" d="M41.5426,-71.6966C41.5426,-63.9827 41.5426,-54.7125 41.5426,-46.1124"/>\n<polygon fill="black" stroke="black" points="45.0427,-46.1043 41.5426,-36.1043 38.0427,-46.1044 45.0427,-46.1043"/>\n</g>\n</g>\n</svg>\n'
>>> 
====== RESTART: /Users/raymond/Dropbox/Public/sj136/rest_api_server.py ======
Bottle v0.12.9 server starting up (using WSGIRefServer())...
Listening on http://localhost:8080/
Hit Ctrl-C to quit.

127.0.0.1 - - [10/Mar/2016 17:10:12] "GET /dot HTTP/1.1" 200 528

====== RESTART: /Users/raymond/Dropbox/Public/sj136/rest_api_server.py ======
Bottle v0.12.9 server starting up (using WSGIRefServer())...
Listening on http://localhost:8080/
Hit Ctrl-C to quit.

127.0.0.1 - - [10/Mar/2016 17:15:11] "POST /dot HTTP/1.1" 200 1786
127.0.0.1 - - [10/Mar/2016 17:17:35] "POST /dot HTTP/1.1" 200 31664
127.0.0.1 - - [10/Mar/2016 17:18:01] "GET /dot HTTP/1.1" 200 528

====== RESTART: /Users/raymond/Dropbox/Public/sj136/rest_api_server.py ======
Bottle v0.12.9 server starting up (using WSGIRefServer())...
Listening on http://localhost:8080/
Hit Ctrl-C to quit.

127.0.0.1 - - [10/Mar/2016 17:20:20] "POST /dot HTTP/1.1" 200 31664
127.0.0.1 - - [10/Mar/2016 17:20:29] "GET /dot HTTP/1.1" 200 3161
>>> 
